Component: ARM Compiler 5.06 update 7 (build 960) Tool: armlink [4d3601]

==============================================================================

Section Cross References

    startup_stm32h743xx.o(STACK) refers (Special) to heapauxi.o(.text) for __use_two_region_memory
    startup_stm32h743xx.o(HEAP) refers (Special) to heapauxi.o(.text) for __use_two_region_memory
    startup_stm32h743xx.o(RESET) refers (Special) to heapauxi.o(.text) for __use_two_region_memory
    startup_stm32h743xx.o(RESET) refers to startup_stm32h743xx.o(STACK) for __initial_sp
    startup_stm32h743xx.o(RESET) refers to startup_stm32h743xx.o(.text) for Reset_Handler
    startup_stm32h743xx.o(RESET) refers to stm32h7xx_it.o(i.NMI_Handler) for NMI_Handler
    startup_stm32h743xx.o(RESET) refers to stm32h7xx_it.o(i.HardFault_Handler) for HardFault_Handler
    startup_stm32h743xx.o(RESET) refers to stm32h7xx_it.o(i.MemManage_Handler) for MemManage_Handler
    startup_stm32h743xx.o(RESET) refers to stm32h7xx_it.o(i.BusFault_Handler) for BusFault_Handler
    startup_stm32h743xx.o(RESET) refers to stm32h7xx_it.o(i.UsageFault_Handler) for UsageFault_Handler
    startup_stm32h743xx.o(RESET) refers to port.o(.emb_text) for SVC_Handler
    startup_stm32h743xx.o(RESET) refers to stm32h7xx_it.o(i.DebugMon_Handler) for DebugMon_Handler
    startup_stm32h743xx.o(RESET) refers to cmsis_os2.o(i.SysTick_Handler) for SysTick_Handler
    startup_stm32h743xx.o(RESET) refers to stm32h7xx_it.o(i.EXTI1_IRQHandler) for EXTI1_IRQHandler
    startup_stm32h743xx.o(RESET) refers to stm32h7xx_it.o(i.FDCAN1_IT0_IRQHandler) for FDCAN1_IT0_IRQHandler
    startup_stm32h743xx.o(RESET) refers to stm32h7xx_it.o(i.FDCAN1_IT1_IRQHandler) for FDCAN1_IT1_IRQHandler
    startup_stm32h743xx.o(RESET) refers to stm32h7xx_it.o(i.TIM1_UP_IRQHandler) for TIM1_UP_IRQHandler
    startup_stm32h743xx.o(RESET) refers to stm32h7xx_it.o(i.TIM8_UP_TIM13_IRQHandler) for TIM8_UP_TIM13_IRQHandler
    startup_stm32h743xx.o(RESET) refers to stm32h7xx_it.o(i.SPI3_IRQHandler) for SPI3_IRQHandler
    startup_stm32h743xx.o(RESET) refers to stm32h7xx_it.o(i.UART4_IRQHandler) for UART4_IRQHandler
    startup_stm32h743xx.o(.text) refers (Special) to heapauxi.o(.text) for __use_two_region_memory
    startup_stm32h743xx.o(.text) refers to system_stm32h7xx.o(i.SystemInit) for SystemInit
    startup_stm32h743xx.o(.text) refers to __main.o(!!!main) for __main
    startup_stm32h743xx.o(.text) refers to startup_stm32h743xx.o(HEAP) for Heap_Mem
    startup_stm32h743xx.o(.text) refers to startup_stm32h743xx.o(STACK) for Stack_Mem
    pb_common.o(i.pb_field_iter_begin) refers to rt_memclr_w.o(.text) for __aeabi_memclr4
    pb_common.o(i.pb_field_iter_begin) refers to pb_common.o(i.load_descriptor_values) for load_descriptor_values
    pb_common.o(i.pb_field_iter_begin_const) refers to pb_common.o(i.pb_const_cast) for pb_const_cast
    pb_common.o(i.pb_field_iter_begin_const) refers to pb_common.o(i.pb_field_iter_begin) for pb_field_iter_begin
    pb_common.o(i.pb_field_iter_begin_extension) refers to pb_common.o(i.pb_field_iter_begin) for pb_field_iter_begin
    pb_common.o(i.pb_field_iter_begin_extension_const) refers to pb_common.o(i.pb_const_cast) for pb_const_cast
    pb_common.o(i.pb_field_iter_begin_extension_const) refers to pb_common.o(i.pb_field_iter_begin_extension) for pb_field_iter_begin_extension
    pb_common.o(i.pb_field_iter_find) refers to pb_common.o(i.advance_iterator) for advance_iterator
    pb_common.o(i.pb_field_iter_find) refers to pb_common.o(i.load_descriptor_values) for load_descriptor_values
    pb_common.o(i.pb_field_iter_find_extension) refers to pb_common.o(i.advance_iterator) for advance_iterator
    pb_common.o(i.pb_field_iter_find_extension) refers to pb_common.o(i.load_descriptor_values) for load_descriptor_values
    pb_common.o(i.pb_field_iter_next) refers to pb_common.o(i.advance_iterator) for advance_iterator
    pb_common.o(i.pb_field_iter_next) refers to pb_common.o(i.load_descriptor_values) for load_descriptor_values
    pb_decode.o(i.buf_read) refers to rt_memcpy_v6.o(.text) for __aeabi_memcpy
    pb_decode.o(i.decode_basic_field) refers to pb_decode.o(i.pb_dec_bool) for pb_dec_bool
    pb_decode.o(i.decode_basic_field) refers to pb_decode.o(i.pb_dec_varint) for pb_dec_varint
    pb_decode.o(i.decode_basic_field) refers to pb_decode.o(i.pb_decode_fixed32) for pb_decode_fixed32
    pb_decode.o(i.decode_basic_field) refers to pb_decode.o(i.pb_decode_fixed64) for pb_decode_fixed64
    pb_decode.o(i.decode_basic_field) refers to pb_decode.o(i.pb_dec_bytes) for pb_dec_bytes
    pb_decode.o(i.decode_basic_field) refers to pb_decode.o(i.pb_dec_string) for pb_dec_string
    pb_decode.o(i.decode_basic_field) refers to pb_decode.o(i.pb_dec_submessage) for pb_dec_submessage
    pb_decode.o(i.decode_basic_field) refers to pb_decode.o(i.pb_dec_fixed_length_bytes) for pb_dec_fixed_length_bytes
[...]
    CLEAR_OUTPUT                             0x08000a39   Thumb Code    36  main.o(i.CLEAR_OUTPUT)
    DIAG1_RUN                                0x08000ab5   Thumb Code   152  freertos_tasks.o(i.DIAG1_RUN)
    DIAG2_3_RUN                              0x08000b65   Thumb Code   188  freertos_tasks.o(i.DIAG2_3_RUN)
    DIAG4_RUN                                0x08000c41   Thumb Code   360  freertos_tasks.o(i.DIAG4_RUN)
    DIAG5_RUN                                0x08000de5   Thumb Code   224  freertos_tasks.o(i.DIAG5_RUN)
    DIAG6_RUN                                0x08000f01   Thumb Code    36  freertos_tasks.o(i.DIAG6_RUN)
    DIAG7_8_RUN                              0x08000f2d   Thumb Code   140  freertos_tasks.o(i.DIAG7_8_RUN)
    DIAG9_RUN                                0x08000fd1   Thumb Code   140  freertos_tasks.o(i.DIAG9_RUN)
    DebugMon_Handler                         0x08001075   Thumb Code     2  stm32h7xx_it.o(i.DebugMon_Handler)
    EDR_Transmitter                          0x08001079   Thumb Code   220  freertos_tasks.o(i.EDR_Transmitter)
    EXTI1_IRQHandler                         0x0800116d   Thumb Code     6  stm32h7xx_it.o(i.EXTI1_IRQHandler)
    Error_Handler                            0x08001173   Thumb Code     4  main.o(i.Error_Handler)
    FDCAN1_IT0_IRQHandler                    0x08001241   Thumb Code     6  stm32h7xx_it.o(i.FDCAN1_IT0_IRQHandler)
    FDCAN1_IT1_IRQHandler                    0x0800124d   Thumb Code     6  stm32h7xx_it.o(i.FDCAN1_IT1_IRQHandler)
    FDCAN_DISABLE_INTERRUPTS                 0x08001481   Thumb Code    12  main.o(i.FDCAN_DISABLE_INTERRUPTS)
    FDCAN_ENABLE_INTERRUPTS                  0x08001491   Thumb Code    12  main.o(i.FDCAN_ENABLE_INTERRUPTS)
    HAL_DMA_Abort                            0x080014a1   Thumb Code   880  stm32h7xx_hal_dma.o(i.HAL_DMA_Abort)
    HAL_DMA_Abort_IT                         0x0800181d   Thumb Code   674  stm32h7xx_hal_dma.o(i.HAL_DMA_Abort_IT)
    HAL_Delay                                0x08001acd   Thumb Code    32  stm32h7xx_hal.o(i.HAL_Delay)
    HAL_FDCAN_ActivateNotification           0x08001af1   Thumb Code   122  stm32h7xx_hal_fdcan.o(i.HAL_FDCAN_ActivateNotification)
    HAL_FDCAN_AddMessageToTxFifoQ            0x08001b75   Thumb Code   108  stm32h7xx_hal_fdcan.o(i.HAL_FDCAN_AddMessageToTxFifoQ)
    HAL_FDCAN_ClockCalibrationCallback       0x08001be1   Thumb Code     2  stm32h7xx_hal_fdcan.o(i.HAL_FDCAN_ClockCalibrationCallback)
    HAL_FDCAN_ConfigFilter                   0x08001be3   Thumb Code   136  stm32h7xx_hal_fdcan.o(i.HAL_FDCAN_ConfigFilter)
    HAL_FDCAN_ConfigGlobalFilter             0x08001c6b   Thumb Code    48  stm32h7xx_hal_fdcan.o(i.HAL_FDCAN_ConfigGlobalFilter)
    HAL_FDCAN_ConfigTimestampCounter         0x08001c9b   Thumb Code    38  stm32h7xx_hal_fdcan.o(i.HAL_FDCAN_ConfigTimestampCounter)
    HAL_FDCAN_ErrorCallback                  0x08001cc1   Thumb Code     2  stm32h7xx_hal_fdcan.o(i.HAL_FDCAN_ErrorCallback)
    HAL_FDCAN_ErrorStatusCallback            0x08001cc3   Thumb Code     2  stm32h7xx_hal_fdcan.o(i.HAL_FDCAN_ErrorStatusCallback)
    HAL_FDCAN_GetRxFifoFillLevel             0x08001cc5   Thumb Code    26  stm32h7xx_hal_fdcan.o(i.HAL_FDCAN_GetRxFifoFillLevel)
    HAL_FDCAN_GetRxMessage                   0x08001ce1   Thumb Code   426  stm32h7xx_hal_fdcan.o(i.HAL_FDCAN_GetRxMessage)
    HAL_FDCAN_HighPriorityMessageCallback    0x08001e91   Thumb Code     2  stm32h7xx_hal_fdcan.o(i.HAL_FDCAN_HighPriorityMessageCallback)
    HAL_FDCAN_IRQHandler                     0x08001e95   Thumb Code   734  stm32h7xx_hal_fdcan.o(i.HAL_FDCAN_IRQHandler)
    HAL_FDCAN_Init                           0x08002181   Thumb Code   608  stm32h7xx_hal_fdcan.o(i.HAL_FDCAN_Init)
    HAL_FDCAN_MspInit                        0x080023e9   Thumb Code   158  stm32h7xx_hal_msp.o(i.HAL_FDCAN_MspInit)
    HAL_FDCAN_RxBufferNewMessageCallback     0x08002495   Thumb Code     2  stm32h7xx_hal_fdcan.o(i.HAL_FDCAN_RxBufferNewMessageCallback)
    HAL_FDCAN_RxFifo0Callback                0x08002499   Thumb Code   916  main.o(i.HAL_FDCAN_RxFifo0Callback)
    HAL_FDCAN_RxFifo1Callback                0x08002855   Thumb Code     2  stm32h7xx_hal_fdcan.o(i.HAL_FDCAN_RxFifo1Callback)
    HAL_FDCAN_Start                          0x08002857   Thumb Code    48  stm32h7xx_hal_fdcan.o(i.HAL_FDCAN_Start)
    HAL_FDCAN_TT_GlobalTimeCallback          0x08002887   Thumb Code     2  stm32h7xx_hal_fdcan.o(i.HAL_FDCAN_TT_GlobalTimeCallback)
    HAL_FDCAN_TT_ScheduleSyncCallback        0x08002889   Thumb Code     2  stm32h7xx_hal_fdcan.o(i.HAL_FDCAN_TT_ScheduleSyncCallback)
    HAL_FDCAN_TT_StopWatchCallback           0x0800288b   Thumb Code     2  stm32h7xx_hal_fdcan.o(i.HAL_FDCAN_TT_StopWatchCallback)
    HAL_FDCAN_TT_TimeMarkCallback            0x0800288d   Thumb Code     2  stm32h7xx_hal_fdcan.o(i.HAL_FDCAN_TT_TimeMarkCallback)
    HAL_FDCAN_TimeoutOccurredCallback        0x0800288f   Thumb Code     2  stm32h7xx_hal_fdcan.o(i.HAL_FDCAN_TimeoutOccurredCallback)
    HAL_FDCAN_TimestampWraparoundCallback    0x08002891   Thumb Code     2  stm32h7xx_hal_fdcan.o(i.HAL_FDCAN_TimestampWraparoundCallback)
    HAL_FDCAN_TxBufferAbortCallback          0x08002893   Thumb Code     2  stm32h7xx_hal_fdcan.o(i.HAL_FDCAN_TxBufferAbortCallback)
    HAL_FDCAN_TxBufferCompleteCallback       0x08002895   Thumb Code     2  stm32h7xx_hal_fdcan.o(i.HAL_FDCAN_TxBufferCompleteCallback)
    HAL_FDCAN_TxEventFifoCallback            0x08002897   Thumb Code     2  stm32h7xx_hal_fdcan.o(i.HAL_FDCAN_TxEventFifoCallback)
    HAL_FDCAN_TxFifoEmptyCallback            0x08002899   Thumb Code     2  stm32h7xx_hal_fdcan.o(i.HAL_FDCAN_TxFifoEmptyCallback)
    HAL_GPIO_EXTI_Callback                   0x0800289d   Thumb Code    58  main.o(i.HAL_GPIO_EXTI_Callback)
    HAL_GPIO_EXTI_IRQHandler                 0x080028e5   Thumb Code    24  stm32h7xx_hal_gpio.o(i.HAL_GPIO_EXTI_IRQHandler)
    HAL_GPIO_Init                            0x080028fd   Thumb Code   498  stm32h7xx_hal_gpio.o(i.HAL_GPIO_Init)
    HAL_GPIO_TogglePin                       0x08002b21   Thumb Code    16  stm32h7xx_hal_gpio.o(i.HAL_GPIO_TogglePin)
    HAL_GPIO_WritePin                        0x08002b31   Thumb Code    14  stm32h7xx_hal_gpio.o(i.HAL_GPIO_WritePin)
    HAL_GetREVID                             0x08002b41   Thumb Code     8  stm32h7xx_hal.o(i.HAL_GetREVID)
    HAL_GetTick                              0x08002b4d   Thumb Code     6  stm32h7xx_hal.o(i.HAL_GetTick)
    HAL_IncTick                              0x08002b59   Thumb Code    12  stm32h7xx_hal.o(i.HAL_IncTick)
    HAL_Init                                 0x08002b69   Thumb Code    74  stm32h7xx_hal.o(i.HAL_Init)
    HAL_InitTick                             0x08002bc5   Thumb Code   124  stm32h7xx_hal_timebase_tim.o(i.HAL_InitTick)
    HAL_MspInit                              0x08002c55   Thumb Code    32  stm32h7xx_hal_msp.o(i.HAL_MspInit)
    HAL_NVIC_EnableIRQ                       0x08002c79   Thumb Code    26  stm32h7xx_hal_cortex.o(i.HAL_NVIC_EnableIRQ)
    HAL_NVIC_SetPriority                     0x08002c95   Thumb Code    60  stm32h7xx_hal_cortex.o(i.HAL_NVIC_SetPriority)
    HAL_NVIC_SetPriorityGrouping             0x08002cd5   Thumb Code    26  stm32h7xx_hal_cortex.o(i.HAL_NVIC_SetPriorityGrouping)
    HAL_PWREx_ConfigSupply                   0x08002cf9   Thumb Code    82  stm32h7xx_hal_pwr_ex.o(i.HAL_PWREx_ConfigSupply)
    HAL_PWR_EnableBkUpAccess                 0x08002d51   Thumb Code    12  stm32h7xx_hal_pwr.o(i.HAL_PWR_EnableBkUpAccess)
    HAL_RCCEx_GetD3PCLK1Freq                 0x08002d61   Thumb Code    26  stm32h7xx_hal_rcc_ex.o(i.HAL_RCCEx_GetD3PCLK1Freq)
    HAL_RCCEx_GetPLL2ClockFreq               0x08002d85   Thumb Code   424  stm32h7xx_hal_rcc_ex.o(i.HAL_RCCEx_GetPLL2ClockFreq)
    HAL_RCCEx_GetPLL3ClockFreq               0x08002f45   Thumb Code   424  stm32h7xx_hal_rcc_ex.o(i.HAL_RCCEx_GetPLL3ClockFreq)
    HAL_RCCEx_PeriphCLKConfig                0x08003105   Thumb Code  2558  stm32h7xx_hal_rcc_ex.o(i.HAL_RCCEx_PeriphCLKConfig)
    HAL_RCC_ClockConfig                      0x08003b09   Thumb Code   604  stm32h7xx_hal_rcc.o(i.HAL_RCC_ClockConfig)
    HAL_RCC_GetClockConfig                   0x08003d85   Thumb Code    86  stm32h7xx_hal_rcc.o(i.HAL_RCC_GetClockConfig)
    HAL_RCC_GetHCLKFreq                      0x08003de5   Thumb Code    52  stm32h7xx_hal_rcc.o(i.HAL_RCC_GetHCLKFreq)
    HAL_RCC_GetPCLK1Freq                     0x08003e29   Thumb Code    26  stm32h7xx_hal_rcc.o(i.HAL_RCC_GetPCLK1Freq)
    HAL_RCC_GetPCLK2Freq                     0x08003e4d   Thumb Code    26  stm32h7xx_hal_rcc.o(i.HAL_RCC_GetPCLK2Freq)
    HAL_RCC_GetSysClockFreq                  0x08003e71   Thumb Code   402  stm32h7xx_hal_rcc.o(i.HAL_RCC_GetSysClockFreq)
    HAL_RCC_OscConfig                        0x08004025   Thumb Code  1664  stm32h7xx_hal_rcc.o(i.HAL_RCC_OscConfig)
    HAL_RTC_Init                             0x080046a9   Thumb Code   156  stm32h7xx_hal_rtc.o(i.HAL_RTC_Init)
    HAL_RTC_MspInit                          0x08004749   Thumb Code    60  stm32h7xx_hal_msp.o(i.HAL_RTC_MspInit)
    HAL_RTC_SetDate                          0x0800478d   Thumb Code   160  stm32h7xx_hal_rtc.o(i.HAL_RTC_SetDate)
    HAL_RTC_SetTime                          0x08004831   Thumb Code   198  stm32h7xx_hal_rtc.o(i.HAL_RTC_SetTime)
    HAL_RTC_WaitForSynchro                   0x080048fd   Thumb Code    48  stm32h7xx_hal_rtc.o(i.HAL_RTC_WaitForSynchro)
    HAL_SPI_ErrorCallback                    0x08004931   Thumb Code     2  stm32h7xx_hal_spi.o(i.HAL_SPI_ErrorCallback)
    HAL_SPI_IRQHandler                       0x08004935   Thumb Code   554  stm32h7xx_hal_spi.o(i.HAL_SPI_IRQHandler)
    HAL_SPI_Init                             0x08004b65   Thumb Code   360  stm32h7xx_hal_spi.o(i.HAL_SPI_Init)
    HAL_SPI_MspInit                          0x08004cd9   Thumb Code   160  stm32h7xx_hal_msp.o(i.HAL_SPI_MspInit)
    HAL_SPI_RxCpltCallback                   0x08004d85   Thumb Code     2  stm32h7xx_hal_spi.o(i.HAL_SPI_RxCpltCallback)
    HAL_SPI_SuspendCallback                  0x08004d87   Thumb Code     2  stm32h7xx_hal_spi.o(i.HAL_SPI_SuspendCallback)
    HAL_SPI_TransmitReceive_IT               0x08004d89   Thumb Code   172  stm32h7xx_hal_spi.o(i.HAL_SPI_TransmitReceive_IT)
    HAL_SPI_TxCpltCallback                   0x08004e3d   Thumb Code     2  stm32h7xx_hal_spi.o(i.HAL_SPI_TxCpltCallback)
    HAL_SPI_TxRxCpltCallback                 0x08004e41   Thumb Code   218  main.o(i.HAL_SPI_TxRxCpltCallback)
    HAL_TIMEx_Break2Callback                 0x08004f39   Thumb Code     2  stm32h7xx_hal_tim_ex.o(i.HAL_TIMEx_Break2Callback)
    HAL_TIMEx_BreakCallback                  0x08004f3b   Thumb Code     2  stm32h7xx_hal_tim_ex.o(i.HAL_TIMEx_BreakCallback)
    HAL_TIMEx_CommutCallback                 0x08004f3d   Thumb Code     2  stm32h7xx_hal_tim_ex.o(i.HAL_TIMEx_CommutCallback)
    HAL_TIMEx_MasterConfigSynchronization    0x08004f41   Thumb Code   132  stm32h7xx_hal_tim_ex.o(i.HAL_TIMEx_MasterConfigSynchronization)
    HAL_TIM_Base_Init                        0x08004fe1   Thumb Code    78  stm32h7xx_hal_tim.o(i.HAL_TIM_Base_Init)
    HAL_TIM_Base_MspInit                     0x08005031   Thumb Code    50  stm32h7xx_hal_msp.o(i.HAL_TIM_Base_MspInit)
    HAL_TIM_Base_Start_IT                    0x0800506d   Thumb Code   116  stm32h7xx_hal_tim.o(i.HAL_TIM_Base_Start_IT)
    HAL_TIM_ConfigClockSource                0x08005101   Thumb Code   260  stm32h7xx_hal_tim.o(i.HAL_TIM_ConfigClockSource)
    HAL_TIM_IC_CaptureCallback               0x08005209   Thumb Code     2  stm32h7xx_hal_tim.o(i.HAL_TIM_IC_CaptureCallback)
    HAL_TIM_IRQHandler                       0x0800520b   Thumb Code   396  stm32h7xx_hal_tim.o(i.HAL_TIM_IRQHandler)
    HAL_TIM_OC_DelayElapsedCallback          0x08005397   Thumb Code     2  stm32h7xx_hal_tim.o(i.HAL_TIM_OC_DelayElapsedCallback)
    HAL_TIM_PWM_PulseFinishedCallback        0x08005399   Thumb Code     2  stm32h7xx_hal_tim.o(i.HAL_TIM_PWM_PulseFinishedCallback)
    HAL_TIM_PeriodElapsedCallback            0x0800539d   Thumb Code    30  main.o(i.HAL_TIM_PeriodElapsedCallback)
    HAL_TIM_TriggerCallback                  0x080053c9   Thumb Code     2  stm32h7xx_hal_tim.o(i.HAL_TIM_TriggerCallback)
    HAL_UARTEx_DisableFifoMode               0x080053cb   Thumb Code    62  stm32h7xx_hal_uart_ex.o(i.HAL_UARTEx_DisableFifoMode)
    HAL_UARTEx_RxEventCallback               0x08005409   Thumb Code     2  stm32h7xx_hal_uart.o(i.HAL_UARTEx_RxEventCallback)
    HAL_UARTEx_RxFifoFullCallback            0x0800540b   Thumb Code     2  stm32h7xx_hal_uart_ex.o(i.HAL_UARTEx_RxFifoFullCallback)
    HAL_UARTEx_SetRxFifoThreshold            0x0800540d   Thumb Code    76  stm32h7xx_hal_uart_ex.o(i.HAL_UARTEx_SetRxFifoThreshold)
    HAL_UARTEx_SetTxFifoThreshold            0x08005459   Thumb Code    76  stm32h7xx_hal_uart_ex.o(i.HAL_UARTEx_SetTxFifoThreshold)
    HAL_UARTEx_TxFifoEmptyCallback           0x080054a5   Thumb Code     2  stm32h7xx_hal_uart_ex.o(i.HAL_UARTEx_TxFifoEmptyCallback)
    HAL_UARTEx_WakeupCallback                0x080054a7   Thumb Code     2  stm32h7xx_hal_uart_ex.o(i.HAL_UARTEx_WakeupCallback)
    HAL_UART_ErrorCallback                   0x080054a9   Thumb Code     2  stm32h7xx_hal_uart.o(i.HAL_UART_ErrorCallback)
    HAL_UART_IRQHandler                      0x080054ad   Thumb Code   894  stm32h7xx_hal_uart.o(i.HAL_UART_IRQHandler)
    HAL_UART_Init                            0x08005841   Thumb Code   112  stm32h7xx_hal_uart.o(i.HAL_UART_Init)
    HAL_UART_MspInit                         0x080058b1   Thumb Code   138  stm32h7xx_hal_msp.o(i.HAL_UART_MspInit)
    HAL_UART_Receive                         0x08005949   Thumb Code   240  stm32h7xx_hal_uart.o(i.HAL_UART_Receive)
    HAL_UART_Transmit                        0x08005a39   Thumb Code   184  stm32h7xx_hal_uart.o(i.HAL_UART_Transmit)
    HAL_UART_TxCpltCallback                  0x08005af1   Thumb Code     2  stm32h7xx_hal_uart.o(i.HAL_UART_TxCpltCallback)
    HardFault_Handler                        0x08005af3   Thumb Code     2  stm32h7xx_it.o(i.HardFault_Handler)
    Init_test_run                            0x08005af5   Thumb Code    22  freertos_tasks.o(i.Init_test_run)
    MemManage_Handler                        0x08005ead   Thumb Code     2  stm32h7xx_it.o(i.MemManage_Handler)
    NMI_Handler                              0x08005eaf   Thumb Code     2  stm32h7xx_it.o(i.NMI_Handler)
    RTC_ByteToBcd2                           0x080060f9   Thumb Code    22  stm32h7xx_hal_rtc.o(i.RTC_ByteToBcd2)
    RTC_EnterInitMode                        0x0800610f   Thumb Code    68  stm32h7xx_hal_rtc.o(i.RTC_EnterInitMode)
    RTC_ExitInitMode                         0x08006155   Thumb Code    80  stm32h7xx_hal_rtc.o(i.RTC_ExitInitMode)
    SBR1_RUN                                 0x080061a9   Thumb Code   380  freertos_tasks.o(i.SBR1_RUN)
    SBR2_RUN                                 0x08006355   Thumb Code   284  freertos_tasks.o(i.SBR2_RUN)
    SBR3_4_RUN                               0x080064a1   Thumb Code   284  freertos_tasks.o(i.SBR3_4_RUN)
    SBR5_RUN                                 0x080065ed   Thumb Code   306  freertos_tasks.o(i.SBR5_RUN)
    SBR6_RUN                                 0x08006751   Thumb Code   416  freertos_tasks.o(i.SBR6_RUN)
    SBR7_RUN                                 0x0800691d   Thumb Code   292  freertos_tasks.o(i.SBR7_RUN)
    SPI3_IRQHandler                          0x08006a71   Thumb Code     6  stm32h7xx_it.o(i.SPI3_IRQHandler)
    Send_periodic_start                      0x08006bc1   Thumb Code   244  freertos_tasks.o(i.Send_periodic_start)
    SysTick_Handler                          0x08006ce9   Thumb Code    26  cmsis_os2.o(i.SysTick_Handler)
    SystemClock_Config                       0x08006d05   Thumb Code   234  main.o(i.SystemClock_Config)
    SystemInit                               0x08006dfd   Thumb Code   178  system_stm32h7xx.o(i.SystemInit)
    TIM1_UP_IRQHandler                       0x08006ed9   Thumb Code     6  stm32h7xx_it.o(i.TIM1_UP_IRQHandler)
    TIM8_UP_TIM13_IRQHandler                 0x08006ee5   Thumb Code     6  stm32h7xx_it.o(i.TIM8_UP_TIM13_IRQHandler)
    TIM_Base_SetConfig                       0x08006ef1   Thumb Code   160  stm32h7xx_hal_tim.o(i.TIM_Base_SetConfig)
    TIM_ETR_SetConfig                        0x08006fb1   Thumb Code    20  stm32h7xx_hal_tim.o(i.TIM_ETR_SetConfig)
    UART4_IRQHandler                         0x08007021   Thumb Code     6  stm32h7xx_it.o(i.UART4_IRQHandler)
    UART_AdvFeatureConfig                    0x08007075   Thumb Code   200  stm32h7xx_hal_uart.o(i.UART_AdvFeatureConfig)
    UART_CheckIdleState                      0x0800713d   Thumb Code   170  stm32h7xx_hal_uart.o(i.UART_CheckIdleState)
    UART_SetConfig                           0x08007275   Thumb Code  1168  stm32h7xx_hal_uart.o(i.UART_SetConfig)
    UART_WaitOnFlagUntilTimeout              0x08007705   Thumb Code   144  stm32h7xx_hal_uart.o(i.UART_WaitOnFlagUntilTimeout)
    UDS1_RUN                                 0x08007795   Thumb Code   280  freertos_tasks.o(i.UDS1_RUN)
    UDS2_RUN                                 0x080078d9   Thumb Code   812  freertos_tasks.o(i.UDS2_RUN)
    UDS3_RUN                                 0x08007c35   Thumb Code   526  freertos_tasks.o(i.UDS3_RUN)
    UDS_READ_ERRORS                          0x08007e71   Thumb Code   244  main.o(i.UDS_READ_ERRORS)
    UsageFault_Handler                       0x08007f79   Thumb Code     2  stm32h7xx_it.o(i.UsageFault_Handler)
    __hardfp_round                           0x08007fa1   Thumb Code   136  round.o(i.__hardfp_round)
    main                                     0x08008ac1   Thumb Code   356  main.o(i.main)
    osDelay                                  0x08008c91   Thumb Code    28  cmsis_os2.o(i.osDelay)
    osKernelInitialize                       0x08008cad   Thumb Code    34  cmsis_os2.o(i.osKernelInitialize)
    osKernelStart                            0x08008cd5   Thumb Code    48  cmsis_os2.o(i.osKernelStart)
    osThreadNew                              0x08008d0d   Thumb Code   186  cmsis_os2.o(i.osThreadNew)
    pb_close_string_substream                0x08008f11   Thumb Code    38  pb_decode.o(i.pb_close_string_substream)
    pb_decode                                0x08009325   Thumb Code     6  pb_decode.o(i.pb_decode)
    pb_decode_bool                           0x0800932b   Thumb Code    28  pb_decode.o(i.pb_decode_bool)
    pb_decode_fixed32                        0x08009347   Thumb Code    52  pb_decode.o(i.pb_decode_fixed32)
    pb_decode_fixed64                        0x0800937b   Thumb Code    92  pb_decode.o(i.pb_decode_fixed64)
    pb_decode_svarint                        0x08009605   Thumb Code    60  pb_decode.o(i.pb_decode_svarint)
    pb_decode_tag                            0x08009641   Thumb Code    46  pb_decode.o(i.pb_decode_tag)
    pb_decode_varint                         0x08009671   Thumb Code    94  pb_decode.o(i.pb_decode_varint)
    pb_decode_varint32                       0x080096e1   Thumb Code     6  pb_decode.o(i.pb_decode_varint32)
    pb_default_field_callback                0x080097b1   Thumb Code    50  pb_common.o(i.pb_default_field_callback)
    pb_encode                                0x08009a1d   Thumb Code    76  pb_encode.o(i.pb_encode)
    pb_encode_fixed32                        0x08009a69   Thumb Code    36  pb_encode.o(i.pb_encode_fixed32)
    pb_encode_fixed64                        0x08009a8d   Thumb Code    70  pb_encode.o(i.pb_encode_fixed64)
    pb_encode_string                         0x08009ad3   Thumb Code    38  pb_encode.o(i.pb_encode_string)
    pb_encode_submessage                     0x08009af9   Thumb Code   164  pb_encode.o(i.pb_encode_submessage)
    pb_encode_svarint                        0x08009bbd   Thumb Code    36  pb_encode.o(i.pb_encode_svarint)
    pb_encode_tag                            0x08009be1   Thumb Code    10  pb_encode.o(i.pb_encode_tag)
    pb_encode_tag_for_field                  0x08009bed   Thumb Code    60  pb_encode.o(i.pb_encode_tag_for_field)
    pb_encode_varint                         0x08009c3d   Thumb Code    36  pb_encode.o(i.pb_encode_varint)
    pb_field_iter_begin                      0x08009cb7   Thumb Code    30  pb_common.o(i.pb_field_iter_begin)
    pb_field_iter_begin_const                0x08009cd5   Thumb Code    26  pb_common.o(i.pb_field_iter_begin_const)
    pb_field_iter_begin_extension            0x08009cef   Thumb Code    46  pb_common.o(i.pb_field_iter_begin_extension)
    pb_field_iter_begin_extension_const      0x08009d1d   Thumb Code    22  pb_common.o(i.pb_field_iter_begin_extension_const)
    pb_field_iter_find                       0x08009d33   Thumb Code   112  pb_common.o(i.pb_field_iter_find)
    pb_field_iter_find_extension             0x08009da3   Thumb Code    70  pb_common.o(i.pb_field_iter_find_extension)
    pb_field_iter_next                       0x08009de9   Thumb Code    26  pb_common.o(i.pb_field_iter_next)
    pb_istream_from_buffer                   0x08009ec5   Thumb Code    28  pb_decode.o(i.pb_istream_from_buffer)
    pb_make_string_substream                 0x08009ee5   Thumb Code    60  pb_decode.o(i.pb_make_string_substream)
    pb_ostream_from_buffer                   0x08009fd1   Thumb Code    30  pb_encode.o(i.pb_ostream_from_buffer)
    pb_read                                  0x08009ff5   Thumb Code   124  pb_decode.o(i.pb_read)
    pb_skip_field                            0x0800a0e5   Thumb Code    54  pb_decode.o(i.pb_skip_field)
    pb_write                                 0x0800a171   Thumb Code    70  pb_encode.o(i.pb_write)
    pvPortMalloc                             0x0800a9ed   Thumb Code   214  heap_4.o(i.pvPortMalloc)
    pxPortInitialiseStack                    0x0800aac9   Thumb Code    30  port.o(i.pxPortInitialiseStack)
    ulTaskNotifyTake                         0x0800aba9   Thumb Code    96  tasks.o(i.ulTaskNotifyTake)
    uxListRemove                             0x0800ac11   Thumb Code    38  list.o(i.uxListRemove)
    vApplicationGetIdleTaskMemory            0x0800ac39   Thumb Code    16  cmsis_os2.o(i.vApplicationGetIdleTaskMemory)
    vApplicationGetTimerTaskMemory           0x0800ac4d   Thumb Code    18  cmsis_os2.o(i.vApplicationGetTimerTaskMemory)
    vApplicationIdleHook                     0x0800ac65   Thumb Code   574  freertos_tasks.o(i.vApplicationIdleHook)
    vListInitialise                          0x0800aef5   Thumb Code    22  list.o(i.vListInitialise)
    vListInitialiseItem                      0x0800af0b   Thumb Code     6  list.o(i.vListInitialiseItem)
    vListInsert                              0x0800af11   Thumb Code    48  list.o(i.vListInsert)
    vListInsertEnd                           0x0800af41   Thumb Code    24  list.o(i.vListInsertEnd)
    vPortEnterCritical                       0x0800af59   Thumb Code    54  port.o(i.vPortEnterCritical)
    vPortExitCritical                        0x0800af99   Thumb Code    38  port.o(i.vPortExitCritical)
    vPortFree                                0x0800afc5   Thumb Code    94  heap_4.o(i.vPortFree)
    vPortSetupTimerInterrupt                 0x0800b029   Thumb Code    32  port.o(i.vPortSetupTimerInterrupt)
    vPortValidateInterruptPriority           0x0800b04d   Thumb Code    74  port.o(i.vPortValidateInterruptPriority)
    vQueueAddToRegistry                      0x0800b0a1   Thumb Code    32  queue.o(i.vQueueAddToRegistry)
    vQueueWaitForMessageRestricted           0x0800b0c5   Thumb Code    70  queue.o(i.vQueueWaitForMessageRestricted)
    vTaskDelay                               0x0800b10d   Thumb Code    70  tasks.o(i.vTaskDelay)
    vTaskInternalSetTimeOutState             0x0800b15d   Thumb Code    12  tasks.o(i.vTaskInternalSetTimeOutState)
    vTaskMissedYield                         0x0800b16d   Thumb Code     8  tasks.o(i.vTaskMissedYield)
    vTaskPlaceOnEventList                    0x0800b179   Thumb Code    46  tasks.o(i.vTaskPlaceOnEventList)
    vTaskPlaceOnEventListRestricted          0x0800b1ad   Thumb Code    54  tasks.o(i.vTaskPlaceOnEventListRestricted)
    vTaskStartScheduler                      0x0800b1e9   Thumb Code   126  tasks.o(i.vTaskStartScheduler)
    vTaskSuspendAll                          0x0800b279   Thumb Code    10  tasks.o(i.vTaskSuspendAll)
    vTaskSwitchContext                       0x0800b289   Thumb Code    94  tasks.o(i.vTaskSwitchContext)
    xPortStartScheduler                      0x0800b2f1   Thumb Code   222  port.o(i.xPortStartScheduler)
    xPortSysTickHandler                      0x0800b3e5   Thumb Code    38  port.o(i.xPortSysTickHandler)
    xQueueGenericCreateStatic                0x0800b411   Thumb Code   108  queue.o(i.xQueueGenericCreateStatic)
    xQueueGenericReset                       0x0800b47d   Thumb Code   134  queue.o(i.xQueueGenericReset)
    xQueueGenericSend                        0x0800b509   Thumb Code   352  queue.o(i.xQueueGenericSend)
    xQueueGenericSendFromISR                 0x0800b66d   Thumb Code   192  queue.o(i.xQueueGenericSendFromISR)
    xQueueReceive                            0x0800b72d   Thumb Code   310  queue.o(i.xQueueReceive)
    xTaskCheckForTimeOut                     0x0800b869   Thumb Code   118  tasks.o(i.xTaskCheckForTimeOut)
    xTaskCreate                              0x0800b8e5   Thumb Code   100  tasks.o(i.xTaskCreate)
    xTaskCreateStatic                        0x0800b949   Thumb Code    92  tasks.o(i.xTaskCreateStatic)
    xTaskGenericNotify                       0x0800b9a5   Thumb Code   218  tasks.o(i.xTaskGenericNotify)
    xTaskGetSchedulerState                   0x0800ba8d   Thumb Code    24  tasks.o(i.xTaskGetSchedulerState)
    xTaskGetTickCount                        0x0800baa9   Thumb Code     6  tasks.o(i.xTaskGetTickCount)
    xTaskIncrementTick                       0x0800bab5   Thumb Code   196  tasks.o(i.xTaskIncrementTick)
    xTaskNotifyStateClear                    0x0800bb81   Thumb Code    46  tasks.o(i.xTaskNotifyStateClear)
    xTaskPriorityDisinherit                  0x0800bbb5   Thumb Code   116  tasks.o(i.xTaskPriorityDisinherit)
    xTaskRemoveFromEventList                 0x0800bc31   Thumb Code   106  tasks.o(i.xTaskRemoveFromEventList)
    xTaskResumeAll                           0x0800bca9   Thumb Code   184  tasks.o(i.xTaskResumeAll)
    xTimerCreateTimerTask                    0x0800bd71   Thumb Code    86  timers.o(i.xTimerCreateTimerTask)
    xTimerGenericCommand                     0x0800bdd9   Thumb Code   104  timers.o(i.xTimerGenericCommand)
    __fpl_dnaninf                            0x0800be45   Thumb Code   156  dnaninf.o(x$fpl$dnaninf)
    _drnd                                    0x0800bee1   Thumb Code   180  drnd.o(x$fpl$drnd)
    _fp_init                                 0x0800bf95   Thumb Code    10  fpinit.o(x$fpl$fpinit)
    __fplib_config_fpu_vfp                   0x0800bf9d   Thumb Code     0  fpinit.o(x$fpl$fpinit)
    __fplib_config_pureend_doubles           0x0800bf9d   Thumb Code     0  fpinit.o(x$fpl$fpinit)
    __I$use$fp                               0x0800bf9e   Number         0  usenofp.o(x$fpl$usenofp)
    TestData_field_info                      0x0800bfa0   Data         108  sto_tests_v2_nanopb.pb.o(.constdata)
    TestData_submsg_info                     0x0800c00c   Data           8  sto_tests_v2_nanopb.pb.o(.constdata)
    TestData_msg                             0x0800c014   Data          24  sto_tests_v2_nanopb.pb.o(.constdata)
    CanFrame_field_info                      0x0800c02c   Data          24  sto_tests_v2_nanopb.pb.o(.constdata)
    CanFrame_submsg_info                     0x0800c044   Data           4  sto_tests_v2_nanopb.pb.o(.constdata)
    CanFrame_msg                             0x0800c048   Data          24  sto_tests_v2_nanopb.pb.o(.constdata)
    Request0x0cmd                            0x0800c060   Data           4  main.o(.constdata)
    Request0x2cmd                            0x0800c064   Data           4  main.o(.constdata)
    Init_test_attributes                     0x0800c068   Data          36  main.o(.constdata)
    CAN_period_attributes                    0x0800c08c   Data          36  main.o(.constdata)
    Accelerometer_run_attributes             0x0800c0b0   Data          36  main.o(.constdata)
    Accelerometer_period_attributes          0x0800c0d4   Data          36  main.o(.constdata)
    Send_periodic_attributes                 0x0800c0f8   Data          36  main.o(.constdata)
    SBR1_attributes                          0x0800c11c   Data          36  main.o(.constdata)
    SBR2_attributes                          0x0800c140   Data          36  main.o(.constdata)
    SBR3_4_attributes                        0x0800c164   Data          36  main.o(.constdata)
    SBR5_attributes                          0x0800c188   Data          36  main.o(.constdata)
    SBR6_attributes                          0x0800c1ac   Data          36  main.o(.constdata)
    SBR7_attributes                          0x0800c1d0   Data          36  main.o(.constdata)
    UDS1_attributes                          0x0800c1f4   Data          36  main.o(.constdata)
    UDS2_attributes                          0x0800c218   Data          36  main.o(.constdata)
    UDS3_attributes                          0x0800c23c   Data          36  main.o(.constdata)
    DIAG1_attributes                         0x0800c260   Data          36  main.o(.constdata)
    DIAG2_3attributes                        0x0800c284   Data          36  main.o(.constdata)
    DIAG4_attributes                         0x0800c2a8   Data          36  main.o(.constdata)
    DIAG5_attributes                         0x0800c2cc   Data          36  main.o(.constdata)
    DIAG6_attributes                         0x0800c2f0   Data          36  main.o(.constdata)
    DIAG7_8_attributes                       0x0800c314   Data          36  main.o(.constdata)
    DIAG9_attributes                         0x0800c338   Data          36  main.o(.constdata)
    EDR_attributes                           0x0800c35c   Data          36  main.o(.constdata)
    UARTPrescTable                           0x0800c3dc   Data          24  stm32h7xx_hal_uart.o(.constdata)
    D1CorePrescTable                         0x0800c404   Data          16  system_stm32h7xx.o(.constdata)
    Region$$Table$$Base                      0x0800c4f0   Number         0  anon$$obj.o(Region$$Table)
    Region$$Table$$Limit                     0x0800c510   Number         0  anon$$obj.o(Region$$Table)
    SEND_PERIODIC_MESSAGES                   0x24000000   Data           1  freertos_tasks.o(.data)
    SEND_DOORSTATE                           0x24000001   Data           1  freertos_tasks.o(.data)
    SEND_CLUSTER                             0x24000002   Data           1  freertos_tasks.o(.data)
    SEND_VEHICLE_STATE                       0x24000003   Data           1  freertos_tasks.o(.data)
    Output                                   0x24000008   Data         608  freertos_tasks.o(.data)
    Input                                    0x24000268   Data         608  freertos_tasks.o(.data)
    RCOMMAND0x00                             0x240004c8   Data           1  main.o(.data)
    RCOMMAND0x02                             0x240004c9   Data           1  main.o(.data)
    SPI_STOP_FLAG                            0x240004ca   Data           1  main.o(.data)
    CRASH_DETECTED_BEFORE_COLLISION_TAKEN    0x240004cb   Data           1  main.o(.data)
    CRASH_DETECTED_AFTER_COLLISION_TAKEN     0x240004cc   Data           1  main.o(.data)
    len                                      0x240004ce   Data           1  main.o(.data)
    SPI_RXbuf                                0x240004cf   Data           4  main.o(.data)
    SPI_resp                                 0x240004d3   Data           4  main.o(.data)
    ctr2                                     0x240004d8   Data           4  main.o(.data)
    ctr0                                     0x240004dc   Data           4  main.o(.data)
    Init_testHandle                          0x240004e4   Data           4  main.o(.data)
    CAN_periodHandle                         0x240004e8   Data           4  main.o(.data)
    Accelerometer_runHandle                  0x240004ec   Data           4  main.o(.data)
    Accelerometer_periodHandle               0x240004f0   Data           4  main.o(.data)
    Send_periodicHandle                      0x240004f4   Data           4  main.o(.data)
    SBR1Handle                               0x240004f8   Data           4  main.o(.data)
    SBR2Handle                               0x240004fc   Data           4  main.o(.data)
    SBR3_4Handle                             0x24000500   Data           4  main.o(.data)
    SBR5Handle                               0x24000504   Data           4  main.o(.data)
    SBR6Handle                               0x24000508   Data           4  main.o(.data)
    SBR7Handle                               0x2400050c   Data           4  main.o(.data)
    UDS1Handle                               0x24000510   Data           4  main.o(.data)
    UDS2Handle                               0x24000514   Data           4  main.o(.data)
    UDS3Handle                               0x24000518   Data           4  main.o(.data)
    DIAG1Handle                              0x2400051c   Data           4  main.o(.data)
    DIAG2_3Handle                            0x24000520   Data           4  main.o(.data)
    DIAG4Handle                              0x24000524   Data           4  main.o(.data)
    DIAG5Handle                              0x24000528   Data           4  main.o(.data)
    DIAG6Handle                              0x2400052c   Data           4  main.o(.data)
    DIAG7_8Handle                            0x24000530   Data           4  main.o(.data)
    DIAG9Handle                              0x24000534   Data           4  main.o(.data)
    EDRHandle                                0x24000538   Data           4  main.o(.data)
    time                                     0x2400053c   Data           4  main.o(.data)
    TTF                                      0x24000540   Data           4  main.o(.data)
    timeX                                    0x24000548   Data           8  main.o(.data)
    timeY                                    0x24000550   Data           8  main.o(.data)
    uwTickFreq                               0x24006978   Data           1  stm32h7xx_hal.o(.data)
    uwTickPrio                               0x2400697c   Data           4  stm32h7xx_hal.o(.data)
    uwTick                                   0x24006980   Data           4  stm32h7xx_hal.o(.data)
    SystemCoreClock                          0x24006984   Data           4  system_stm32h7xx.o(.data)
    SystemD2Clock                            0x24006988   Data           4  system_stm32h7xx.o(.data)
    pxCurrentTCB                             0x2400698c   Data           4  tasks.o(.data)
    UARTRXcmd                                0x24006a0c   Data         128  main.o(.bss)
    timelist                                 0x24006a8c   Data         200  main.o(.bss)
    hfdcan1                                  0x24006b6c   Data         160  main.o(.bss)
    hrtc                                     0x24006c0c   Data          36  main.o(.bss)
    hspi3                                    0x24006c30   Data         136  main.o(.bss)
    htim1                                    0x24006cb8   Data          76  main.o(.bss)
    huart4                                   0x24006d04   Data         148  main.o(.bss)
    BCM_CANHS_R_04                           0x24006d98   Data          36  main.o(.bss)
    BRAKE_CANHS_R_01                         0x24006dbc   Data          36  main.o(.bss)
    DTOOL_to_AIRBAG                          0x24006de0   Data          36  main.o(.bss)
    CLUSTER_CANHS_RNr_01                     0x24006e04   Data          36  main.o(.bss)
    RxHeader                                 0x24006e28   Data          40  main.o(.bss)
    Result                                   0x24006e50   Data         256  main.o(.bss)
    htim13                                   0x24006f50   Data          76  stm32h7xx_hal_timebase_tim.o(.bss)
    xQueueRegistry                           0x24006f9c   Data          64  queue.o(.bss)
    __libspace_start                         0x24027c80   Data          96  libspace.o(.bss)
    __temporary_stack_top$libspace           0x24027ce0   Data           0  libspace.o(.bss)



==============================================================================

Memory Map of the image

  Image Entry point : 0x08000299

  Load Region LR_IROM1 (Base: 0x08000000, Size: 0x00012f1c, Max: 0x00200000, ABSOLUTE, COMPRESSED[0x0000f5ec])

    Execution Region ER_IROM1 (Exec base: 0x08000000, Load base: 0x08000000, Size: 0x0000c510, Max: 0x00200000, ABSOLUTE)

    Exec Addr    Load Addr    Size         Type   Attr      Idx    E Section Name        Object

    0x08000000   0x08000000   0x00000298   Data   RO            3    RESET               startup_stm32h743xx.o
    0x08000298   0x08000298   0x00000008   Code   RO         8509  * !!!main             c_w.l(__main.o)
    0x080002a0   0x080002a0   0x00000034   Code   RO         8689    !!!scatter          c_w.l(__scatter.o)
    0x080002d4   0x080002d4   0x00000064   Code   RO         8687    !!dclz77c           c_w.l(__dclz77c.o)
    0x08000338   0x08000338   0x0000001c   Code   RO         8691    !!handler_zi        c_w.l(__scatter_zi.o)
    0x08000354   0x08000354   0x00000002   Code   RO         8555    .ARM.Collect$$libinit$$00000000  c_w.l(libinit.o)
    0x08000356   0x08000356   0x00000004   Code   RO         8567    .ARM.Collect$$libinit$$00000001  c_w.l(libinit2.o)
    0x0800035a   0x0800035a   0x00000000   Code   RO         8570    .ARM.Collect$$libinit$$00000004  c_w.l(libinit2.o)
    0x0800035a   0x0800035a   0x00000000   Code   RO         8573    .ARM.Collect$$libinit$$0000000A  c_w.l(libinit2.o)
    0x0800035a   0x0800035a   0x00000000   Code   RO         8575    .ARM.Collect$$libinit$$0000000C  c_w.l(libinit2.o)
    0x0800035a   0x0800035a   0x00000000   Code   RO         8577    .ARM.Collect$$libinit$$0000000E  c_w.l(libinit2.o)
    0x0800035a   0x0800035a   0x00000000   Code   RO         8580    .ARM.Collect$$libinit$$00000011  c_w.l(libinit2.o)
    0x0800035a   0x0800035a   0x00000000   Code   RO         8582    .ARM.Collect$$libinit$$00000013  c_w.l(libinit2.o)
    0x0800035a   0x0800035a   0x00000000   Code   RO         8584    .ARM.Collect$$libinit$$00000015  c_w.l(libinit2.o)
    0x0800035a   0x0800035a   0x00000000   Code   RO         8586    .ARM.Collect$$libinit$$00000017  c_w.l(libinit2.o)
    0x0800035a   0x0800035a   0x00000000   Code   RO         8588    .ARM.Collect$$libinit$$00000019  c_w.l(libinit2.o)
    0x0800035a   0x0800035a   0x00000000   Code   RO         8590    .ARM.Collect$$libinit$$0000001B  c_w.l(libinit2.o)
    0x0800035a   0x0800035a   0x00000000   Code   RO         8592    .ARM.Collect$$libinit$$0000001D  c_w.l(libinit2.o)
    0x0800035a   0x0800035a   0x00000000   Code   RO         8594    .ARM.Collect$$libinit$$0000001F  c_w.l(libinit2.o)
    0x0800035a   0x0800035a   0x00000000   Code   RO         8596    .ARM.Collect$$libinit$$00000021  c_w.l(libinit2.o)
    0x0800035a   0x0800035a   0x00000000   Code   RO         8598    .ARM.Collect$$libinit$$00000023  c_w.l(libinit2.o)
    0x0800035a   0x0800035a   0x00000000   Code   RO         8600    .ARM.Collect$$libinit$$00000025  c_w.l(libinit2.o)
    0x0800035a   0x0800035a   0x00000000   Code   RO         8604    .ARM.Collect$$libinit$$0000002C  c_w.l(libinit2.o)
    0x0800035a   0x0800035a   0x00000000   Code   RO         8606    .ARM.Collect$$libinit$$0000002E  c_w.l(libinit2.o)
    0x0800035a   0x0800035a   0x00000000   Code   RO         8608    .ARM.Collect$$libinit$$00000030  c_w.l(libinit2.o)
    0x0800035a   0x0800035a   0x00000000   Code   RO         8610    .ARM.Collect$$libinit$$00000032  c_w.l(libinit2.o)
    0x0800035a   0x0800035a   0x00000002   Code   RO         8611    .ARM.Collect$$libinit$$00000033  c_w.l(libinit2.o)
    0x0800035c   0x0800035c   0x00000002   Code   RO         8642    .ARM.Collect$$libshutdown$$00000000  c_w.l(libshutdown.o)
    0x0800035e   0x0800035e   0x00000000   Code   RO         8668    .ARM.Collect$$libshutdown$$00000002  c_w.l(libshutdown2.o)
    0x0800035e   0x0800035e   0x00000000   Code   RO         8670    .ARM.Collect$$libshutdown$$00000004  c_w.l(libshutdown2.o)
    0x0800035e   0x0800035e   0x00000000   Code   RO         8672    .ARM.Collect$$libshutdown$$00000006  c_w.l(libshutdown2.o)
    0x0800035e   0x0800035e   0x00000000   Code   RO         8675    .ARM.Collect$$libshutdown$$00000009  c_w.l(libshutdown2.o)
    0x0800035e   0x0800035e   0x00000000   Code   RO         8678    .ARM.Collect$$libshutdown$$0000000C  c_w.l(libshutdown2.o)
    0x0800035e   0x0800035e   0x00000000   Code   RO         8680    .ARM.Collect$$libshutdown$$0000000E  c_w.l(libshutdown2.o)
    0x0800035e   0x0800035e   0x00000000   Code   RO         8683    .ARM.Collect$$libshutdown$$00000011  c_w.l(libshutdown2.o)
    0x0800035e   0x0800035e   0x00000002   Code   RO         8684    .ARM.Collect$$libshutdown$$00000012  c_w.l(libshutdown2.o)
    0x08000360   0x08000360   0x00000000   Code   RO         8515    .ARM.Collect$$rtentry$$00000000  c_w.l(__rtentry.o)
    0x08000360   0x08000360   0x00000000   Code   RO         8524    .ARM.Collect$$rtentry$$00000002  c_w.l(__rtentry2.o)
    0x08000360   0x08000360   0x00000006   Code   RO         8536    .ARM.Collect$$rtentry$$00000004  c_w.l(__rtentry4.o)
    0x08000366   0x08000366   0x00000000   Code   RO         8526    .ARM.Collect$$rtentry$$00000009  c_w.l(__rtentry2.o)
    0x08000366   0x08000366   0x00000004   Code   RO         8527    .ARM.Collect$$rtentry$$0000000A  c_w.l(__rtentry2.o)
    0x0800036a   0x0800036a   0x00000000   Code   RO         8529    .ARM.Collect$$rtentry$$0000000C  c_w.l(__rtentry2.o)
    0x0800036a   0x0800036a   0x00000008   Code   RO         8530    .ARM.Collect$$rtentry$$0000000D  c_w.l(__rtentry2.o)
    0x08000372   0x08000372   0x00000002   Code   RO         8559    .ARM.Collect$$rtexit$$00000000  c_w.l(rtexit.o)
    0x08000374   0x08000374   0x00000000   Code   RO         8615    .ARM.Collect$$rtexit$$00000002  c_w.l(rtexit2.o)
    0x08000374   0x08000374   0x00000004   Code   RO         8616    .ARM.Collect$$rtexit$$00000003  c_w.l(rtexit2.o)
    0x08000378   0x08000378   0x00000006   Code   RO         8617    .ARM.Collect$$rtexit$$00000004  c_w.l(rtexit2.o)
    0x0800037e   0x0800037e   0x00000002   PAD
    0x08000380   0x08000380   0x000000be   Code   RO         8408    .emb_text           port.o
    0x0800043e   0x0800043e   0x00000002   PAD
    0x08000440   0x08000440   0x00000040   Code   RO            4    .text               startup_stm32h743xx.o
    0x08000480   0x08000480   0x000000ee   Code   RO         8487    .text               c_w.l(lludivv7m.o)
    0x0800056e   0x0800056e   0x00000026   Code   RO         8489    .text               c_w.l(llshl.o)
    0x08000594   0x08000594   0x00000026   Code   RO         8491    .text               c_w.l(llushr.o)
    0x080005ba   0x080005ba   0x00000058   Code   RO         8493    .text               c_w.l(memcmp.o)
    0x08000612   0x08000612   0x0000008a   Code   RO         8495    .text               c_w.l(rt_memcpy_v6.o)
    0x0800069c   0x0800069c   0x00000064   Code   RO         8497    .text               c_w.l(rt_memcpy_w.o)
    0x08000700   0x08000700   0x00000010   Code   RO         8501    .text               c_w.l(aeabi_memset.o)
    0x08000710   0x08000710   0x00000044   Code   RO         8503    .text               c_w.l(rt_memclr.o)
    0x08000754   0x08000754   0x0000004e   Code   RO         8505    .text               c_w.l(rt_memclr_w.o)
    0x080007a2   0x080007a2   0x00000006   Code   RO         8507    .text               c_w.l(heapauxi.o)
    0x080007a8   0x080007a8   0x0000004a   Code   RO         8542    .text               c_w.l(sys_stackheap_outer.o)
    0x080007f2   0x080007f2   0x00000012   Code   RO         8544    .text               c_w.l(exit.o)
    0x08000804   0x08000804   0x00000008   Code   RO         8556    .text               c_w.l(libspace.o)
    0x0800080c   0x0800080c   0x0000000c   Code   RO         8612    .text               c_w.l(sys_exit.o)
    0x08000818   0x08000818   0x00000002   Code   RO         8631    .text               c_w.l(use_no_semi.o)
    0x0800081a   0x0800081a   0x00000000   Code   RO         8633    .text               c_w.l(indicate_semi.o)
    0x0800081a   0x0800081a   0x00000002   PAD
    0x0800081c   0x0800081c   0x00000128   Code   RO          515    i.Accelerometer1_RUN  freertos_tasks.o
    0x08000944   0x08000944   0x000000a8   Code   RO          516    i.Accelerometer_period_RUN  freertos_tasks.o
    0x080009ec   0x080009ec   0x00000028   Code   RO          849    i.Accelerometer_reset  main.o
    0x08000a14   0x08000a14   0x00000002   Code   RO         1040    i.BusFault_Handler  stm32h7xx_it.o
    0x08000a16   0x08000a16   0x00000020   Code   RO          517    i.CAN_2_RUN         freertos_tasks.o
    0x08000a36   0x08000a36   0x00000002   PAD
    0x08000a38   0x08000a38   0x00000030   Code   RO          850    i.CLEAR_OUTPUT      main.o
    0x08000a68   0x08000a68   0x0000004c   Code   RO          851    i.CRC8              main.o
    0x08000ab4   0x08000ab4   0x000000b0   Code   RO          518    i.DIAG1_RUN         freertos_tasks.o
    0x08000b64   0x08000b64   0x000000dc   Code   RO          519    i.DIAG2_3_RUN       freertos_tasks.o
    0x08000c40   0x08000c40   0x000001a4   Code   RO          520    i.DIAG4_RUN         freertos_tasks.o
    0x08000de4   0x08000de4   0x0000011c   Code   RO          521    i.DIAG5_RUN         freertos_tasks.o
    0x08000f00   0x08000f00   0x0000002c   Code   RO          522    i.DIAG6_RUN         freertos_tasks.o
    0x08000f2c   0x08000f2c   0x000000a4   Code   RO          523    i.DIAG7_8_RUN       freertos_tasks.o
    0x08000fd0   0x08000fd0   0x000000a4   Code   RO          524    i.DIAG9_RUN         freertos_tasks.o
    0x08001074   0x08001074   0x00000002   Code   RO         1041    i.DebugMon_Handler  stm32h7xx_it.o
    0x08001076   0x08001076   0x00000002   PAD
    0x08001078   0x08001078   0x000000f4   Code   RO          525    i.EDR_Transmitter   freertos_tasks.o
    0x0800116c   0x0800116c   0x00000006   Code   RO         1042    i.EXTI1_IRQHandler  stm32h7xx_it.o
    0x08001172   0x08001172   0x00000004   Code   RO          852    i.Error_Handler     main.o
    0x08001176   0x08001176   0x00000002   PAD
    0x08001178   0x08001178   0x000000c8   Code   RO          853    i.FDCAN1_Config     main.o
    0x08001240   0x08001240   0x0000000c   Code   RO         1043    i.FDCAN1_IT0_IRQHandler  stm32h7xx_it.o
    0x0800124c   0x0800124c   0x0000000c   Code   RO         1044    i.FDCAN1_IT1_IRQHandler  stm32h7xx_it.o
    0x08001258   0x08001258   0x000001b0   Code   RO         1410    i.FDCAN_CalcultateRamBlockAddresses  stm32h7xx_hal_fdcan.o
    0x08001408   0x08001408   0x00000078   Code   RO         1411    i.FDCAN_CopyMessageToRAM  stm32h7xx_hal_fdcan.o
    0x08001480   0x08001480   0x00000010   Code   RO          854    i.FDCAN_DISABLE_INTERRUPTS  main.o
    0x08001490   0x08001490   0x00000010   Code   RO          855    i.FDCAN_ENABLE_INTERRUPTS  main.o
    0x080014a0   0x080014a0   0x0000037c   Code   RO         2745    i.HAL_DMA_Abort     stm32h7xx_hal_dma.o
    0x0800181c   0x0800181c   0x000002b0   Code   RO         2746    i.HAL_DMA_Abort_IT  stm32h7xx_hal_dma.o
    0x08001acc   0x08001acc   0x00000024   Code   RO         3454    i.HAL_Delay         stm32h7xx_hal.o
    0x08001af0   0x08001af0   0x00000084   Code   RO         1413    i.HAL_FDCAN_ActivateNotification  stm32h7xx_hal_fdcan.o
    0x08001b74   0x08001b74   0x0000006c   Code   RO         1415    i.HAL_FDCAN_AddMessageToTxFifoQ  stm32h7xx_hal_fdcan.o
    0x08001be0   0x08001be0   0x00000002   Code   RO         1416    i.HAL_FDCAN_ClockCalibrationCallback  stm32h7xx_hal_fdcan.o
    0x08001be2   0x08001be2   0x00000088   Code   RO         1420    i.HAL_FDCAN_ConfigFilter  stm32h7xx_hal_fdcan.o
    0x08001c6a   0x08001c6a   0x00000030   Code   RO         1421    i.HAL_FDCAN_ConfigGlobalFilter  stm32h7xx_hal_fdcan.o
    0x08001c9a   0x08001c9a   0x00000026   Code   RO         1426    i.HAL_FDCAN_ConfigTimestampCounter  stm32h7xx_hal_fdcan.o
    0x08001cc0   0x08001cc0   0x00000002   Code   RO         1442    i.HAL_FDCAN_ErrorCallback  stm32h7xx_hal_fdcan.o
    0x08001cc2   0x08001cc2   0x00000002   Code   RO         1443    i.HAL_FDCAN_ErrorStatusCallback  stm32h7xx_hal_fdcan.o
    0x08001cc4   0x08001cc4   0x0000001a   Code   RO         1453    i.HAL_FDCAN_GetRxFifoFillLevel  stm32h7xx_hal_fdcan.o
    0x08001cde   0x08001cde   0x00000002   PAD
    0x08001ce0   0x08001ce0   0x000001b0   Code   RO         1454    i.HAL_FDCAN_GetRxMessage  stm32h7xx_hal_fdcan.o
    0x08001e90   0x08001e90   0x00000002   Code   RO         1460    i.HAL_FDCAN_HighPriorityMessageCallback  stm32h7xx_hal_fdcan.o
    0x08001e92   0x08001e92   0x00000002   PAD
    0x08001e94   0x08001e94   0x000002ec   Code   RO         1461    i.HAL_FDCAN_IRQHandler  stm32h7xx_hal_fdcan.o
    0x08002180   0x08002180   0x00000268   Code   RO         1462    i.HAL_FDCAN_Init    stm32h7xx_hal_fdcan.o
    0x080023e8   0x080023e8   0x000000ac   Code   RO         1147    i.HAL_FDCAN_MspInit  stm32h7xx_hal_msp.o
    0x08002494   0x08002494   0x00000002   Code   RO         1471    i.HAL_FDCAN_RxBufferNewMessageCallback  stm32h7xx_hal_fdcan.o
    0x08002496   0x08002496   0x00000002   PAD
    0x08002498   0x08002498   0x000003bc   Code   RO          856    i.HAL_FDCAN_RxFifo0Callback  main.o
    0x08002854   0x08002854   0x00000002   Code   RO         1473    i.HAL_FDCAN_RxFifo1Callback  stm32h7xx_hal_fdcan.o
    0x08002856   0x08002856   0x00000030   Code   RO         1474    i.HAL_FDCAN_Start   stm32h7xx_hal_fdcan.o
    0x08002886   0x08002886   0x00000002   Code   RO         1496    i.HAL_FDCAN_TT_GlobalTimeCallback  stm32h7xx_hal_fdcan.o
    0x08002888   0x08002888   0x00000002   Code   RO         1497    i.HAL_FDCAN_TT_ScheduleSyncCallback  stm32h7xx_hal_fdcan.o
    0x0800288a   0x0800288a   0x00000002   Code   RO         1502    i.HAL_FDCAN_TT_StopWatchCallback  stm32h7xx_hal_fdcan.o
    0x0800288c   0x0800288c   0x00000002   Code   RO         1503    i.HAL_FDCAN_TT_TimeMarkCallback  stm32h7xx_hal_fdcan.o
    0x0800288e   0x0800288e   0x00000002   Code   RO         1504    i.HAL_FDCAN_TimeoutOccurredCallback  stm32h7xx_hal_fdcan.o
    0x08002890   0x08002890   0x00000002   Code   RO         1505    i.HAL_FDCAN_TimestampWraparoundCallback  stm32h7xx_hal_fdcan.o
    0x08002892   0x08002892   0x00000002   Code   RO         1506    i.HAL_FDCAN_TxBufferAbortCallback  stm32h7xx_hal_fdcan.o
    0x08002894   0x08002894   0x00000002   Code   RO         1507    i.HAL_FDCAN_TxBufferCompleteCallback  stm32h7xx_hal_fdcan.o
    0x08002896   0x08002896   0x00000002   Code   RO         1508    i.HAL_FDCAN_TxEventFifoCallback  stm32h7xx_hal_fdcan.o
    0x08002898   0x08002898   0x00000002   Code   RO         1509    i.HAL_FDCAN_TxFifoEmptyCallback  stm32h7xx_hal_fdcan.o
    0x0800289a   0x0800289a   0x00000002   PAD
    0x0800289c   0x0800289c   0x00000048   Code   RO          857    i.HAL_GPIO_EXTI_Callback  main.o
    0x080028e4   0x080028e4   0x00000018   Code   RO         2592    i.HAL_GPIO_EXTI_IRQHandler  stm32h7xx_hal_gpio.o
    0x080028fc   0x080028fc   0x00000224   Code   RO         2593    i.HAL_GPIO_Init     stm32h7xx_hal_gpio.o
    0x08002b20   0x08002b20   0x00000010   Code   RO         2596    i.HAL_GPIO_TogglePin  stm32h7xx_hal_gpio.o
    0x08002b30   0x08002b30   0x0000000e   Code   RO         2597    i.HAL_GPIO_WritePin  stm32h7xx_hal_gpio.o
    0x08002b3e   0x08002b3e   0x00000002   PAD
    0x08002b40   0x08002b40   0x0000000c   Code   RO         3465    i.HAL_GetREVID      stm32h7xx_hal.o
    0x08002b4c   0x08002b4c   0x0000000c   Code   RO         3466    i.HAL_GetTick       stm32h7xx_hal.o
    0x08002b58   0x08002b58   0x00000010   Code   RO         3472    i.HAL_IncTick       stm32h7xx_hal.o
    0x08002b68   0x08002b68   0x0000005c   Code   RO         3473    i.HAL_Init          stm32h7xx_hal.o
    0x08002bc4   0x08002bc4   0x00000090   Code   RO         1230    i.HAL_InitTick      stm32h7xx_hal_timebase_tim.o
    0x08002c54   0x08002c54   0x00000024   Code   RO         1148    i.HAL_MspInit       stm32h7xx_hal_msp.o
    0x08002c78   0x08002c78   0x0000001a   Code   RO         1275    i.HAL_NVIC_EnableIRQ  stm32h7xx_hal_cortex.o
    0x08002c92   0x08002c92   0x00000002   PAD
    0x08002c94   0x08002c94   0x00000040   Code   RO         1281    i.HAL_NVIC_SetPriority  stm32h7xx_hal_cortex.o
    0x08002cd4   0x08002cd4   0x00000024   Code   RO         1282    i.HAL_NVIC_SetPriorityGrouping  stm32h7xx_hal_cortex.o
    0x08002cf8   0x08002cf8   0x00000058   Code   RO         3194    i.HAL_PWREx_ConfigSupply  stm32h7xx_hal_pwr_ex.o
    0x08002d50   0x08002d50   0x00000010   Code   RO         3076    i.HAL_PWR_EnableBkUpAccess  stm32h7xx_hal_pwr.o
    0x08002d60   0x08002d60   0x00000024   Code   RO         2144    i.HAL_RCCEx_GetD3PCLK1Freq  stm32h7xx_hal_rcc_ex.o
    0x08002d84   0x08002d84   0x000001c0   Code   RO         2146    i.HAL_RCCEx_GetPLL2ClockFreq  stm32h7xx_hal_rcc_ex.o
    0x08002f44   0x08002f44   0x000001c0   Code   RO         2147    i.HAL_RCCEx_GetPLL3ClockFreq  stm32h7xx_hal_rcc_ex.o
    0x08003104   0x08003104   0x00000a04   Code   RO         2153    i.HAL_RCCEx_PeriphCLKConfig  stm32h7xx_hal_rcc_ex.o
    0x08003b08   0x08003b08   0x0000027c   Code   RO         2029    i.HAL_RCC_ClockConfig  stm32h7xx_hal_rcc.o
    0x08003d84   0x08003d84   0x00000060   Code   RO         2033    i.HAL_RCC_GetClockConfig  stm32h7xx_hal_rcc.o
    0x08003de4   0x08003de4   0x00000044   Code   RO         2034    i.HAL_RCC_GetHCLKFreq  stm32h7xx_hal_rcc.o
    0x08003e28   0x08003e28   0x00000024   Code   RO         2036    i.HAL_RCC_GetPCLK1Freq  stm32h7xx_hal_rcc.o
    0x08003e4c   0x08003e4c   0x00000024   Code   RO         2037    i.HAL_RCC_GetPCLK2Freq  stm32h7xx_hal_rcc.o
    0x08003e70   0x08003e70   0x000001b4   Code   RO         2038    i.HAL_RCC_GetSysClockFreq  stm32h7xx_hal_rcc.o
    0x08004024   0x08004024   0x00000684   Code   RO         2041    i.HAL_RCC_OscConfig  stm32h7xx_hal_rcc.o
    0x080046a8   0x080046a8   0x000000a0   Code   RO         4365    i.HAL_RTC_Init      stm32h7xx_hal_rtc.o
    0x08004748   0x08004748   0x00000044   Code   RO         1150    i.HAL_RTC_MspInit   stm32h7xx_hal_msp.o
    0x0800478c   0x0800478c   0x000000a4   Code   RO         4371    i.HAL_RTC_SetDate   stm32h7xx_hal_rtc.o
    0x08004830   0x08004830   0x000000cc   Code   RO         4372    i.HAL_RTC_SetTime   stm32h7xx_hal_rtc.o
    0x080048fc   0x080048fc   0x00000034   Code   RO         4373    i.HAL_RTC_WaitForSynchro  stm32h7xx_hal_rtc.o
    0x08004930   0x08004930   0x00000002   Code   RO         4748    i.HAL_SPI_ErrorCallback  stm32h7xx_hal_spi.o
    0x08004932   0x08004932   0x00000002   PAD
    0x08004934   0x08004934   0x00000230   Code   RO         4751    i.HAL_SPI_IRQHandler  stm32h7xx_hal_spi.o
    0x08004b64   0x08004b64   0x00000174   Code   RO         4752    i.HAL_SPI_Init      stm32h7xx_hal_spi.o
    0x08004cd8   0x08004cd8   0x000000ac   Code   RO         1152    i.HAL_SPI_MspInit   stm32h7xx_hal_msp.o
    0x08004d84   0x08004d84   0x00000002   Code   RO         4758    i.HAL_SPI_RxCpltCallback  stm32h7xx_hal_spi.o
    0x08004d86   0x08004d86   0x00000002   Code   RO         4760    i.HAL_SPI_SuspendCallback  stm32h7xx_hal_spi.o
    0x08004d88   0x08004d88   0x000000b4   Code   RO         4764    i.HAL_SPI_TransmitReceive_IT  stm32h7xx_hal_spi.o
    0x08004e3c   0x08004e3c   0x00000002   Code   RO         4767    i.HAL_SPI_TxCpltCallback  stm32h7xx_hal_spi.o
    0x08004e3e   0x08004e3e   0x00000002   PAD
    0x08004e40   0x08004e40   0x000000f8   Code   RO          858    i.HAL_SPI_TxRxCpltCallback  main.o
    0x08004f38   0x08004f38   0x00000002   Code   RO         5802    i.HAL_TIMEx_Break2Callback  stm32h7xx_hal_tim_ex.o
    0x08004f3a   0x08004f3a   0x00000002   Code   RO         5803    i.HAL_TIMEx_BreakCallback  stm32h7xx_hal_tim_ex.o
    0x08004f3c   0x08004f3c   0x00000002   Code   RO         5804    i.HAL_TIMEx_CommutCallback  stm32h7xx_hal_tim_ex.o
    0x08004f3e   0x08004f3e   0x00000002   PAD
    0x08004f40   0x08004f40   0x000000a0   Code   RO         5824    i.HAL_TIMEx_MasterConfigSynchronization  stm32h7xx_hal_tim_ex.o
    0x08004fe0   0x08004fe0   0x0000004e   Code   RO         5077    i.HAL_TIM_Base_Init  stm32h7xx_hal_tim.o
    0x0800502e   0x0800502e   0x00000002   PAD
    0x08005030   0x08005030   0x0000003c   Code   RO         1154    i.HAL_TIM_Base_MspInit  stm32h7xx_hal_msp.o
    0x0800506c   0x0800506c   0x00000094   Code   RO         5082    i.HAL_TIM_Base_Start_IT  stm32h7xx_hal_tim.o
    0x08005100   0x08005100   0x00000108   Code   RO         5086    i.HAL_TIM_ConfigClockSource  stm32h7xx_hal_tim.o
    0x08005208   0x08005208   0x00000002   Code   RO         5111    i.HAL_TIM_IC_CaptureCallback  stm32h7xx_hal_tim.o
    0x0800520a   0x0800520a   0x0000018c   Code   RO         5125    i.HAL_TIM_IRQHandler  stm32h7xx_hal_tim.o
    0x08005396   0x08005396   0x00000002   Code   RO         5128    i.HAL_TIM_OC_DelayElapsedCallback  stm32h7xx_hal_tim.o
    0x08005398   0x08005398   0x00000002   Code   RO         5155    i.HAL_TIM_PWM_PulseFinishedCallback  stm32h7xx_hal_tim.o
    0x0800539a   0x0800539a   0x00000002   PAD
    0x0800539c   0x0800539c   0x0000002c   Code   RO          859    i.HAL_TIM_PeriodElapsedCallback  main.o
    0x080053c8   0x080053c8   0x00000002   Code   RO         5168    i.HAL_TIM_TriggerCallback  stm32h7xx_hal_tim.o
    0x080053ca   0x080053ca   0x0000003e   Code   RO         6518    i.HAL_UARTEx_DisableFifoMode  stm32h7xx_hal_uart_ex.o
    0x08005408   0x08005408   0x00000002   Code   RO         6102    i.HAL_UARTEx_RxEventCallback  stm32h7xx_hal_uart.o
    0x0800540a   0x0800540a   0x00000002   Code   RO         6526    i.HAL_UARTEx_RxFifoFullCallback  stm32h7xx_hal_uart_ex.o
    0x0800540c   0x0800540c   0x0000004c   Code   RO         6527    i.HAL_UARTEx_SetRxFifoThreshold  stm32h7xx_hal_uart_ex.o
    0x08005458   0x08005458   0x0000004c   Code   RO         6528    i.HAL_UARTEx_SetTxFifoThreshold  stm32h7xx_hal_uart_ex.o
    0x080054a4   0x080054a4   0x00000002   Code   RO         6530    i.HAL_UARTEx_TxFifoEmptyCallback  stm32h7xx_hal_uart_ex.o
    0x080054a6   0x080054a6   0x00000002   Code   RO         6531    i.HAL_UARTEx_WakeupCallback  stm32h7xx_hal_uart_ex.o
    0x080054a8   0x080054a8   0x00000002   Code   RO         6118    i.HAL_UART_ErrorCallback  stm32h7xx_hal_uart.o
    0x080054aa   0x080054aa   0x00000002   PAD
    0x080054ac   0x080054ac   0x00000394   Code   RO         6121    i.HAL_UART_IRQHandler  stm32h7xx_hal_uart.o
    0x08005840   0x08005840   0x00000070   Code   RO         6122    i.HAL_UART_Init     stm32h7xx_hal_uart.o
    0x080058b0   0x080058b0   0x00000098   Code   RO         1156    i.HAL_UART_MspInit  stm32h7xx_hal_msp.o
    0x08005948   0x08005948   0x000000f0   Code   RO         6125    i.HAL_UART_Receive  stm32h7xx_hal_uart.o
    0x08005a38   0x08005a38   0x000000b8   Code   RO         6131    i.HAL_UART_Transmit  stm32h7xx_hal_uart.o
    0x08005af0   0x08005af0   0x00000002   Code   RO         6134    i.HAL_UART_TxCpltCallback  stm32h7xx_hal_uart.o
    0x08005af2   0x08005af2   0x00000002   Code   RO         1045    i.HardFault_Handler  stm32h7xx_it.o
    0x08005af4   0x08005af4   0x0000001c   Code   RO          526    i.Init_test_run     freertos_tasks.o
    0x08005b10   0x08005b10   0x0000008c   Code   RO          860    i.MX_FDCAN1_Init    main.o
    0x08005b9c   0x08005b9c   0x00000168   Code   RO          861    i.MX_GPIO_Init      main.o
    0x08005d04   0x08005d04   0x00000088   Code   RO          862    i.MX_RTC_Init       main.o
    0x08005d8c   0x08005d8c   0x00000050   Code   RO          863    i.MX_SPI3_Init      main.o
    0x08005ddc   0x08005ddc   0x0000006c   Code   RO          864    i.MX_TIM1_Init      main.o
    0x08005e48   0x08005e48   0x00000064   Code   RO          865    i.MX_UART4_Init     main.o
    0x08005eac   0x08005eac   0x00000002   Code   RO         1046    i.MemManage_Handler  stm32h7xx_it.o
    0x08005eae   0x08005eae   0x00000002   Code   RO         1047    i.NMI_Handler       stm32h7xx_it.o
    0x08005eb0   0x08005eb0   0x00000124   Code   RO         2156    i.RCCEx_PLL2_Config  stm32h7xx_hal_rcc_ex.o
    0x08005fd4   0x08005fd4   0x00000124   Code   RO         2157    i.RCCEx_PLL3_Config  stm32h7xx_hal_rcc_ex.o
    0x080060f8   0x080060f8   0x00000016   Code   RO         4375    i.RTC_ByteToBcd2    stm32h7xx_hal_rtc.o
    0x0800610e   0x0800610e   0x00000044   Code   RO         4376    i.RTC_EnterInitMode  stm32h7xx_hal_rtc.o
    0x08006152   0x08006152   0x00000002   PAD
    0x08006154   0x08006154   0x00000054   Code   RO         4377    i.RTC_ExitInitMode  stm32h7xx_hal_rtc.o
    0x080061a8   0x080061a8   0x000001ac   Code   RO          527    i.SBR1_RUN          freertos_tasks.o
    0x08006354   0x08006354   0x0000014c   Code   RO          528    i.SBR2_RUN          freertos_tasks.o
    0x080064a0   0x080064a0   0x0000014c   Code   RO          529    i.SBR3_4_RUN        freertos_tasks.o
    0x080065ec   0x080065ec   0x00000164   Code   RO          530    i.SBR5_RUN          freertos_tasks.o
    0x08006750   0x08006750   0x000001cc   Code   RO          531    i.SBR6_RUN          freertos_tasks.o
    0x0800691c   0x0800691c   0x00000154   Code   RO          532    i.SBR7_RUN          freertos_tasks.o
    0x08006a70   0x08006a70   0x0000000c   Code   RO         1048    i.SPI3_IRQHandler   stm32h7xx_it.o
    0x08006a7c   0x08006a7c   0x000000ba   Code   RO         4772    i.SPI_CloseTransfer  stm32h7xx_hal_spi.o
    0x08006b36   0x08006b36   0x00000018   Code   RO         4773    i.SPI_DMAAbortOnError  stm32h7xx_hal_spi.o
    0x08006b4e   0x08006b4e   0x00000014   Code   RO         4783    i.SPI_GetPacketSize  stm32h7xx_hal_spi.o
    0x08006b62   0x08006b62   0x0000002e   Code   RO         4786    i.SPI_RxISR_8BIT    stm32h7xx_hal_spi.o
    0x08006b90   0x08006b90   0x0000002e   Code   RO         4789    i.SPI_TxISR_8BIT    stm32h7xx_hal_spi.o
    0x08006bbe   0x08006bbe   0x00000002   PAD
    0x08006bc0   0x08006bc0   0x00000128   Code   RO          533    i.Send_periodic_start  freertos_tasks.o
    0x08006ce8   0x08006ce8   0x0000001a   Code   RO         7822    i.SysTick_Handler   cmsis_os2.o
    0x08006d02   0x08006d02   0x00000002   PAD
    0x08006d04   0x08006d04   0x000000f8   Code   RO          866    i.SystemClock_Config  main.o
    0x08006dfc   0x08006dfc   0x000000dc   Code   RO         6642    i.SystemInit        system_stm32h7xx.o
    0x08006ed8   0x08006ed8   0x0000000c   Code   RO         1049    i.TIM1_UP_IRQHandler  stm32h7xx_it.o
    0x08006ee4   0x08006ee4   0x0000000c   Code   RO         1050    i.TIM8_UP_TIM13_IRQHandler  stm32h7xx_it.o
    0x08006ef0   0x08006ef0   0x000000c0   Code   RO         5170    i.TIM_Base_SetConfig  stm32h7xx_hal_tim.o
    0x08006fb0   0x08006fb0   0x00000014   Code   RO         5181    i.TIM_ETR_SetConfig  stm32h7xx_hal_tim.o
    0x08006fc4   0x08006fc4   0x00000014   Code   RO         5182    i.TIM_ITRx_SetConfig  stm32h7xx_hal_tim.o
    0x08006fd8   0x08006fd8   0x00000022   Code   RO         5190    i.TIM_TI1_ConfigInputStage  stm32h7xx_hal_tim.o
    0x08006ffa   0x08006ffa   0x00000024   Code   RO         5192    i.TIM_TI2_ConfigInputStage  stm32h7xx_hal_tim.o
    0x0800701e   0x0800701e   0x00000002   PAD
    0x08007020   0x08007020   0x0000000c   Code   RO         1051    i.UART4_IRQHandler  stm32h7xx_it.o
    0x0800702c   0x0800702c   0x00000048   Code   RO         6532    i.UARTEx_SetNbDataToProcess  stm32h7xx_hal_uart_ex.o
    0x08007074   0x08007074   0x000000c8   Code   RO         6136    i.UART_AdvFeatureConfig  stm32h7xx_hal_uart.o
    0x0800713c   0x0800713c   0x000000aa   Code   RO         6137    i.UART_CheckIdleState  stm32h7xx_hal_uart.o
    0x080071e6   0x080071e6   0x00000014   Code   RO         6138    i.UART_DMAAbortOnError  stm32h7xx_hal_uart.o
    0x080071fa   0x080071fa   0x00000002   PAD
    0x080071fc   0x080071fc   0x00000054   Code   RO         6148    i.UART_EndRxTransfer  stm32h7xx_hal_uart.o
    0x08007250   0x08007250   0x00000024   Code   RO         6149    i.UART_EndTransmit_IT  stm32h7xx_hal_uart.o
    0x08007274   0x08007274   0x00000490   Code   RO         6155    i.UART_SetConfig    stm32h7xx_hal_uart.o
    0x08007704   0x08007704   0x00000090   Code   RO         6162    i.UART_WaitOnFlagUntilTimeout  stm32h7xx_hal_uart.o
    0x08007794   0x08007794   0x00000144   Code   RO          534    i.UDS1_RUN          freertos_tasks.o
    0x080078d8   0x080078d8   0x0000035c   Code   RO          535    i.UDS2_RUN          freertos_tasks.o
    0x08007c34   0x08007c34   0x0000023c   Code   RO          536    i.UDS3_RUN          freertos_tasks.o
    0x08007e70   0x08007e70   0x00000108   Code   RO          867    i.UDS_READ_ERRORS   main.o
    0x08007f78   0x08007f78   0x00000002   Code   RO         1052    i.UsageFault_Handler  stm32h7xx_it.o
    0x08007f7a   0x08007f7a   0x00000020   Code   RO         1288    i.__NVIC_SetPriority  stm32h7xx_hal_cortex.o
    0x08007f9a   0x08007f9a   0x00000006   PAD
    0x08007fa0   0x08007fa0   0x000000a0   Code   RO         8511    i.__hardfp_round    m_wv.l(round.o)
    0x08008040   0x08008040   0x00000062   Code   RO           10    i.advance_iterator  pb_common.o
    0x080080a2   0x080080a2   0x00000018   Code   RO          101    i.buf_read          pb_decode.o
    0x080080ba   0x080080ba   0x00000012   Code   RO          313    i.buf_write         pb_encode.o
    0x080080cc   0x080080cc   0x0000002c   Code   RO          868    i.buffer_average_value  main.o
    0x080080f8   0x080080f8   0x0000011c   Code   RO          102    i.decode_basic_field  pb_decode.o
    0x08008214   0x08008214   0x000000b8   Code   RO          103    i.decode_callback_field  pb_decode.o
    0x080082cc   0x080082cc   0x00000044   Code   RO          104    i.decode_extension  pb_decode.o
    0x08008310   0x08008310   0x00000040   Code   RO          105    i.decode_field      pb_decode.o
    0x08008350   0x08008350   0x00000024   Code   RO          106    i.decode_pointer_field  pb_decode.o
    0x08008374   0x08008374   0x000001ac   Code   RO          107    i.decode_static_field  pb_decode.o
    0x08008520   0x08008520   0x00000058   Code   RO          108    i.default_extension_decoder  pb_decode.o
    0x08008578   0x08008578   0x0000003c   Code   RO          314    i.default_extension_encoder  pb_encode.o
    0x080085b4   0x080085b4   0x000001ac   Code   RO          315    i.encode_array      pb_encode.o
    0x08008760   0x08008760   0x000000ac   Code   RO          316    i.encode_basic_field  pb_encode.o
    0x0800880c   0x0800880c   0x00000038   Code   RO          317    i.encode_callback_field  pb_encode.o
    0x08008844   0x08008844   0x00000030   Code   RO          318    i.encode_extension_field  pb_encode.o
    0x08008874   0x08008874   0x000000ac   Code   RO          319    i.encode_field      pb_encode.o
    0x08008920   0x08008920   0x00000074   Code   RO          869    i.form_acc          main.o
    0x08008994   0x08008994   0x0000012c   Code   RO           11    i.load_descriptor_values  pb_common.o
    0x08008ac0   0x08008ac0   0x000001d0   Code   RO          870    i.main              main.o
    0x08008c90   0x08008c90   0x0000001c   Code   RO         7824    i.osDelay           cmsis_os2.o
    0x08008cac   0x08008cac   0x00000028   Code   RO         7838    i.osKernelInitialize  cmsis_os2.o
    0x08008cd4   0x08008cd4   0x00000038   Code   RO         7841    i.osKernelStart     cmsis_os2.o
    0x08008d0c   0x08008d0c   0x000000ba   Code   RO         7883    i.osThreadNew       cmsis_os2.o
    0x08008dc6   0x08008dc6   0x00000002   PAD
    0x08008dc8   0x08008dc8   0x00000148   Code   RO          320    i.pb_check_proto3_default_value  pb_encode.o
    0x08008f10   0x08008f10   0x00000026   Code   RO          109    i.pb_close_string_substream  pb_decode.o
    0x08008f36   0x08008f36   0x00000002   Code   RO           12    i.pb_const_cast     pb_common.o
    0x08008f38   0x08008f38   0x00000006   Code   RO          110    i.pb_dec_bool       pb_decode.o
    0x08008f3e   0x08008f3e   0x00000002   PAD
    0x08008f40   0x08008f40   0x000000a8   Code   RO          111    i.pb_dec_bytes      pb_decode.o
    0x08008fe8   0x08008fe8   0x0000008c   Code   RO          112    i.pb_dec_fixed_length_bytes  pb_decode.o
    0x08009074   0x08009074   0x000000b0   Code   RO          113    i.pb_dec_string     pb_decode.o
    0x08009124   0x08009124   0x000000a8   Code   RO          114    i.pb_dec_submessage  pb_decode.o
    0x080091cc   0x080091cc   0x00000158   Code   RO          115    i.pb_dec_varint     pb_decode.o
    0x08009324   0x08009324   0x00000006   Code   RO          116    i.pb_decode         pb_decode.o
    0x0800932a   0x0800932a   0x0000001c   Code   RO          117    i.pb_decode_bool    pb_decode.o
    0x08009346   0x08009346   0x00000034   Code   RO          119    i.pb_decode_fixed32  pb_decode.o
    0x0800937a   0x0800937a   0x0000005c   Code   RO          120    i.pb_decode_fixed64  pb_decode.o
    0x080093d6   0x080093d6   0x00000002   PAD
    0x080093d8   0x080093d8   0x0000022c   Code   RO          121    i.pb_decode_inner   pb_decode.o
    0x08009604   0x08009604   0x0000003c   Code   RO          122    i.pb_decode_svarint  pb_decode.o
    0x08009640   0x08009640   0x0000002e   Code   RO          123    i.pb_decode_tag     pb_decode.o
    0x0800966e   0x0800966e   0x00000002   PAD
    0x08009670   0x08009670   0x00000070   Code   RO          124    i.pb_decode_varint  pb_decode.o
    0x080096e0   0x080096e0   0x00000006   Code   RO          125    i.pb_decode_varint32  pb_decode.o
    0x080096e6   0x080096e6   0x00000002   PAD
    0x080096e8   0x080096e8   0x000000c8   Code   RO          126    i.pb_decode_varint32_eof  pb_decode.o
    0x080097b0   0x080097b0   0x00000032   Code   RO           13    i.pb_default_field_callback  pb_common.o
    0x080097e2   0x080097e2   0x00000018   Code   RO          321    i.pb_enc_bool       pb_encode.o
    0x080097fa   0x080097fa   0x00000002   PAD
    0x080097fc   0x080097fc   0x0000004c   Code   RO          322    i.pb_enc_bytes      pb_encode.o
    0x08009848   0x08009848   0x00000038   Code   RO          323    i.pb_enc_fixed      pb_encode.o
    0x08009880   0x08009880   0x00000008   Code   RO          324    i.pb_enc_fixed_length_bytes  pb_encode.o
    0x08009888   0x08009888   0x0000007c   Code   RO          325    i.pb_enc_string     pb_encode.o
    0x08009904   0x08009904   0x00000068   Code   RO          326    i.pb_enc_submessage  pb_encode.o
    0x0800996c   0x0800996c   0x000000b0   Code   RO          327    i.pb_enc_varint     pb_encode.o
    0x08009a1c   0x08009a1c   0x0000004c   Code   RO          328    i.pb_encode         pb_encode.o
    0x08009a68   0x08009a68   0x00000024   Code   RO          330    i.pb_encode_fixed32  pb_encode.o
    0x08009a8c   0x08009a8c   0x00000046   Code   RO          331    i.pb_encode_fixed64  pb_encode.o
    0x08009ad2   0x08009ad2   0x00000026   Code   RO          332    i.pb_encode_string  pb_encode.o
    0x08009af8   0x08009af8   0x000000c4   Code   RO          333    i.pb_encode_submessage  pb_encode.o
    0x08009bbc   0x08009bbc   0x00000024   Code   RO          334    i.pb_encode_svarint  pb_encode.o
    0x08009be0   0x08009be0   0x0000000a   Code   RO          335    i.pb_encode_tag     pb_encode.o
    0x08009bea   0x08009bea   0x00000002   PAD
    0x08009bec   0x08009bec   0x00000050   Code   RO          336    i.pb_encode_tag_for_field  pb_encode.o
    0x08009c3c   0x08009c3c   0x00000024   Code   RO          337    i.pb_encode_varint  pb_encode.o
    0x08009c60   0x08009c60   0x00000056   Code   RO          338    i.pb_encode_varint_32  pb_encode.o
    0x08009cb6   0x08009cb6   0x0000001e   Code   RO           14    i.pb_field_iter_begin  pb_common.o
    0x08009cd4   0x08009cd4   0x0000001a   Code   RO           15    i.pb_field_iter_begin_const  pb_common.o
    0x08009cee   0x08009cee   0x0000002e   Code   RO           16    i.pb_field_iter_begin_extension  pb_common.o
    0x08009d1c   0x08009d1c   0x00000016   Code   RO           17    i.pb_field_iter_begin_extension_const  pb_common.o
    0x08009d32   0x08009d32   0x00000070   Code   RO           18    i.pb_field_iter_find  pb_common.o
    0x08009da2   0x08009da2   0x00000046   Code   RO           19    i.pb_field_iter_find_extension  pb_common.o
    0x08009de8   0x08009de8   0x0000001a   Code   RO           20    i.pb_field_iter_next  pb_common.o
    0x08009e02   0x08009e02   0x000000c0   Code   RO          127    i.pb_field_set_to_default  pb_decode.o
    0x08009ec2   0x08009ec2   0x00000002   PAD
    0x08009ec4   0x08009ec4   0x00000020   Code   RO          128    i.pb_istream_from_buffer  pb_decode.o
    0x08009ee4   0x08009ee4   0x00000054   Code   RO          129    i.pb_make_string_substream  pb_decode.o
    0x08009f38   0x08009f38   0x00000096   Code   RO          130    i.pb_message_set_to_defaults  pb_decode.o
    0x08009fce   0x08009fce   0x00000002   PAD
    0x08009fd0   0x08009fd0   0x00000024   Code   RO          340    i.pb_ostream_from_buffer  pb_encode.o
    0x08009ff4   0x08009ff4   0x0000009c   Code   RO          131    i.pb_read           pb_decode.o
    0x0800a090   0x0800a090   0x00000054   Code   RO          132    i.pb_readbyte       pb_decode.o
    0x0800a0e4   0x0800a0e4   0x0000004c   Code   RO          134    i.pb_skip_field     pb_decode.o
    0x0800a130   0x0800a130   0x0000001e   Code   RO          135    i.pb_skip_string    pb_decode.o
    0x0800a14e   0x0800a14e   0x00000020   Code   RO          136    i.pb_skip_varint    pb_decode.o
    0x0800a16e   0x0800a16e   0x00000002   PAD
    0x0800a170   0x0800a170   0x00000060   Code   RO          341    i.pb_write          pb_encode.o
    0x0800a1d0   0x0800a1d0   0x00000060   Code   RO         7259    i.prvAddCurrentTaskToDelayedList  tasks.o
    0x0800a230   0x0800a230   0x00000088   Code   RO         7260    i.prvAddNewTaskToReadyList  tasks.o
    0x0800a2b8   0x0800a2b8   0x00000058   Code   RO         7635    i.prvCheckForValidListAndQueue  timers.o
    0x0800a310   0x0800a310   0x0000003c   Code   RO         7261    i.prvCheckTasksWaitingTermination  tasks.o
    0x0800a34c   0x0800a34c   0x00000028   Code   RO         6846    i.prvCopyDataFromQueue  queue.o
    0x0800a374   0x0800a374   0x0000006e   Code   RO         6847    i.prvCopyDataToQueue  queue.o
    0x0800a3e2   0x0800a3e2   0x00000040   Code   RO         7262    i.prvDeleteTCB      tasks.o
    0x0800a422   0x0800a422   0x00000002   PAD
    0x0800a424   0x0800a424   0x00000024   Code   RO         7636    i.prvGetNextExpireTime  timers.o
    0x0800a448   0x0800a448   0x0000004c   Code   RO         8353    i.prvHeapInit       heap_4.o
    0x0800a494   0x0800a494   0x0000002c   Code   RO         7263    i.prvIdleTask       tasks.o
    0x0800a4c0   0x0800a4c0   0x00000022   Code   RO         6850    i.prvInitialiseNewQueue  queue.o
    0x0800a4e2   0x0800a4e2   0x000000a8   Code   RO         7264    i.prvInitialiseNewTask  tasks.o
    0x0800a58a   0x0800a58a   0x00000002   PAD
    0x0800a58c   0x0800a58c   0x00000058   Code   RO         7265    i.prvInitialiseTaskLists  tasks.o
    0x0800a5e4   0x0800a5e4   0x00000054   Code   RO         8354    i.prvInsertBlockIntoFreeList  heap_4.o
    0x0800a638   0x0800a638   0x00000040   Code   RO         7638    i.prvInsertTimerInActiveList  timers.o
    0x0800a678   0x0800a678   0x0000001a   Code   RO         6851    i.prvIsQueueEmpty   queue.o
    0x0800a692   0x0800a692   0x0000001e   Code   RO         6852    i.prvIsQueueFull    queue.o
    0x0800a6b0   0x0800a6b0   0x00000068   Code   RO         7639    i.prvProcessExpiredTimer  timers.o
    0x0800a718   0x0800a718   0x000000fc   Code   RO         7640    i.prvProcessReceivedCommands  timers.o
    0x0800a814   0x0800a814   0x0000006c   Code   RO         7641    i.prvProcessTimerOrBlockTask  timers.o
    0x0800a880   0x0800a880   0x00000024   Code   RO         7267    i.prvResetNextTaskUnblockTime  tasks.o
    0x0800a8a4   0x0800a8a4   0x0000002c   Code   RO         7642    i.prvSampleTimeNow  timers.o
    0x0800a8d0   0x0800a8d0   0x00000070   Code   RO         7643    i.prvSwitchTimerLists  timers.o
    0x0800a940   0x0800a940   0x0000002c   Code   RO         8409    i.prvTaskExitError  port.o
    0x0800a96c   0x0800a96c   0x00000014   Code   RO         7644    i.prvTimerTask      timers.o
    0x0800a980   0x0800a980   0x0000006a   Code   RO         6853    i.prvUnlockQueue    queue.o
    0x0800a9ea   0x0800a9ea   0x00000002   PAD
    0x0800a9ec   0x0800a9ec   0x000000dc   Code   RO         8355    i.pvPortMalloc      heap_4.o
    0x0800aac8   0x0800aac8   0x00000024   Code   RO         8410    i.pxPortInitialiseStack  port.o
    0x0800aaec   0x0800aaec   0x000000a8   Code   RO          137    i.read_raw_value    pb_decode.o
    0x0800ab94   0x0800ab94   0x00000014   Code   RO          342    i.safe_read_bool    pb_encode.o
    0x0800aba8   0x0800aba8   0x00000068   Code   RO         7271    i.ulTaskNotifyTake  tasks.o
    0x0800ac10   0x0800ac10   0x00000026   Code   RO         6806    i.uxListRemove      list.o
    0x0800ac36   0x0800ac36   0x00000002   PAD
    0x0800ac38   0x0800ac38   0x00000014   Code   RO         7895    i.vApplicationGetIdleTaskMemory  cmsis_os2.o
    0x0800ac4c   0x0800ac4c   0x00000018   Code   RO         7896    i.vApplicationGetTimerTaskMemory  cmsis_os2.o
    0x0800ac64   0x0800ac64   0x00000290   Code   RO          537    i.vApplicationIdleHook  freertos_tasks.o
    0x0800aef4   0x0800aef4   0x00000016   Code   RO         6807    i.vListInitialise   list.o
    0x0800af0a   0x0800af0a   0x00000006   Code   RO         6808    i.vListInitialiseItem  list.o
    0x0800af10   0x0800af10   0x00000030   Code   RO         6809    i.vListInsert       list.o
    0x0800af40   0x0800af40   0x00000018   Code   RO         6810    i.vListInsertEnd    list.o
    0x0800af58   0x0800af58   0x00000040   Code   RO         8412    i.vPortEnterCritical  port.o
    0x0800af98   0x0800af98   0x0000002c   Code   RO         8413    i.vPortExitCritical  port.o
    0x0800afc4   0x0800afc4   0x00000064   Code   RO         8356    i.vPortFree         heap_4.o
    0x0800b028   0x0800b028   0x00000024   Code   RO         8414    i.vPortSetupTimerInterrupt  port.o
    0x0800b04c   0x0800b04c   0x00000054   Code   RO         8415    i.vPortValidateInterruptPriority  port.o
    0x0800b0a0   0x0800b0a0   0x00000024   Code   RO         6859    i.vQueueAddToRegistry  queue.o
    0x0800b0c4   0x0800b0c4   0x00000046   Code   RO         6863    i.vQueueWaitForMessageRestricted  queue.o
    0x0800b10a   0x0800b10a   0x00000002   PAD
    0x0800b10c   0x0800b10c   0x00000050   Code   RO         7280    i.vTaskDelay        tasks.o
    0x0800b15c   0x0800b15c   0x00000010   Code   RO         7285    i.vTaskInternalSetTimeOutState  tasks.o
    0x0800b16c   0x0800b16c   0x0000000c   Code   RO         7286    i.vTaskMissedYield  tasks.o
    0x0800b178   0x0800b178   0x00000034   Code   RO         7288    i.vTaskPlaceOnEventList  tasks.o
    0x0800b1ac   0x0800b1ac   0x0000003c   Code   RO         7289    i.vTaskPlaceOnEventListRestricted  tasks.o
    0x0800b1e8   0x0800b1e8   0x00000090   Code   RO         7297    i.vTaskStartScheduler  tasks.o
    0x0800b278   0x0800b278   0x00000010   Code   RO         7299    i.vTaskSuspendAll   tasks.o
    0x0800b288   0x0800b288   0x00000068   Code   RO         7300    i.vTaskSwitchContext  tasks.o
    0x0800b2f0   0x0800b2f0   0x000000f4   Code   RO         8416    i.xPortStartScheduler  port.o
    0x0800b3e4   0x0800b3e4   0x0000002c   Code   RO         8417    i.xPortSysTickHandler  port.o
    0x0800b410   0x0800b410   0x0000006c   Code   RO         6869    i.xQueueGenericCreateStatic  queue.o
    0x0800b47c   0x0800b47c   0x0000008c   Code   RO         6870    i.xQueueGenericReset  queue.o
    0x0800b508   0x0800b508   0x00000164   Code   RO         6871    i.xQueueGenericSend  queue.o
    0x0800b66c   0x0800b66c   0x000000c0   Code   RO         6872    i.xQueueGenericSendFromISR  queue.o
    0x0800b72c   0x0800b72c   0x0000013c   Code   RO         6881    i.xQueueReceive     queue.o
    0x0800b868   0x0800b868   0x0000007c   Code   RO         7302    i.xTaskCheckForTimeOut  tasks.o
    0x0800b8e4   0x0800b8e4   0x00000064   Code   RO         7303    i.xTaskCreate       tasks.o
    0x0800b948   0x0800b948   0x0000005c   Code   RO         7304    i.xTaskCreateStatic  tasks.o
    0x0800b9a4   0x0800b9a4   0x000000e8   Code   RO         7305    i.xTaskGenericNotify  tasks.o
    0x0800ba8c   0x0800ba8c   0x0000001c   Code   RO         7308    i.xTaskGetSchedulerState  tasks.o
    0x0800baa8   0x0800baa8   0x0000000c   Code   RO         7309    i.xTaskGetTickCount  tasks.o
    0x0800bab4   0x0800bab4   0x000000cc   Code   RO         7311    i.xTaskIncrementTick  tasks.o
    0x0800bb80   0x0800bb80   0x00000034   Code   RO         7312    i.xTaskNotifyStateClear  tasks.o
    0x0800bbb4   0x0800bbb4   0x0000007c   Code   RO         7314    i.xTaskPriorityDisinherit  tasks.o
    0x0800bc30   0x0800bc30   0x00000078   Code   RO         7316    i.xTaskRemoveFromEventList  tasks.o
    0x0800bca8   0x0800bca8   0x000000c8   Code   RO         7317    i.xTaskResumeAll    tasks.o
    0x0800bd70   0x0800bd70   0x00000068   Code   RO         7653    i.xTimerCreateTimerTask  timers.o
    0x0800bdd8   0x0800bdd8   0x0000006c   Code   RO         7654    i.xTimerGenericCommand  timers.o
    0x0800be44   0x0800be44   0x0000009c   Code   RO         8540    x$fpl$dnaninf       fz_wv.l(dnaninf.o)
    0x0800bee0   0x0800bee0   0x000000b4   Code   RO         8520    x$fpl$drnd          fz_wv.l(drnd.o)
    0x0800bf94   0x0800bf94   0x0000000a   Code   RO         8627    x$fpl$fpinit        fz_wv.l(fpinit.o)
    0x0800bf9e   0x0800bf9e   0x00000000   Code   RO         8522    x$fpl$usenofp       fz_wv.l(usenofp.o)
    0x0800bf9e   0x0800bf9e   0x00000002   PAD
    0x0800bfa0   0x0800bfa0   0x0000006c   Data   RO          494    .constdata          sto_tests_v2_nanopb.pb.o
    0x0800c00c   0x0800c00c   0x00000008   Data   RO          495    .constdata          sto_tests_v2_nanopb.pb.o
    0x0800c014   0x0800c014   0x00000018   Data   RO          496    .constdata          sto_tests_v2_nanopb.pb.o
    0x0800c02c   0x0800c02c   0x00000018   Data   RO          497    .constdata          sto_tests_v2_nanopb.pb.o
    0x0800c044   0x0800c044   0x00000004   Data   RO          498    .constdata          sto_tests_v2_nanopb.pb.o
    0x0800c048   0x0800c048   0x00000018   Data   RO          499    .constdata          sto_tests_v2_nanopb.pb.o
    0x0800c060   0x0800c060   0x00000320   Data   RO          873    .constdata          main.o
    0x0800c380   0x0800c380   0x0000005c   Data   RO         1510    .constdata          stm32h7xx_hal_fdcan.o
    0x0800c3dc   0x0800c3dc   0x00000018   Data   RO         6163    .constdata          stm32h7xx_hal_uart.o
    0x0800c3f4   0x0800c3f4   0x00000010   Data   RO         6534    .constdata          stm32h7xx_hal_uart_ex.o
    0x0800c404   0x0800c404   0x00000010   Data   RO         6643    .constdata          system_stm32h7xx.o
    0x0800c414   0x0800c414   0x000000d6   Data   RO          875    .conststring        main.o
    0x0800c4ea   0x0800c4ea   0x00000002   PAD
    0x0800c4ec   0x0800c4ec   0x00000004   Data   RO          500    .conststrlit        sto_tests_v2_nanopb.pb.o
    0x0800c4f0   0x0800c4f0   0x00000020   Data   RO         8685    Region$$Table       anon$$obj.o


    Execution Region RW_IRAM1 (Exec base: 0x20000000, Load base: 0x0800c510, Size: 0x00000000, Max: 0x00020000, ABSOLUTE)

    **** No section assigned to this execution region ****


    Execution Region RW_IRAM2 (Exec base: 0x24000000, Load base: 0x0800c510, Size: 0x000282e0, Max: 0x00080000, ABSOLUTE, COMPRESSED[0x000030dc])

    Exec Addr    Load Addr    Size         Type   Attr      Idx    E Section Name        Object

    0x24000000   COMPRESSED   0x000004c8   Data   RW          538    .data               freertos_tasks.o
    0x240004c8   COMPRESSED   0x000064b0   Data   RW          877    .data               main.o
    0x24006978   COMPRESSED   0x0000000c   Data   RW         3495    .data               stm32h7xx_hal.o
    0x24006984   COMPRESSED   0x00000008   Data   RW         6644    .data               system_stm32h7xx.o
    0x2400698c   COMPRESSED   0x0000003c   Data   RW         7320    .data               tasks.o
    0x240069c8   COMPRESSED   0x00000014   Data   RW         7662    .data               timers.o
    0x240069dc   COMPRESSED   0x00000004   Data   RW         7899    .data               cmsis_os2.o
    0x240069e0   COMPRESSED   0x00000020   Data   RW         8362    .data               heap_4.o
    0x24006a00   COMPRESSED   0x0000000c   Data   RW         8418    .data               port.o
    0x24006a0c        -       0x00000080   Zero   RW          871    .bss                main.o
    0x24006a8c        -       0x000004c4   Zero   RW          872    .bss                main.o
    0x24006f50        -       0x0000004c   Zero   RW         1233    .bss                stm32h7xx_hal_timebase_tim.o
    0x24006f9c        -       0x00000040   Zero   RW         6885    .bss                queue.o
    0x24006fdc        -       0x000004c4   Zero   RW         7319    .bss                tasks.o
    0x240074a0        -       0x00000118   Zero   RW         7661    .bss                timers.o
    0x240075b8        -       0x000006c8   Zero   RW         7898    .bss                cmsis_os2.o
    0x24007c80        -       0x00020000   Zero   RW         8361    .bss                heap_4.o
    0x24027c80        -       0x00000060   Zero   RW         8557    .bss                c_w.l(libspace.o)
    0x24027ce0        -       0x00000200   Zero   RW            2    HEAP                startup_stm32h743xx.o
    0x24027ee0        -       0x00000400   Zero   RW            1    STACK               startup_stm32h743xx.o


==============================================================================

Image component sizes


      Code (inc. data)   RO Data    RW Data    ZI Data      Debug   Object Name

       380         24          0          4       1736      71007   cmsis_os2.o
         0          0          0          0          0      19468   event_groups.o
      7196        926          0       1224          0    1396509   freertos_tasks.o
       480         26          0         32     131072       5187   heap_4.o
       138          0          0          0          0       3758   list.o
      3780        370       1014      25776       1348      20342   main.o
       782          0          0          0          0      36233   pb_common.o
      4378        706          0          0          0      54843   pb_decode.o
      2666        364          0          0          0      46583   pb_encode.o
       786         84          0         12          0      11853   port.o
      1564         20          0          0         64      18048   queue.o
        64         26        664          0       1536        856   startup_stm32h743xx.o
       168         36          0         12          0      22841   stm32h7xx_hal.o
       158         14          0          0          0      38894   stm32h7xx_hal_cortex.o
      1580         26          0          0          0       4495   stm32h7xx_hal_dma.o
      2916         52         92          0          0      25734   stm32h7xx_hal_fdcan.o
       602         50          0          0          0       3784   stm32h7xx_hal_gpio.o
       660         62          0          0          0       4732   stm32h7xx_hal_msp.o
        16          4          0          0          0        559   stm32h7xx_hal_pwr.o
        88          6          0          0          0        845   stm32h7xx_hal_pwr_ex.o
      2976        136          0          0          0       8921   stm32h7xx_hal_rcc.o
      4080        132          0          0          0       8529   stm32h7xx_hal_rcc_ex.o
       754         22          0          0          0       6312   stm32h7xx_hal_rtc.o
      1442         26          0          0          0       9497   stm32h7xx_hal_spi.o
      1196         80          0          0          0      10307   stm32h7xx_hal_tim.o
       166         28          0          0          0       3388   stm32h7xx_hal_tim_ex.o
       144         20          0          0         76       1744   stm32h7xx_hal_timebase_tim.o
      3280        130         24          0          0      33851   stm32h7xx_hal_uart.o
       292          6         16          0          0       5666   stm32h7xx_hal_uart_ex.o
        90         36          0          0          0       6253   stm32h7xx_it.o
         0          0        196          0          0       3340   sto_tests_v2_nanopb.pb.o
         0          0          0          0          0        392   stream_buffer.o
       220         42         16          8          0       1486   system_stm32h7xx.o
      2568        220          0         60       1220      31542   tasks.o
      1040         88          0         20        280      33491   timers.o

    ----------------------------------------------------------------------
     46728       3762       2056      27148     137332    1951290   Object Totals
         0          0         32          0          0          0   (incl. Generated)
        78          0          2          0          0          0   (incl. Padding)

    ----------------------------------------------------------------------

      Code (inc. data)   RO Data    RW Data    ZI Data      Debug   Library Member Name

       100          0          0          0          0          0   __dclz77c.o
         8          0          0          0          0         68   __main.o
         0          0          0          0          0          0   __rtentry.o
        12          0          0          0          0          0   __rtentry2.o
         6          0          0          0          0          0   __rtentry4.o
        52          8          0          0          0          0   __scatter.o
        28          0          0          0          0          0   __scatter_zi.o
        16          0          0          0          0         68   aeabi_memset.o
        18          0          0          0          0         80   exit.o
         6          0          0          0          0        152   heapauxi.o
         0          0          0          0          0          0   indicate_semi.o
         2          0          0          0          0          0   libinit.o
         6          0          0          0          0          0   libinit2.o
         2          0          0          0          0          0   libshutdown.o
         2          0          0          0          0          0   libshutdown2.o
         8          4          0          0         96         68   libspace.o
        38          0          0          0          0         68   llshl.o
       238          0          0          0          0        100   lludivv7m.o
        38          0          0          0          0         68   llushr.o
        88          0          0          0          0         76   memcmp.o
        68          0          0          0          0         68   rt_memclr.o
        78          0          0          0          0         80   rt_memclr_w.o
       138          0          0          0          0         68   rt_memcpy_v6.o
       100          0          0          0          0         80   rt_memcpy_w.o
         2          0          0          0          0          0   rtexit.o
        10          0          0          0          0          0   rtexit2.o
        12          4          0          0          0         68   sys_exit.o
        74          0          0          0          0         80   sys_stackheap_outer.o
         2          0          0          0          0         68   use_no_semi.o
       156          4          0          0          0        140   dnaninf.o
       180          4          0          0          0        128   drnd.o
        10          0          0          0          0        116   fpinit.o
         0          0          0          0          0          0   usenofp.o
       160         24          0          0          0        132   round.o

    ----------------------------------------------------------------------
      1664         48          0          0         96       1776   Library Totals
         6          0          0          0          0          0   (incl. Padding)

    ----------------------------------------------------------------------

      Code (inc. data)   RO Data    RW Data    ZI Data      Debug   Library Name

      1152         16          0          0         96       1260   c_w.l
       346          8          0          0          0        384   fz_wv.l
       160         24          0          0          0        132   m_wv.l

    ----------------------------------------------------------------------
      1664         48          0          0         96       1776   Library Totals

    ----------------------------------------------------------------------

==============================================================================


      Code (inc. data)   RO Data    RW Data    ZI Data      Debug   

     48392       3810       2056      27148     137428    1919742   Grand Totals
     48392       3810       2056      12508     137428    1919742   ELF Image Totals (compressed)
     48392       3810       2056      12508          0          0   ROM Totals

==============================================================================

    Total RO  Size (Code + RO Data)                50448 (  49.27kB)
    Total RW  Size (RW Data + ZI Data)            164576 ( 160.72kB)
    Total ROM Size (Code + RO Data + RW Data)      62956 (  61.48kB)

==============================================================================

