Component: ARM Compiler 5.06 update 7 (build 960) Tool: armlink [4d3601]

==============================================================================

Section Cross References

    startup_stm32h743xx.o(STACK) refers (Special) to heapauxi.o(.text) for __use_two_region_memory
    startup_stm32h743xx.o(HEAP) refers (Special) to heapauxi.o(.text) for __use_two_region_memory
    startup_stm32h743xx.o(RESET) refers (Special) to heapauxi.o(.text) for __use_two_region_memory
    startup_stm32h743xx.o(RESET) refers to startup_stm32h743xx.o(STACK) for __initial_sp
    startup_stm32h743xx.o(RESET) refers to startup_stm32h743xx.o(.text) for Reset_Handler
    startup_stm32h743xx.o(RESET) refers to stm32h7xx_it.o(i.NMI_Handler) for NMI_Handler
    startup_stm32h743xx.o(RESET) refers to stm32h7xx_it.o(i.HardFault_Handler) for HardFault_Handler
    startup_stm32h743xx.o(RESET) refers to stm32h7xx_it.o(i.MemManage_Handler) for MemManage_Handler
    startup_stm32h743xx.o(RESET) refers to stm32h7xx_it.o(i.BusFault_Handler) for BusFault_Handler
    startup_stm32h743xx.o(RESET) refers to stm32h7xx_it.o(i.UsageFault_Handler) for UsageFault_Handler
    startup_stm32h743xx.o(RESET) refers to port.o(.emb_text) for SVC_Handler
    startup_stm32h743xx.o(RESET) refers to stm32h7xx_it.o(i.DebugMon_Handler) for DebugMon_Handler
    startup_stm32h743xx.o(RESET) refers to cmsis_os2.o(i.SysTick_Handler) for SysTick_Handler
    startup_stm32h743xx.o(RESET) refers to stm32h7xx_it.o(i.FDCAN1_IT0_IRQHandler) for FDCAN1_IT0_IRQHandler
    startup_stm32h743xx.o(RESET) refers to stm32h7xx_it.o(i.FDCAN1_IT1_IRQHandler) for FDCAN1_IT1_IRQHandler
    startup_stm32h743xx.o(RESET) refers to stm32h7xx_it.o(i.TIM1_UP_IRQHandler) for TIM1_UP_IRQHandler
    startup_stm32h743xx.o(RESET) refers to stm32h7xx_it.o(i.TIM8_UP_TIM13_IRQHandler) for TIM8_UP_TIM13_IRQHandler
    startup_stm32h743xx.o(.text) refers (Special) to heapauxi.o(.text) for __use_two_region_memory
    startup_stm32h743xx.o(.text) refers to system_stm32h7xx.o(i.SystemInit) for SystemInit
    startup_stm32h743xx.o(.text) refers to __main.o(!!!main) for __main
    startup_stm32h743xx.o(.text) refers to startup_stm32h743xx.o(HEAP) for Heap_Mem
    startup_stm32h743xx.o(.text) refers to startup_stm32h743xx.o(STACK) for Stack_Mem
    main.o(i.CAN_2_RUN) refers to tasks.o(i.ulTaskNotifyTake) for ulTaskNotifyTake
    main.o(i.CAN_2_RUN) refers to cmsis_os2.o(i.osDelay) for osDelay
    main.o(i.CAN_2_RUN) refers to main.o(.data) for time
    main.o(i.FDCAN1_Config) refers to stm32h7xx_hal_fdcan.o(i.HAL_FDCAN_ConfigGlobalFilter) for HAL_FDCAN_ConfigGlobalFilter
    main.o(i.FDCAN1_Config) refers to main.o(i.Error_Handler) for Error_Handler
    main.o(i.FDCAN1_Config) refers to stm32h7xx_hal_fdcan.o(i.HAL_FDCAN_Start) for HAL_FDCAN_Start
    main.o(i.FDCAN1_Config) refers to stm32h7xx_hal_fdcan.o(i.HAL_FDCAN_ActivateNotification) for HAL_FDCAN_ActivateNotification
    main.o(i.FDCAN1_Config) refers to main.o(.bss) for hfdcan1
    main.o(i.HAL_FDCAN_RxFifo0Callback) refers to stm32h7xx_hal_fdcan.o(i.HAL_FDCAN_GetRxMessage) for HAL_FDCAN_GetRxMessage
    main.o(i.HAL_FDCAN_RxFifo0Callback) refers to main.o(.data) for UARTRXcmd
    main.o(i.HAL_FDCAN_RxFifo0Callback) refers to main.o(.bss) for RxHeader
    main.o(i.HAL_TIM_PeriodElapsedCallback) refers to stm32h7xx_hal.o(i.HAL_IncTick) for HAL_IncTick
    main.o(i.HAL_TIM_PeriodElapsedCallback) refers to main.o(.data) for time
    main.o(i.Init_test_run) refers to tasks.o(i.ulTaskNotifyTake) for ulTaskNotifyTake
    main.o(i.Init_test_run) refers to main.o(.data) for time
    main.o(i.MX_FDCAN1_Init) refers to stm32h7xx_hal_fdcan.o(i.HAL_FDCAN_Init) for HAL_FDCAN_Init
    main.o(i.MX_FDCAN1_Init) refers to main.o(i.Error_Handler) for Error_Handler
    main.o(i.MX_FDCAN1_Init) refers to main.o(.bss) for hfdcan1
    main.o(i.MX_SPI3_Init) refers to stm32h7xx_hal_spi.o(i.HAL_SPI_Init) for HAL_SPI_Init
    main.o(i.MX_SPI3_Init) refers to main.o(i.Error_Handler) for Error_Handler
    main.o(i.MX_SPI3_Init) refers to main.o(.bss) for hspi3
    main.o(i.MX_TIM1_Init) refers to stm32h7xx_hal_tim.o(i.HAL_TIM_Base_Init) for HAL_TIM_Base_Init
    main.o(i.MX_TIM1_Init) refers to main.o(i.Error_Handler) for Error_Handler
    main.o(i.MX_TIM1_Init) refers to stm32h7xx_hal_tim.o(i.HAL_TIM_ConfigClockSource) for HAL_TIM_ConfigClockSource
    main.o(i.MX_TIM1_Init) refers to stm32h7xx_hal_tim_ex.o(i.HAL_TIMEx_MasterConfigSynchronization) for HAL_TIMEx_MasterConfigSynchronization
    main.o(i.MX_TIM1_Init) refers to main.o(.bss) for htim1
    main.o(i.MX_UART4_Init) refers to stm32h7xx_hal_uart.o(i.HAL_UART_Init) for HAL_UART_Init
    main.o(i.MX_UART4_Init) refers to main.o(i.Error_Handler) for Error_Handler
    main.o(i.MX_UART4_Init) refers to stm32h7xx_hal_uart_ex.o(i.HAL_UARTEx_SetTxFifoThreshold) for HAL_UARTEx_SetTxFifoThreshold
    main.o(i.MX_UART4_Init) refers to stm32h7xx_hal_uart_ex.o(i.HAL_UARTEx_SetRxFifoThreshold) for HAL_UARTEx_SetRxFifoThreshold
[...]
    i.vTaskMissedYield                       0x08006944   Section        0  tasks.o(i.vTaskMissedYield)
    i.vTaskPlaceOnEventList                  0x08006950   Section        0  tasks.o(i.vTaskPlaceOnEventList)
    i.vTaskPlaceOnEventListRestricted        0x08006988   Section        0  tasks.o(i.vTaskPlaceOnEventListRestricted)
    i.vTaskResume                            0x080069c8   Section        0  tasks.o(i.vTaskResume)
    i.vTaskStartScheduler                    0x08006a58   Section        0  tasks.o(i.vTaskStartScheduler)
    i.vTaskSuspendAll                        0x08006b10   Section        0  tasks.o(i.vTaskSuspendAll)
    i.vTaskSwitchContext                     0x08006b20   Section        0  tasks.o(i.vTaskSwitchContext)
    i.xPortStartScheduler                    0x08006bb0   Section        0  port.o(i.xPortStartScheduler)
    i.xPortSysTickHandler                    0x08006d18   Section        0  port.o(i.xPortSysTickHandler)
    i.xQueueGenericCreateStatic              0x08006d4c   Section        0  queue.o(i.xQueueGenericCreateStatic)
    i.xQueueGenericReset                     0x08006e2c   Section        0  queue.o(i.xQueueGenericReset)
    i.xQueueGenericSend                      0x08006ec4   Section        0  queue.o(i.xQueueGenericSend)
    i.xQueueGenericSendFromISR               0x0800706c   Section        0  queue.o(i.xQueueGenericSendFromISR)
    i.xQueueReceive                          0x08007168   Section        0  queue.o(i.xQueueReceive)
    i.xTaskCheckForTimeOut                   0x080072d0   Section        0  tasks.o(i.xTaskCheckForTimeOut)
    i.xTaskCreate                            0x0800735c   Section        0  tasks.o(i.xTaskCreate)
    i.xTaskCreateStatic                      0x080073c0   Section        0  tasks.o(i.xTaskCreateStatic)
    i.xTaskGenericNotify                     0x0800747c   Section        0  tasks.o(i.xTaskGenericNotify)
    i.xTaskGetSchedulerState                 0x080075a4   Section        0  tasks.o(i.xTaskGetSchedulerState)
    i.xTaskGetTickCount                      0x080075c4   Section        0  tasks.o(i.xTaskGetTickCount)
    i.xTaskIncrementTick                     0x080075d0   Section        0  tasks.o(i.xTaskIncrementTick)
    i.xTaskPriorityDisinherit                0x08007714   Section        0  tasks.o(i.xTaskPriorityDisinherit)
    i.xTaskRemoveFromEventList               0x080077b8   Section        0  tasks.o(i.xTaskRemoveFromEventList)
    i.xTaskResumeAll                         0x08007850   Section        0  tasks.o(i.xTaskResumeAll)
    i.xTimerCreateTimerTask                  0x08007954   Section        0  timers.o(i.xTimerCreateTimerTask)
    i.xTimerGenericCommand                   0x080079cc   Section        0  timers.o(i.xTimerGenericCommand)
    x$fpl$fpinit                             0x08007a50   Section       10  fpinit.o(x$fpl$fpinit)
    $v0                                      0x08007a50   Number         0  fpinit.o(x$fpl$fpinit)
    .constdata                               0x08007a5c   Section       72  main.o(.constdata)
    .constdata                               0x08007aa4   Section       92  stm32h7xx_hal_fdcan.o(.constdata)
    DLCtoBytes                               0x08007aa4   Data          16  stm32h7xx_hal_fdcan.o(.constdata)
    .constdata                               0x08007b00   Section       24  stm32h7xx_hal_uart.o(.constdata)
    .constdata                               0x08007b18   Section       16  stm32h7xx_hal_uart_ex.o(.constdata)
    numerator                                0x08007b18   Data           8  stm32h7xx_hal_uart_ex.o(.constdata)
    denominator                              0x08007b20   Data           8  stm32h7xx_hal_uart_ex.o(.constdata)
    .constdata                               0x08007b28   Section       16  system_stm32h7xx.o(.constdata)
    .conststring                             0x08007b38   Section       18  main.o(.conststring)
    .data                                    0x24000000   Section       24  main.o(.data)
    .data                                    0x24000018   Section        9  stm32h7xx_hal.o(.data)
    .data                                    0x24000024   Section        8  system_stm32h7xx.o(.data)
    .data                                    0x2400002c   Section       60  tasks.o(.data)
    pxDelayedTaskList                        0x24000030   Data           4  tasks.o(.data)
    pxOverflowDelayedTaskList                0x24000034   Data           4  tasks.o(.data)
    uxDeletedTasksWaitingCleanUp             0x24000038   Data           4  tasks.o(.data)
    uxCurrentNumberOfTasks                   0x2400003c   Data           4  tasks.o(.data)
    xTickCount                               0x24000040   Data           4  tasks.o(.data)
    uxTopReadyPriority                       0x24000044   Data           4  tasks.o(.data)
    xSchedulerRunning                        0x24000048   Data           4  tasks.o(.data)
    xPendedTicks                             0x2400004c   Data           4  tasks.o(.data)
    xYieldPending                            0x24000050   Data           4  tasks.o(.data)
    xNumOfOverflows                          0x24000054   Data           4  tasks.o(.data)
    uxTaskNumber                             0x24000058   Data           4  tasks.o(.data)
    xNextTaskUnblockTime                     0x2400005c   Data           4  tasks.o(.data)
    xIdleTaskHandle                          0x24000060   Data           4  tasks.o(.data)
    uxSchedulerSuspended                     0x24000064   Data           4  tasks.o(.data)
    .data                                    0x24000068   Section       20  timers.o(.data)
    pxCurrentTimerList                       0x24000068   Data           4  timers.o(.data)
    pxOverflowTimerList                      0x2400006c   Data           4  timers.o(.data)
    xTimerQueue                              0x24000070   Data           4  timers.o(.data)
    xTimerTaskHandle                         0x24000074   Data           4  timers.o(.data)
    xLastTime                                0x24000078   Data           4  timers.o(.data)
    .data                                    0x2400007c   Section        4  cmsis_os2.o(.data)
    KernelState                              0x2400007c   Data           4  cmsis_os2.o(.data)
    .data                                    0x24000080   Section       32  heap_4.o(.data)
    xStart                                   0x24000080   Data           8  heap_4.o(.data)
    pxEnd                                    0x24000088   Data           4  heap_4.o(.data)
    xFreeBytesRemaining                      0x2400008c   Data           4  heap_4.o(.data)
    xMinimumEverFreeBytesRemaining           0x24000090   Data           4  heap_4.o(.data)
    xNumberOfSuccessfulAllocations           0x24000094   Data           4  heap_4.o(.data)
    xNumberOfSuccessfulFrees                 0x24000098   Data           4  heap_4.o(.data)
    xBlockAllocatedBit                       0x2400009c   Data           4  heap_4.o(.data)
    .data                                    0x240000a0   Section       12  port.o(.data)
    uxCriticalNesting                        0x240000a0   Data           4  port.o(.data)
    ucMaxSysCallPriority                     0x240000a4   Data           1  port.o(.data)
    ulMaxPRIGROUPValue                       0x240000a8   Data           4  port.o(.data)
    .bss                                     0x240000ac   Section      796  main.o(.bss)
    .bss                                     0x240003c8   Section       76  stm32h7xx_hal_timebase_tim.o(.bss)
    .bss                                     0x24000414   Section       64  queue.o(.bss)
    .bss                                     0x24000454   Section     1220  tasks.o(.bss)
    pxReadyTasksLists                        0x24000454   Data        1120  tasks.o(.bss)
    xDelayedTaskList1                        0x240008b4   Data          20  tasks.o(.bss)
    xDelayedTaskList2                        0x240008c8   Data          20  tasks.o(.bss)
    xPendingReadyList                        0x240008dc   Data          20  tasks.o(.bss)
    xTasksWaitingTermination                 0x240008f0   Data          20  tasks.o(.bss)
    xSuspendedTaskList                       0x24000904   Data          20  tasks.o(.bss)
    .bss                                     0x24000918   Section      280  timers.o(.bss)
    xActiveTimerList1                        0x24000918   Data          20  timers.o(.bss)
    xActiveTimerList2                        0x2400092c   Data          20  timers.o(.bss)
    xStaticTimerQueue                        0x24000940   Data          80  timers.o(.bss)
    ucStaticTimerQueueStorage                0x24000990   Data         160  timers.o(.bss)
    .bss                                     0x24000a30   Section     1720  cmsis_os2.o(.bss)
    Idle_TCB                                 0x24000a30   Data          92  cmsis_os2.o(.bss)
    Idle_Stack                               0x24000a8c   Data         512  cmsis_os2.o(.bss)
    Timer_TCB                                0x24000c8c   Data          92  cmsis_os2.o(.bss)
    Timer_Stack                              0x24000ce8   Data        1024  cmsis_os2.o(.bss)
    .bss                                     0x240010e8   Section    15360  heap_4.o(.bss)
    ucHeap                                   0x240010e8   Data       15360  heap_4.o(.bss)
    .bss                                     0x24004ce8   Section       96  libspace.o(.bss)
    HEAP                                     0x24004d48   Section      512  startup_stm32h743xx.o(HEAP)
    Heap_Mem                                 0x24004d48   Data         512  startup_stm32h743xx.o(HEAP)
    STACK                                    0x24004f48   Section     1024  startup_stm32h743xx.o(STACK)
    Stack_Mem                                0x24004f48   Data        1024  startup_stm32h743xx.o(STACK)
    __initial_sp                             0x24005348   Data           0  startup_stm32h743xx.o(STACK)

    Global Symbols

    Symbol Name                              Value     Ov Type        Size  Object(Section)

    BuildAttributes$$THM_ISAv4$E$P$D$K$B$S$7EM$VFPv5_D16$PE$PLD8$A:L22UL41UL21$X:L11$S22US41US21$IEEE1$IW$USESV6$~STKCKD$USESV7$~SHL$OSPACE$ROPI$EBA8$UX$STANDARDLIB$REQ8$PRES8$EABIv2 0x00000000   Number         0  anon$$obj.o ABSOLUTE
    __ARM_use_no_argv                        0x00000000   Number         0  main.o ABSOLUTE
    __ARM_exceptions_init                     - Undefined Weak Reference
    __alloca_initialize                       - Undefined Weak Reference
    __arm_fini_                               - Undefined Weak Reference
    __arm_preinit_                            - Undefined Weak Reference
    __cpp_initialize__aeabi_                  - Undefined Weak Reference
    __cxa_finalize                            - Undefined Weak Reference
    __rt_locale                               - Undefined Weak Reference
    __sigvec_lookup                           - Undefined Weak Reference
    _atexit_init                              - Undefined Weak Reference
    _call_atexit_fns                          - Undefined Weak Reference
    _clock_init                               - Undefined Weak Reference
    _fp_trap_init                             - Undefined Weak Reference
    _fp_trap_shutdown                         - Undefined Weak Reference
    _get_lc_collate                           - Undefined Weak Reference
    _get_lc_ctype                             - Undefined Weak Reference
    _get_lc_monetary                          - Undefined Weak Reference
    _get_lc_numeric                           - Undefined Weak Reference
    _get_lc_time                              - Undefined Weak Reference
    _getenv_init                              - Undefined Weak Reference
    _handle_redirection                       - Undefined Weak Reference
    _init_alloc                               - Undefined Weak Reference
    _init_user_alloc                          - Undefined Weak Reference
    _initio                                   - Undefined Weak Reference
    _rand_init                                - Undefined Weak Reference
    _signal_finish                            - Undefined Weak Reference
    _signal_init                              - Undefined Weak Reference
    _terminate_alloc                          - Undefined Weak Reference
    _terminate_user_alloc                     - Undefined Weak Reference
    _terminateio                              - Undefined Weak Reference
    __Vectors_Size                           0x00000298   Number         0  startup_stm32h743xx.o ABSOLUTE
    __Vectors                                0x08000000   Data           4  startup_stm32h743xx.o(RESET)
    __Vectors_End                            0x08000298   Data           0  startup_stm32h743xx.o(RESET)
    __main                                   0x08000299   Thumb Code     8  __main.o(!!!main)
    __scatterload                            0x080002a1   Thumb Code     0  __scatter.o(!!!scatter)
    __scatterload_rt2                        0x080002a1   Thumb Code    44  __scatter.o(!!!scatter)
    __scatterload_rt2_thumb_only             0x080002a1   Thumb Code     0  __scatter.o(!!!scatter)
    __scatterload_null                       0x080002af   Thumb Code     0  __scatter.o(!!!scatter)
    __scatterload_copy                       0x080002d5   Thumb Code    26  __scatter_copy.o(!!handler_copy)
    __scatterload_zeroinit                   0x080002f1   Thumb Code    28  __scatter_zi.o(!!handler_zi)
    __rt_lib_init                            0x0800030d   Thumb Code     0  libinit.o(.ARM.Collect$$libinit$$00000000)
    __rt_lib_init_fp_1                       0x0800030f   Thumb Code     0  libinit2.o(.ARM.Collect$$libinit$$00000001)
    __rt_lib_init_alloca_1                   0x08000313   Thumb Code     0  libinit2.o(.ARM.Collect$$libinit$$0000002E)
    __rt_lib_init_argv_1                     0x08000313   Thumb Code     0  libinit2.o(.ARM.Collect$$libinit$$0000002C)
    __rt_lib_init_atexit_1                   0x08000313   Thumb Code     0  libinit2.o(.ARM.Collect$$libinit$$0000001B)
    __rt_lib_init_clock_1                    0x08000313   Thumb Code     0  libinit2.o(.ARM.Collect$$libinit$$00000021)
    __rt_lib_init_cpp_1                      0x08000313   Thumb Code     0  libinit2.o(.ARM.Collect$$libinit$$00000032)
    __rt_lib_init_exceptions_1               0x08000313   Thumb Code     0  libinit2.o(.ARM.Collect$$libinit$$00000030)
    __rt_lib_init_fp_trap_1                  0x08000313   Thumb Code     0  libinit2.o(.ARM.Collect$$libinit$$0000001F)
    __rt_lib_init_getenv_1                   0x08000313   Thumb Code     0  libinit2.o(.ARM.Collect$$libinit$$00000023)
    __rt_lib_init_heap_1                     0x08000313   Thumb Code     0  libinit2.o(.ARM.Collect$$libinit$$0000000A)
    __rt_lib_init_lc_collate_1               0x08000313   Thumb Code     0  libinit2.o(.ARM.Collect$$libinit$$00000011)
    __rt_lib_init_lc_ctype_1                 0x08000313   Thumb Code     0  libinit2.o(.ARM.Collect$$libinit$$00000013)
    __rt_lib_init_lc_monetary_1              0x08000313   Thumb Code     0  libinit2.o(.ARM.Collect$$libinit$$00000015)
    __rt_lib_init_lc_numeric_1               0x08000313   Thumb Code     0  libinit2.o(.ARM.Collect$$libinit$$00000017)
    __rt_lib_init_lc_time_1                  0x08000313   Thumb Code     0  libinit2.o(.ARM.Collect$$libinit$$00000019)
    __rt_lib_init_preinit_1                  0x08000313   Thumb Code     0  libinit2.o(.ARM.Collect$$libinit$$00000004)
    __rt_lib_init_rand_1                     0x08000313   Thumb Code     0  libinit2.o(.ARM.Collect$$libinit$$0000000E)
    __rt_lib_init_return                     0x08000313   Thumb Code     0  libinit2.o(.ARM.Collect$$libinit$$00000033)
    __rt_lib_init_signal_1                   0x08000313   Thumb Code     0  libinit2.o(.ARM.Collect$$libinit$$0000001D)
    __rt_lib_init_stdio_1                    0x08000313   Thumb Code     0  libinit2.o(.ARM.Collect$$libinit$$00000025)
    __rt_lib_init_user_alloc_1               0x08000313   Thumb Code     0  libinit2.o(.ARM.Collect$$libinit$$0000000C)
    __rt_lib_shutdown                        0x08000315   Thumb Code     0  libshutdown.o(.ARM.Collect$$libshutdown$$00000000)
    __rt_lib_shutdown_cpp_1                  0x08000317   Thumb Code     0  libshutdown2.o(.ARM.Collect$$libshutdown$$00000004)
    __rt_lib_shutdown_fini_1                 0x08000317   Thumb Code     0  libshutdown2.o(.ARM.Collect$$libshutdown$$00000002)
    __rt_lib_shutdown_fp_trap_1              0x08000317   Thumb Code     0  libshutdown2.o(.ARM.Collect$$libshutdown$$00000009)
    __rt_lib_shutdown_heap_1                 0x08000317   Thumb Code     0  libshutdown2.o(.ARM.Collect$$libshutdown$$00000011)
    __rt_lib_shutdown_return                 0x08000317   Thumb Code     0  libshutdown2.o(.ARM.Collect$$libshutdown$$00000012)
    __rt_lib_shutdown_signal_1               0x08000317   Thumb Code     0  libshutdown2.o(.ARM.Collect$$libshutdown$$0000000C)
    __rt_lib_shutdown_stdio_1                0x08000317   Thumb Code     0  libshutdown2.o(.ARM.Collect$$libshutdown$$00000006)
    __rt_lib_shutdown_user_alloc_1           0x08000317   Thumb Code     0  libshutdown2.o(.ARM.Collect$$libshutdown$$0000000E)
    __rt_entry                               0x08000319   Thumb Code     0  __rtentry.o(.ARM.Collect$$rtentry$$00000000)
    __rt_entry_presh_1                       0x08000319   Thumb Code     0  __rtentry2.o(.ARM.Collect$$rtentry$$00000002)
    __rt_entry_sh                            0x08000319   Thumb Code     0  __rtentry4.o(.ARM.Collect$$rtentry$$00000004)
    __rt_entry_li                            0x0800031f   Thumb Code     0  __rtentry2.o(.ARM.Collect$$rtentry$$0000000A)
    __rt_entry_postsh_1                      0x0800031f   Thumb Code     0  __rtentry2.o(.ARM.Collect$$rtentry$$00000009)
    __rt_entry_main                          0x08000323   Thumb Code     0  __rtentry2.o(.ARM.Collect$$rtentry$$0000000D)
    __rt_entry_postli_1                      0x08000323   Thumb Code     0  __rtentry2.o(.ARM.Collect$$rtentry$$0000000C)
    __rt_exit                                0x0800032b   Thumb Code     0  rtexit.o(.ARM.Collect$$rtexit$$00000000)
    __rt_exit_ls                             0x0800032d   Thumb Code     0  rtexit2.o(.ARM.Collect$$rtexit$$00000003)
    __rt_exit_prels_1                        0x0800032d   Thumb Code     0  rtexit2.o(.ARM.Collect$$rtexit$$00000002)
    __rt_exit_exit                           0x08000331   Thumb Code     0  rtexit2.o(.ARM.Collect$$rtexit$$00000004)
    SVC_Handler                              0x08000339   Thumb Code    28  port.o(.emb_text)
    __asm___6_port_c_39a90d8d__prvStartFirstTask 0x08000359   Thumb Code    36  port.o(.emb_text)
    __asm___6_port_c_39a90d8d__prvEnableVFP  0x08000381   Thumb Code    16  port.o(.emb_text)
    PendSV_Handler                           0x08000395   Thumb Code    88  port.o(.emb_text)
    vPortGetIPSR                             0x080003f1   Thumb Code     6  port.o(.emb_text)
    Reset_Handler                            0x080003f9   Thumb Code     8  startup_stm32h743xx.o(.text)
    ADC3_IRQHandler                          0x08000413   Thumb Code     0  startup_stm32h743xx.o(.text)
    ADC_IRQHandler                           0x08000413   Thumb Code     0  startup_stm32h743xx.o(.text)
    BDMA_Channel0_IRQHandler                 0x08000413   Thumb Code     0  startup_stm32h743xx.o(.text)
    BDMA_Channel1_IRQHandler                 0x08000413   Thumb Code     0  startup_stm32h743xx.o(.text)
    BDMA_Channel2_IRQHandler                 0x08000413   Thumb Code     0  startup_stm32h743xx.o(.text)
    BDMA_Channel3_IRQHandler                 0x08000413   Thumb Code     0  startup_stm32h743xx.o(.text)
    BDMA_Channel4_IRQHandler                 0x08000413   Thumb Code     0  startup_stm32h743xx.o(.text)
    BDMA_Channel5_IRQHandler                 0x08000413   Thumb Code     0  startup_stm32h743xx.o(.text)
    BDMA_Channel6_IRQHandler                 0x08000413   Thumb Code     0  startup_stm32h743xx.o(.text)
    BDMA_Channel7_IRQHandler                 0x08000413   Thumb Code     0  startup_stm32h743xx.o(.text)
    CEC_IRQHandler                           0x08000413   Thumb Code     0  startup_stm32h743xx.o(.text)
    COMP1_IRQHandler                         0x08000413   Thumb Code     0  startup_stm32h743xx.o(.text)
    CRS_IRQHandler                           0x08000413   Thumb Code     0  startup_stm32h743xx.o(.text)
    DCMI_IRQHandler                          0x08000413   Thumb Code     0  startup_stm32h743xx.o(.text)
    DFSDM1_FLT0_IRQHandler                   0x08000413   Thumb Code     0  startup_stm32h743xx.o(.text)
    DFSDM1_FLT1_IRQHandler                   0x08000413   Thumb Code     0  startup_stm32h743xx.o(.text)
    DFSDM1_FLT2_IRQHandler                   0x08000413   Thumb Code     0  startup_stm32h743xx.o(.text)
    DFSDM1_FLT3_IRQHandler                   0x08000413   Thumb Code     0  startup_stm32h743xx.o(.text)
    DMA1_Stream0_IRQHandler                  0x08000413   Thumb Code     0  startup_stm32h743xx.o(.text)
    DMA1_Stream1_IRQHandler                  0x08000413   Thumb Code     0  startup_stm32h743xx.o(.text)
    DMA1_Stream2_IRQHandler                  0x08000413   Thumb Code     0  startup_stm32h743xx.o(.text)
    DMA1_Stream3_IRQHandler                  0x08000413   Thumb Code     0  startup_stm32h743xx.o(.text)
    DMA1_Stream4_IRQHandler                  0x08000413   Thumb Code     0  startup_stm32h743xx.o(.text)
    DMA1_Stream5_IRQHandler                  0x08000413   Thumb Code     0  startup_stm32h743xx.o(.text)
    DMA1_Stream6_IRQHandler                  0x08000413   Thumb Code     0  startup_stm32h743xx.o(.text)
    DMA1_Stream7_IRQHandler                  0x08000413   Thumb Code     0  startup_stm32h743xx.o(.text)
    DMA2D_IRQHandler                         0x08000413   Thumb Code     0  startup_stm32h743xx.o(.text)
    DMA2_Stream0_IRQHandler                  0x08000413   Thumb Code     0  startup_stm32h743xx.o(.text)
    DMA2_Stream1_IRQHandler                  0x08000413   Thumb Code     0  startup_stm32h743xx.o(.text)
    DMA2_Stream2_IRQHandler                  0x08000413   Thumb Code     0  startup_stm32h743xx.o(.text)
    DMA2_Stream3_IRQHandler                  0x08000413   Thumb Code     0  startup_stm32h743xx.o(.text)
    DMA2_Stream4_IRQHandler                  0x08000413   Thumb Code     0  startup_stm32h743xx.o(.text)
    DMA2_Stream5_IRQHandler                  0x08000413   Thumb Code     0  startup_stm32h743xx.o(.text)
    DMA2_Stream6_IRQHandler                  0x08000413   Thumb Code     0  startup_stm32h743xx.o(.text)
    DMA2_Stream7_IRQHandler                  0x08000413   Thumb Code     0  startup_stm32h743xx.o(.text)
    DMAMUX1_OVR_IRQHandler                   0x08000413   Thumb Code     0  startup_stm32h743xx.o(.text)
    DMAMUX2_OVR_IRQHandler                   0x08000413   Thumb Code     0  startup_stm32h743xx.o(.text)
    ECC_IRQHandler                           0x08000413   Thumb Code     0  startup_stm32h743xx.o(.text)
    ETH_IRQHandler                           0x08000413   Thumb Code     0  startup_stm32h743xx.o(.text)
    ETH_WKUP_IRQHandler                      0x08000413   Thumb Code     0  startup_stm32h743xx.o(.text)
    EXTI0_IRQHandler                         0x08000413   Thumb Code     0  startup_stm32h743xx.o(.text)
    EXTI15_10_IRQHandler                     0x08000413   Thumb Code     0  startup_stm32h743xx.o(.text)
    EXTI1_IRQHandler                         0x08000413   Thumb Code     0  startup_stm32h743xx.o(.text)
    EXTI2_IRQHandler                         0x08000413   Thumb Code     0  startup_stm32h743xx.o(.text)
    EXTI3_IRQHandler                         0x08000413   Thumb Code     0  startup_stm32h743xx.o(.text)
    EXTI4_IRQHandler                         0x08000413   Thumb Code     0  startup_stm32h743xx.o(.text)
    EXTI9_5_IRQHandler                       0x08000413   Thumb Code     0  startup_stm32h743xx.o(.text)
    FDCAN2_IT0_IRQHandler                    0x08000413   Thumb Code     0  startup_stm32h743xx.o(.text)
    FDCAN2_IT1_IRQHandler                    0x08000413   Thumb Code     0  startup_stm32h743xx.o(.text)
    FDCAN_CAL_IRQHandler                     0x08000413   Thumb Code     0  startup_stm32h743xx.o(.text)
    FLASH_IRQHandler                         0x08000413   Thumb Code     0  startup_stm32h743xx.o(.text)
    FMC_IRQHandler                           0x08000413   Thumb Code     0  startup_stm32h743xx.o(.text)
    FPU_IRQHandler                           0x08000413   Thumb Code     0  startup_stm32h743xx.o(.text)
    HRTIM1_FLT_IRQHandler                    0x08000413   Thumb Code     0  startup_stm32h743xx.o(.text)
    HRTIM1_Master_IRQHandler                 0x08000413   Thumb Code     0  startup_stm32h743xx.o(.text)
    HRTIM1_TIMA_IRQHandler                   0x08000413   Thumb Code     0  startup_stm32h743xx.o(.text)
    HRTIM1_TIMB_IRQHandler                   0x08000413   Thumb Code     0  startup_stm32h743xx.o(.text)
    HRTIM1_TIMC_IRQHandler                   0x08000413   Thumb Code     0  startup_stm32h743xx.o(.text)
    HRTIM1_TIMD_IRQHandler                   0x08000413   Thumb Code     0  startup_stm32h743xx.o(.text)
    HRTIM1_TIME_IRQHandler                   0x08000413   Thumb Code     0  startup_stm32h743xx.o(.text)
    HSEM1_IRQHandler                         0x08000413   Thumb Code     0  startup_stm32h743xx.o(.text)
    I2C1_ER_IRQHandler                       0x08000413   Thumb Code     0  startup_stm32h743xx.o(.text)
    I2C1_EV_IRQHandler                       0x08000413   Thumb Code     0  startup_stm32h743xx.o(.text)
    I2C2_ER_IRQHandler                       0x08000413   Thumb Code     0  startup_stm32h743xx.o(.text)
    I2C2_EV_IRQHandler                       0x08000413   Thumb Code     0  startup_stm32h743xx.o(.text)
    I2C3_ER_IRQHandler                       0x08000413   Thumb Code     0  startup_stm32h743xx.o(.text)
    I2C3_EV_IRQHandler                       0x08000413   Thumb Code     0  startup_stm32h743xx.o(.text)
    I2C4_ER_IRQHandler                       0x08000413   Thumb Code     0  startup_stm32h743xx.o(.text)
    I2C4_EV_IRQHandler                       0x08000413   Thumb Code     0  startup_stm32h743xx.o(.text)
    JPEG_IRQHandler                          0x08000413   Thumb Code     0  startup_stm32h743xx.o(.text)
    LPTIM1_IRQHandler                        0x08000413   Thumb Code     0  startup_stm32h743xx.o(.text)
    LPTIM2_IRQHandler                        0x08000413   Thumb Code     0  startup_stm32h743xx.o(.text)
    LPTIM3_IRQHandler                        0x08000413   Thumb Code     0  startup_stm32h743xx.o(.text)
    LPTIM4_IRQHandler                        0x08000413   Thumb Code     0  startup_stm32h743xx.o(.text)
    LPTIM5_IRQHandler                        0x08000413   Thumb Code     0  startup_stm32h743xx.o(.text)
    LPUART1_IRQHandler                       0x08000413   Thumb Code     0  startup_stm32h743xx.o(.text)
    LTDC_ER_IRQHandler                       0x08000413   Thumb Code     0  startup_stm32h743xx.o(.text)
    LTDC_IRQHandler                          0x08000413   Thumb Code     0  startup_stm32h743xx.o(.text)
    MDIOS_IRQHandler                         0x08000413   Thumb Code     0  startup_stm32h743xx.o(.text)
    MDIOS_WKUP_IRQHandler                    0x08000413   Thumb Code     0  startup_stm32h743xx.o(.text)
    MDMA_IRQHandler                          0x08000413   Thumb Code     0  startup_stm32h743xx.o(.text)
    OTG_FS_EP1_IN_IRQHandler                 0x08000413   Thumb Code     0  startup_stm32h743xx.o(.text)
    OTG_FS_EP1_OUT_IRQHandler                0x08000413   Thumb Code     0  startup_stm32h743xx.o(.text)
    OTG_FS_IRQHandler                        0x08000413   Thumb Code     0  startup_stm32h743xx.o(.text)
    OTG_FS_WKUP_IRQHandler                   0x08000413   Thumb Code     0  startup_stm32h743xx.o(.text)
    OTG_HS_EP1_IN_IRQHandler                 0x08000413   Thumb Code     0  startup_stm32h743xx.o(.text)
    OTG_HS_EP1_OUT_IRQHandler                0x08000413   Thumb Code     0  startup_stm32h743xx.o(.text)
    OTG_HS_IRQHandler                        0x08000413   Thumb Code     0  startup_stm32h743xx.o(.text)
    OTG_HS_WKUP_IRQHandler                   0x08000413   Thumb Code     0  startup_stm32h743xx.o(.text)
    PVD_AVD_IRQHandler                       0x08000413   Thumb Code     0  startup_stm32h743xx.o(.text)
    QUADSPI_IRQHandler                       0x08000413   Thumb Code     0  startup_stm32h743xx.o(.text)
    RCC_IRQHandler                           0x08000413   Thumb Code     0  startup_stm32h743xx.o(.text)
    RNG_IRQHandler                           0x08000413   Thumb Code     0  startup_stm32h743xx.o(.text)
    RTC_Alarm_IRQHandler                     0x08000413   Thumb Code     0  startup_stm32h743xx.o(.text)
    RTC_WKUP_IRQHandler                      0x08000413   Thumb Code     0  startup_stm32h743xx.o(.text)
    SAI1_IRQHandler                          0x08000413   Thumb Code     0  startup_stm32h743xx.o(.text)
    SAI2_IRQHandler                          0x08000413   Thumb Code     0  startup_stm32h743xx.o(.text)
    SAI3_IRQHandler                          0x08000413   Thumb Code     0  startup_stm32h743xx.o(.text)
    SAI4_IRQHandler                          0x08000413   Thumb Code     0  startup_stm32h743xx.o(.text)
    SDMMC1_IRQHandler                        0x08000413   Thumb Code     0  startup_stm32h743xx.o(.text)
    SDMMC2_IRQHandler                        0x08000413   Thumb Code     0  startup_stm32h743xx.o(.text)
    SPDIF_RX_IRQHandler                      0x08000413   Thumb Code     0  startup_stm32h743xx.o(.text)
    SPI1_IRQHandler                          0x08000413   Thumb Code     0  startup_stm32h743xx.o(.text)
    SPI2_IRQHandler                          0x08000413   Thumb Code     0  startup_stm32h743xx.o(.text)
    SPI3_IRQHandler                          0x08000413   Thumb Code     0  startup_stm32h743xx.o(.text)
    SPI4_IRQHandler                          0x08000413   Thumb Code     0  startup_stm32h743xx.o(.text)
    SPI5_IRQHandler                          0x08000413   Thumb Code     0  startup_stm32h743xx.o(.text)
    SPI6_IRQHandler                          0x08000413   Thumb Code     0  startup_stm32h743xx.o(.text)
    SWPMI1_IRQHandler                        0x08000413   Thumb Code     0  startup_stm32h743xx.o(.text)
    TAMP_STAMP_IRQHandler                    0x08000413   Thumb Code     0  startup_stm32h743xx.o(.text)
    TIM15_IRQHandler                         0x08000413   Thumb Code     0  startup_stm32h743xx.o(.text)
    TIM16_IRQHandler                         0x08000413   Thumb Code     0  startup_stm32h743xx.o(.text)
    TIM17_IRQHandler                         0x08000413   Thumb Code     0  startup_stm32h743xx.o(.text)
    TIM1_BRK_IRQHandler                      0x08000413   Thumb Code     0  startup_stm32h743xx.o(.text)
    TIM1_CC_IRQHandler                       0x08000413   Thumb Code     0  startup_stm32h743xx.o(.text)
    TIM1_TRG_COM_IRQHandler                  0x08000413   Thumb Code     0  startup_stm32h743xx.o(.text)
    TIM2_IRQHandler                          0x08000413   Thumb Code     0  startup_stm32h743xx.o(.text)
    TIM3_IRQHandler                          0x08000413   Thumb Code     0  startup_stm32h743xx.o(.text)
    TIM4_IRQHandler                          0x08000413   Thumb Code     0  startup_stm32h743xx.o(.text)
    TIM5_IRQHandler                          0x08000413   Thumb Code     0  startup_stm32h743xx.o(.text)
    TIM6_DAC_IRQHandler                      0x08000413   Thumb Code     0  startup_stm32h743xx.o(.text)
    TIM7_IRQHandler                          0x08000413   Thumb Code     0  startup_stm32h743xx.o(.text)
    TIM8_BRK_TIM12_IRQHandler                0x08000413   Thumb Code     0  startup_stm32h743xx.o(.text)
    TIM8_CC_IRQHandler                       0x08000413   Thumb Code     0  startup_stm32h743xx.o(.text)
    TIM8_TRG_COM_TIM14_IRQHandler            0x08000413   Thumb Code     0  startup_stm32h743xx.o(.text)
    UART4_IRQHandler                         0x08000413   Thumb Code     0  startup_stm32h743xx.o(.text)
    UART5_IRQHandler                         0x08000413   Thumb Code     0  startup_stm32h743xx.o(.text)
    UART7_IRQHandler                         0x08000413   Thumb Code     0  startup_stm32h743xx.o(.text)
    UART8_IRQHandler                         0x08000413   Thumb Code     0  startup_stm32h743xx.o(.text)
    USART1_IRQHandler                        0x08000413   Thumb Code     0  startup_stm32h743xx.o(.text)
    USART2_IRQHandler                        0x08000413   Thumb Code     0  startup_stm32h743xx.o(.text)
    USART3_IRQHandler                        0x08000413   Thumb Code     0  startup_stm32h743xx.o(.text)
    USART6_IRQHandler                        0x08000413   Thumb Code     0  startup_stm32h743xx.o(.text)
    WAKEUP_PIN_IRQHandler                    0x08000413   Thumb Code     0  startup_stm32h743xx.o(.text)
    WWDG_IRQHandler                          0x08000413   Thumb Code     0  startup_stm32h743xx.o(.text)
    __user_initial_stackheap                 0x08000415   Thumb Code     0  startup_stm32h743xx.o(.text)
    __aeabi_uldivmod                         0x08000439   Thumb Code     0  lludivv7m.o(.text)
    _ll_udiv                                 0x08000439   Thumb Code   238  lludivv7m.o(.text)
    __aeabi_memcpy                           0x08000527   Thumb Code     0  rt_memcpy_v6.o(.text)
    __rt_memcpy                              0x08000527   Thumb Code   138  rt_memcpy_v6.o(.text)
    _memcpy_lastbytes                        0x0800058d   Thumb Code     0  rt_memcpy_v6.o(.text)
    __aeabi_memcpy4                          0x080005b1   Thumb Code     0  rt_memcpy_w.o(.text)
    __aeabi_memcpy8                          0x080005b1   Thumb Code     0  rt_memcpy_w.o(.text)
    __rt_memcpy_w                            0x080005b1   Thumb Code   100  rt_memcpy_w.o(.text)
    _memcpy_lastbytes_aligned                0x080005f9   Thumb Code     0  rt_memcpy_w.o(.text)
    __aeabi_memset                           0x08000615   Thumb Code    16  aeabi_memset.o(.text)
    __aeabi_memclr4                          0x08000625   Thumb Code     0  rt_memclr_w.o(.text)
    __aeabi_memclr8                          0x08000625   Thumb Code     0  rt_memclr_w.o(.text)
    __rt_memclr_w                            0x08000625   Thumb Code    78  rt_memclr_w.o(.text)
    _memset_w                                0x08000629   Thumb Code     0  rt_memclr_w.o(.text)
    __use_two_region_memory                  0x08000673   Thumb Code     2  heapauxi.o(.text)
    __rt_heap_escrow$2region                 0x08000675   Thumb Code     2  heapauxi.o(.text)
    __rt_heap_expand$2region                 0x08000677   Thumb Code     2  heapauxi.o(.text)
    __aeabi_memclr                           0x08000679   Thumb Code     0  rt_memclr.o(.text)
    __rt_memclr                              0x08000679   Thumb Code    68  rt_memclr.o(.text)
    _memset                                  0x0800067d   Thumb Code     0  rt_memclr.o(.text)
    __user_setup_stackheap                   0x080006bd   Thumb Code    74  sys_stackheap_outer.o(.text)
    exit                                     0x08000707   Thumb Code    18  exit.o(.text)
    __user_libspace                          0x08000719   Thumb Code     8  libspace.o(.text)
    __user_perproc_libspace                  0x08000719   Thumb Code     0  libspace.o(.text)
    __user_perthread_libspace                0x08000719   Thumb Code     0  libspace.o(.text)
    _sys_exit                                0x08000721   Thumb Code     8  sys_exit.o(.text)
    __I$use$semihosting                      0x0800072d   Thumb Code     0  use_no_semi.o(.text)
    __use_no_semihosting_swi                 0x0800072d   Thumb Code     2  use_no_semi.o(.text)
    BusFault_Handler                         0x0800072f   Thumb Code     4  stm32h7xx_it.o(i.BusFault_Handler)
    __semihosting_library_function           0x0800072f   Thumb Code     0  indicate_semi.o(.text)
    CAN_2_RUN                                0x08000735   Thumb Code    26  main.o(i.CAN_2_RUN)
    DebugMon_Handler                         0x08000755   Thumb Code     2  stm32h7xx_it.o(i.DebugMon_Handler)
    Error_Handler                            0x08000757   Thumb Code     6  main.o(i.Error_Handler)
    FDCAN1_IT0_IRQHandler                    0x080007bd   Thumb Code    10  stm32h7xx_it.o(i.FDCAN1_IT0_IRQHandler)
    FDCAN1_IT1_IRQHandler                    0x080007cd   Thumb Code    10  stm32h7xx_it.o(i.FDCAN1_IT1_IRQHandler)
    HAL_FDCAN_ActivateNotification           0x080009fd   Thumb Code   158  stm32h7xx_hal_fdcan.o(i.HAL_FDCAN_ActivateNotification)
    HAL_FDCAN_ClockCalibrationCallback       0x08000aa5   Thumb Code     2  stm32h7xx_hal_fdcan.o(i.HAL_FDCAN_ClockCalibrationCallback)
    HAL_FDCAN_ConfigGlobalFilter             0x08000aa7   Thumb Code    52  stm32h7xx_hal_fdcan.o(i.HAL_FDCAN_ConfigGlobalFilter)
    HAL_FDCAN_ErrorCallback                  0x08000adb   Thumb Code     2  stm32h7xx_hal_fdcan.o(i.HAL_FDCAN_ErrorCallback)
    HAL_FDCAN_ErrorStatusCallback            0x08000add   Thumb Code     2  stm32h7xx_hal_fdcan.o(i.HAL_FDCAN_ErrorStatusCallback)
    HAL_FDCAN_GetRxMessage                   0x08000ae1   Thumb Code   496  stm32h7xx_hal_fdcan.o(i.HAL_FDCAN_GetRxMessage)
    HAL_FDCAN_HighPriorityMessageCallback    0x08000cd5   Thumb Code     2  stm32h7xx_hal_fdcan.o(i.HAL_FDCAN_HighPriorityMessageCallback)
    HAL_FDCAN_IRQHandler                     0x08000cd9   Thumb Code   966  stm32h7xx_hal_fdcan.o(i.HAL_FDCAN_IRQHandler)
    HAL_FDCAN_Init                           0x080010ad   Thumb Code   726  stm32h7xx_hal_fdcan.o(i.HAL_FDCAN_Init)
    HAL_FDCAN_MspInit                        0x0800138d   Thumb Code   180  stm32h7xx_hal_msp.o(i.HAL_FDCAN_MspInit)
    HAL_FDCAN_RxBufferNewMessageCallback     0x0800144d   Thumb Code     2  stm32h7xx_hal_fdcan.o(i.HAL_FDCAN_RxBufferNewMessageCallback)
    HAL_FDCAN_RxFifo0Callback                0x08001451   Thumb Code   100  main.o(i.HAL_FDCAN_RxFifo0Callback)
    HAL_FDCAN_RxFifo1Callback                0x080014c5   Thumb Code     2  stm32h7xx_hal_fdcan.o(i.HAL_FDCAN_RxFifo1Callback)
    HAL_FDCAN_Start                          0x080014c7   Thumb Code    52  stm32h7xx_hal_fdcan.o(i.HAL_FDCAN_Start)
    HAL_FDCAN_TT_GlobalTimeCallback          0x080014fb   Thumb Code     2  stm32h7xx_hal_fdcan.o(i.HAL_FDCAN_TT_GlobalTimeCallback)
    HAL_FDCAN_TT_ScheduleSyncCallback        0x080014fd   Thumb Code     2  stm32h7xx_hal_fdcan.o(i.HAL_FDCAN_TT_ScheduleSyncCallback)
    HAL_FDCAN_TT_StopWatchCallback           0x080014ff   Thumb Code     2  stm32h7xx_hal_fdcan.o(i.HAL_FDCAN_TT_StopWatchCallback)
    HAL_FDCAN_TT_TimeMarkCallback            0x08001501   Thumb Code     2  stm32h7xx_hal_fdcan.o(i.HAL_FDCAN_TT_TimeMarkCallback)
    HAL_FDCAN_TimeoutOccurredCallback        0x08001503   Thumb Code     2  stm32h7xx_hal_fdcan.o(i.HAL_FDCAN_TimeoutOccurredCallback)
    HAL_FDCAN_TimestampWraparoundCallback    0x08001505   Thumb Code     2  stm32h7xx_hal_fdcan.o(i.HAL_FDCAN_TimestampWraparoundCallback)
    HAL_FDCAN_TxBufferAbortCallback          0x08001507   Thumb Code     2  stm32h7xx_hal_fdcan.o(i.HAL_FDCAN_TxBufferAbortCallback)
    HAL_FDCAN_TxBufferCompleteCallback       0x08001509   Thumb Code     2  stm32h7xx_hal_fdcan.o(i.HAL_FDCAN_TxBufferCompleteCallback)
    HAL_FDCAN_TxEventFifoCallback            0x0800150b   Thumb Code     2  stm32h7xx_hal_fdcan.o(i.HAL_FDCAN_TxEventFifoCallback)
    HAL_FDCAN_TxFifoEmptyCallback            0x0800150d   Thumb Code     2  stm32h7xx_hal_fdcan.o(i.HAL_FDCAN_TxFifoEmptyCallback)
    HAL_GPIO_Init                            0x08001511   Thumb Code   456  stm32h7xx_hal_gpio.o(i.HAL_GPIO_Init)
    HAL_GPIO_WritePin                        0x0800170d   Thumb Code    12  stm32h7xx_hal_gpio.o(i.HAL_GPIO_WritePin)
    HAL_GetREVID                             0x08001719   Thumb Code     8  stm32h7xx_hal.o(i.HAL_GetREVID)
    HAL_GetTick                              0x08001725   Thumb Code     6  stm32h7xx_hal.o(i.HAL_GetTick)
    HAL_IncTick                              0x08001731   Thumb Code    16  stm32h7xx_hal.o(i.HAL_IncTick)
    HAL_Init                                 0x08001749   Thumb Code    80  stm32h7xx_hal.o(i.HAL_Init)
    HAL_InitTick                             0x080017a9   Thumb Code   140  stm32h7xx_hal_timebase_tim.o(i.HAL_InitTick)
    HAL_MspInit                              0x08001849   Thumb Code    42  stm32h7xx_hal_msp.o(i.HAL_MspInit)
    HAL_NVIC_EnableIRQ                       0x08001879   Thumb Code    40  stm32h7xx_hal_cortex.o(i.HAL_NVIC_EnableIRQ)
    HAL_NVIC_SetPriority                     0x080018a1   Thumb Code   122  stm32h7xx_hal_cortex.o(i.HAL_NVIC_SetPriority)
    HAL_NVIC_SetPriorityGrouping             0x0800191d   Thumb Code    32  stm32h7xx_hal_cortex.o(i.HAL_NVIC_SetPriorityGrouping)
    HAL_PWREx_ConfigSupply                   0x08001945   Thumb Code    90  stm32h7xx_hal_pwr_ex.o(i.HAL_PWREx_ConfigSupply)
    HAL_RCCEx_GetD3PCLK1Freq                 0x080019a5   Thumb Code    26  stm32h7xx_hal_rcc_ex.o(i.HAL_RCCEx_GetD3PCLK1Freq)
    HAL_RCCEx_GetPLL2ClockFreq               0x080019c9   Thumb Code   536  stm32h7xx_hal_rcc_ex.o(i.HAL_RCCEx_GetPLL2ClockFreq)
    HAL_RCCEx_GetPLL3ClockFreq               0x08001bf9   Thumb Code   536  stm32h7xx_hal_rcc_ex.o(i.HAL_RCCEx_GetPLL3ClockFreq)
    HAL_RCCEx_PeriphCLKConfig                0x08001e29   Thumb Code  3432  stm32h7xx_hal_rcc_ex.o(i.HAL_RCCEx_PeriphCLKConfig)
    HAL_RCC_ClockConfig                      0x08002b91   Thumb Code   774  stm32h7xx_hal_rcc.o(i.HAL_RCC_ClockConfig)
    HAL_RCC_GetClockConfig                   0x08002eb1   Thumb Code    98  stm32h7xx_hal_rcc.o(i.HAL_RCC_GetClockConfig)
    HAL_RCC_GetHCLKFreq                      0x08002f1d   Thumb Code    60  stm32h7xx_hal_rcc.o(i.HAL_RCC_GetHCLKFreq)
    HAL_RCC_GetPCLK1Freq                     0x08002f69   Thumb Code    26  stm32h7xx_hal_rcc.o(i.HAL_RCC_GetPCLK1Freq)
    HAL_RCC_GetPCLK2Freq                     0x08002f8d   Thumb Code    26  stm32h7xx_hal_rcc.o(i.HAL_RCC_GetPCLK2Freq)
    HAL_RCC_GetSysClockFreq                  0x08002fb1   Thumb Code   524  stm32h7xx_hal_rcc.o(i.HAL_RCC_GetSysClockFreq)
    HAL_RCC_OscConfig                        0x080031dd   Thumb Code  2130  stm32h7xx_hal_rcc.o(i.HAL_RCC_OscConfig)
    HAL_SPI_Init                             0x08003a35   Thumb Code   420  stm32h7xx_hal_spi.o(i.HAL_SPI_Init)
    HAL_SPI_MspInit                          0x08003be5   Thumb Code   168  stm32h7xx_hal_msp.o(i.HAL_SPI_MspInit)
    HAL_TIMEx_Break2Callback                 0x08003c99   Thumb Code     2  stm32h7xx_hal_tim_ex.o(i.HAL_TIMEx_Break2Callback)
    HAL_TIMEx_BreakCallback                  0x08003c9b   Thumb Code     2  stm32h7xx_hal_tim_ex.o(i.HAL_TIMEx_BreakCallback)
    HAL_TIMEx_CommutCallback                 0x08003c9d   Thumb Code     2  stm32h7xx_hal_tim_ex.o(i.HAL_TIMEx_CommutCallback)
    HAL_TIMEx_MasterConfigSynchronization    0x08003ca1   Thumb Code   174  stm32h7xx_hal_tim_ex.o(i.HAL_TIMEx_MasterConfigSynchronization)
    HAL_TIM_Base_Init                        0x08003d6d   Thumb Code   110  stm32h7xx_hal_tim.o(i.HAL_TIM_Base_Init)
    HAL_TIM_Base_MspInit                     0x08003ddd   Thumb Code    58  stm32h7xx_hal_msp.o(i.HAL_TIM_Base_MspInit)
    HAL_TIM_Base_Start_IT                    0x08003e21   Thumb Code   146  stm32h7xx_hal_tim.o(i.HAL_TIM_Base_Start_IT)
    HAL_TIM_ConfigClockSource                0x08003ed5   Thumb Code   304  stm32h7xx_hal_tim.o(i.HAL_TIM_ConfigClockSource)
    HAL_TIM_IC_CaptureCallback               0x08004009   Thumb Code     2  stm32h7xx_hal_tim.o(i.HAL_TIM_IC_CaptureCallback)
    HAL_TIM_IRQHandler                       0x0800400b   Thumb Code   440  stm32h7xx_hal_tim.o(i.HAL_TIM_IRQHandler)
    HAL_TIM_OC_DelayElapsedCallback          0x080041c3   Thumb Code     2  stm32h7xx_hal_tim.o(i.HAL_TIM_OC_DelayElapsedCallback)
    HAL_TIM_PWM_PulseFinishedCallback        0x080041c5   Thumb Code     2  stm32h7xx_hal_tim.o(i.HAL_TIM_PWM_PulseFinishedCallback)
    HAL_TIM_PeriodElapsedCallback            0x080041c9   Thumb Code    36  main.o(i.HAL_TIM_PeriodElapsedCallback)
    HAL_TIM_TriggerCallback                  0x080041f9   Thumb Code     2  stm32h7xx_hal_tim.o(i.HAL_TIM_TriggerCallback)
    HAL_UARTEx_DisableFifoMode               0x080041fb   Thumb Code    78  stm32h7xx_hal_uart_ex.o(i.HAL_UARTEx_DisableFifoMode)
    HAL_UARTEx_SetRxFifoThreshold            0x08004249   Thumb Code    94  stm32h7xx_hal_uart_ex.o(i.HAL_UARTEx_SetRxFifoThreshold)
    HAL_UARTEx_SetTxFifoThreshold            0x080042a7   Thumb Code    94  stm32h7xx_hal_uart_ex.o(i.HAL_UARTEx_SetTxFifoThreshold)
    HAL_UART_Init                            0x08004305   Thumb Code   120  stm32h7xx_hal_uart.o(i.HAL_UART_Init)
    HAL_UART_MspInit                         0x0800437d   Thumb Code   144  stm32h7xx_hal_msp.o(i.HAL_UART_MspInit)
    HAL_UART_Receive                         0x08004419   Thumb Code   274  stm32h7xx_hal_uart.o(i.HAL_UART_Receive)
    HardFault_Handler                        0x0800452b   Thumb Code     4  stm32h7xx_it.o(i.HardFault_Handler)
    Init_test_run                            0x08004531   Thumb Code    30  main.o(i.Init_test_run)
    MemManage_Handler                        0x08004745   Thumb Code     4  stm32h7xx_it.o(i.MemManage_Handler)
    NMI_Handler                              0x08004749   Thumb Code     4  stm32h7xx_it.o(i.NMI_Handler)
    SysTick_Handler                          0x08004a2f   Thumb Code    22  cmsis_os2.o(i.SysTick_Handler)
    SystemClock_Config                       0x08004a45   Thumb Code   304  main.o(i.SystemClock_Config)
    SystemInit                               0x08004b81   Thumb Code   212  system_stm32h7xx.o(i.SystemInit)
    TIM1_UP_IRQHandler                       0x08004c7d   Thumb Code    10  stm32h7xx_it.o(i.TIM1_UP_IRQHandler)
    TIM8_UP_TIM13_IRQHandler                 0x08004c8d   Thumb Code    10  stm32h7xx_it.o(i.TIM8_UP_TIM13_IRQHandler)
    TIM_Base_SetConfig                       0x08004c9d   Thumb Code   170  stm32h7xx_hal_tim.o(i.TIM_Base_SetConfig)
    TIM_ETR_SetConfig                        0x08004d69   Thumb Code    22  stm32h7xx_hal_tim.o(i.TIM_ETR_SetConfig)
    UART_AdvFeatureConfig                    0x08004e41   Thumb Code   248  stm32h7xx_hal_uart.o(i.UART_AdvFeatureConfig)
    UART_CheckIdleState                      0x08004f39   Thumb Code   234  stm32h7xx_hal_uart.o(i.UART_CheckIdleState)
    UART_SetConfig                           0x08005091   Thumb Code  1402  stm32h7xx_hal_uart.o(i.UART_SetConfig)
    UART_WaitOnFlagUntilTimeout              0x0800561d   Thumb Code   162  stm32h7xx_hal_uart.o(i.UART_WaitOnFlagUntilTimeout)
    UsageFault_Handler                       0x080056bf   Thumb Code     4  stm32h7xx_it.o(i.UsageFault_Handler)
    main                                     0x08005705   Thumb Code    78  main.o(i.main)
    osDelay                                  0x08005771   Thumb Code    30  cmsis_os2.o(i.osDelay)
    osKernelInitialize                       0x08005791   Thumb Code    38  cmsis_os2.o(i.osKernelInitialize)
    osKernelStart                            0x080057bd   Thumb Code    82  cmsis_os2.o(i.osKernelStart)
    osThreadNew                              0x0800581d   Thumb Code   184  cmsis_os2.o(i.osThreadNew)
    pvPortMalloc                             0x08006355   Thumb Code   306  heap_4.o(i.pvPortMalloc)
    pxPortInitialiseStack                    0x080064a1   Thumb Code    38  port.o(i.pxPortInitialiseStack)
    ulTaskNotifyTake                         0x080064cd   Thumb Code   108  tasks.o(i.ulTaskNotifyTake)
    uxListRemove                             0x08006541   Thumb Code    40  list.o(i.uxListRemove)
    vApplicationGetIdleTaskMemory            0x08006569   Thumb Code    14  cmsis_os2.o(i.vApplicationGetIdleTaskMemory)
    vApplicationGetTimerTaskMemory           0x08006581   Thumb Code    16  cmsis_os2.o(i.vApplicationGetTimerTaskMemory)
    vApplicationIdleHook                     0x08006599   Thumb Code   108  main.o(i.vApplicationIdleHook)
    vListInitialise                          0x08006619   Thumb Code    26  list.o(i.vListInitialise)
    vListInitialiseItem                      0x08006633   Thumb Code     6  list.o(i.vListInitialiseItem)
    vListInsert                              0x08006639   Thumb Code    52  list.o(i.vListInsert)
    vListInsertEnd                           0x0800666d   Thumb Code    24  list.o(i.vListInsertEnd)
    vPortEnterCritical                       0x08006685   Thumb Code    76  port.o(i.vPortEnterCritical)
    vPortExitCritical                        0x080066d9   Thumb Code    56  port.o(i.vPortExitCritical)
    vPortFree                                0x08006715   Thumb Code   150  heap_4.o(i.vPortFree)
    vPortSetupTimerInterrupt                 0x080067b9   Thumb Code    36  port.o(i.vPortSetupTimerInterrupt)
    vPortValidateInterruptPriority           0x080067e1   Thumb Code   106  port.o(i.vPortValidateInterruptPriority)
    vQueueAddToRegistry                      0x08006859   Thumb Code    38  queue.o(i.vQueueAddToRegistry)
    vQueueWaitForMessageRestricted           0x08006885   Thumb Code    74  queue.o(i.vQueueWaitForMessageRestricted)
    vTaskDelay                               0x080068d1   Thumb Code    82  tasks.o(i.vTaskDelay)
    vTaskInternalSetTimeOutState             0x0800692d   Thumb Code    14  tasks.o(i.vTaskInternalSetTimeOutState)
    vTaskMissedYield                         0x08006945   Thumb Code     8  tasks.o(i.vTaskMissedYield)
    vTaskPlaceOnEventList                    0x08006951   Thumb Code    52  tasks.o(i.vTaskPlaceOnEventList)
    vTaskPlaceOnEventListRestricted          0x08006989   Thumb Code    60  tasks.o(i.vTaskPlaceOnEventListRestricted)
    vTaskResume                              0x080069c9   Thumb Code   126  tasks.o(i.vTaskResume)
    vTaskStartScheduler                      0x08006a59   Thumb Code   156  tasks.o(i.vTaskStartScheduler)
    vTaskSuspendAll                          0x08006b11   Thumb Code    12  tasks.o(i.vTaskSuspendAll)
    vTaskSwitchContext                       0x08006b21   Thumb Code   122  tasks.o(i.vTaskSwitchContext)
    xPortStartScheduler                      0x08006bb1   Thumb Code   330  port.o(i.xPortStartScheduler)
    xPortSysTickHandler                      0x08006d19   Thumb Code    46  port.o(i.xPortSysTickHandler)
    xQueueGenericCreateStatic                0x08006d4d   Thumb Code   224  queue.o(i.xQueueGenericCreateStatic)
    xQueueGenericReset                       0x08006e2d   Thumb Code   146  queue.o(i.xQueueGenericReset)
    xQueueGenericSend                        0x08006ec5   Thumb Code   420  queue.o(i.xQueueGenericSend)
    xQueueGenericSendFromISR                 0x0800706d   Thumb Code   252  queue.o(i.xQueueGenericSendFromISR)
    xQueueReceive                            0x08007169   Thumb Code   356  queue.o(i.xQueueReceive)
    xTaskCheckForTimeOut                     0x080072d1   Thumb Code   132  tasks.o(i.xTaskCheckForTimeOut)
    xTaskCreate                              0x0800735d   Thumb Code   100  tasks.o(i.xTaskCreate)
    xTaskCreateStatic                        0x080073c1   Thumb Code   186  tasks.o(i.xTaskCreateStatic)
    xTaskGenericNotify                       0x0800747d   Thumb Code   278  tasks.o(i.xTaskGenericNotify)
    xTaskGetSchedulerState                   0x080075a5   Thumb Code    24  tasks.o(i.xTaskGetSchedulerState)
    xTaskGetTickCount                        0x080075c5   Thumb Code     6  tasks.o(i.xTaskGetTickCount)
    xTaskIncrementTick                       0x080075d1   Thumb Code   280  tasks.o(i.xTaskIncrementTick)
    xTaskPriorityDisinherit                  0x08007715   Thumb Code   152  tasks.o(i.xTaskPriorityDisinherit)
    xTaskRemoveFromEventList                 0x080077b9   Thumb Code   126  tasks.o(i.xTaskRemoveFromEventList)
    xTaskResumeAll                           0x08007851   Thumb Code   222  tasks.o(i.xTaskResumeAll)
    xTimerCreateTimerTask                    0x08007955   Thumb Code   100  timers.o(i.xTimerCreateTimerTask)
    xTimerGenericCommand                     0x080079cd   Thumb Code   128  timers.o(i.xTimerGenericCommand)
    _fp_init                                 0x08007a51   Thumb Code    10  fpinit.o(x$fpl$fpinit)
    __fplib_config_fpu_vfp                   0x08007a59   Thumb Code     0  fpinit.o(x$fpl$fpinit)
    __fplib_config_pureend_doubles           0x08007a59   Thumb Code     0  fpinit.o(x$fpl$fpinit)
    Init_test_attributes                     0x08007a5c   Data          36  main.o(.constdata)
    CAN_2_attributes                         0x08007a80   Data          36  main.o(.constdata)
    UARTPrescTable                           0x08007b00   Data          24  stm32h7xx_hal_uart.o(.constdata)
    D1CorePrescTable                         0x08007b28   Data          16  system_stm32h7xx.o(.constdata)
    Region$$Table$$Base                      0x08007b4c   Number         0  anon$$obj.o(Region$$Table)
    Region$$Table$$Limit                     0x08007b6c   Number         0  anon$$obj.o(Region$$Table)
    Init_testHandle                          0x24000000   Data           4  main.o(.data)
    CAN_2Handle                              0x24000004   Data           4  main.o(.data)
    time                                     0x24000008   Data           4  main.o(.data)
    UARTRXcmd                                0x2400000c   Data           2  main.o(.data)
    testbuf                                  0x2400000e   Data           4  main.o(.data)
    result_1                                 0x24000014   Data           4  main.o(.data)
    uwTick                                   0x24000018   Data           4  stm32h7xx_hal.o(.data)
    uwTickPrio                               0x2400001c   Data           4  stm32h7xx_hal.o(.data)
    uwTickFreq                               0x24000020   Data           1  stm32h7xx_hal.o(.data)
    SystemCoreClock                          0x24000024   Data           4  system_stm32h7xx.o(.data)
    SystemD2Clock                            0x24000028   Data           4  system_stm32h7xx.o(.data)
    pxCurrentTCB                             0x2400002c   Data           4  tasks.o(.data)
    hfdcan1                                  0x240000ac   Data         160  main.o(.bss)
    hspi3                                    0x2400014c   Data         136  main.o(.bss)
    htim1                                    0x240001d4   Data          76  main.o(.bss)
    huart4                                   0x24000220   Data         148  main.o(.bss)
    TxHeader                                 0x240002b4   Data          36  main.o(.bss)
    RxHeader                                 0x240002d8   Data          40  main.o(.bss)
    timelist                                 0x24000300   Data         200  main.o(.bss)
    htim13                                   0x240003c8   Data          76  stm32h7xx_hal_timebase_tim.o(.bss)
    xQueueRegistry                           0x24000414   Data          64  queue.o(.bss)
    __libspace_start                         0x24004ce8   Data          96  libspace.o(.bss)
    __temporary_stack_top$libspace           0x24004d48   Data           0  libspace.o(.bss)



==============================================================================

Memory Map of the image

  Image Entry point : 0x08000299

  Load Region LR_IROM1 (Base: 0x08000000, Size: 0x00007c18, Max: 0x00200000, ABSOLUTE)

    Execution Region ER_IROM1 (Exec base: 0x08000000, Load base: 0x08000000, Size: 0x00007b6c, Max: 0x00200000, ABSOLUTE)

    Exec Addr    Load Addr    Size         Type   Attr      Idx    E Section Name        Object

    0x08000000   0x08000000   0x00000298   Data   RO            3    RESET               startup_stm32h743xx.o
    0x08000298   0x08000298   0x00000008   Code   RO         7355  * !!!main             c_w.l(__main.o)
    0x080002a0   0x080002a0   0x00000034   Code   RO         7526    !!!scatter          c_w.l(__scatter.o)
    0x080002d4   0x080002d4   0x0000001a   Code   RO         7528    !!handler_copy      c_w.l(__scatter_copy.o)
    0x080002ee   0x080002ee   0x00000002   PAD
    0x080002f0   0x080002f0   0x0000001c   Code   RO         7530    !!handler_zi        c_w.l(__scatter_zi.o)
    0x0800030c   0x0800030c   0x00000002   Code   RO         7394    .ARM.Collect$$libinit$$00000000  c_w.l(libinit.o)
    0x0800030e   0x0800030e   0x00000004   Code   RO         7406    .ARM.Collect$$libinit$$00000001  c_w.l(libinit2.o)
    0x08000312   0x08000312   0x00000000   Code   RO         7409    .ARM.Collect$$libinit$$00000004  c_w.l(libinit2.o)
    0x08000312   0x08000312   0x00000000   Code   RO         7412    .ARM.Collect$$libinit$$0000000A  c_w.l(libinit2.o)
    0x08000312   0x08000312   0x00000000   Code   RO         7414    .ARM.Collect$$libinit$$0000000C  c_w.l(libinit2.o)
    0x08000312   0x08000312   0x00000000   Code   RO         7416    .ARM.Collect$$libinit$$0000000E  c_w.l(libinit2.o)
    0x08000312   0x08000312   0x00000000   Code   RO         7419    .ARM.Collect$$libinit$$00000011  c_w.l(libinit2.o)
    0x08000312   0x08000312   0x00000000   Code   RO         7421    .ARM.Collect$$libinit$$00000013  c_w.l(libinit2.o)
    0x08000312   0x08000312   0x00000000   Code   RO         7423    .ARM.Collect$$libinit$$00000015  c_w.l(libinit2.o)
    0x08000312   0x08000312   0x00000000   Code   RO         7425    .ARM.Collect$$libinit$$00000017  c_w.l(libinit2.o)
    0x08000312   0x08000312   0x00000000   Code   RO         7427    .ARM.Collect$$libinit$$00000019  c_w.l(libinit2.o)
    0x08000312   0x08000312   0x00000000   Code   RO         7429    .ARM.Collect$$libinit$$0000001B  c_w.l(libinit2.o)
    0x08000312   0x08000312   0x00000000   Code   RO         7431    .ARM.Collect$$libinit$$0000001D  c_w.l(libinit2.o)
    0x08000312   0x08000312   0x00000000   Code   RO         7433    .ARM.Collect$$libinit$$0000001F  c_w.l(libinit2.o)
    0x08000312   0x08000312   0x00000000   Code   RO         7435    .ARM.Collect$$libinit$$00000021  c_w.l(libinit2.o)
    0x08000312   0x08000312   0x00000000   Code   RO         7437    .ARM.Collect$$libinit$$00000023  c_w.l(libinit2.o)
    0x08000312   0x08000312   0x00000000   Code   RO         7439    .ARM.Collect$$libinit$$00000025  c_w.l(libinit2.o)
    0x08000312   0x08000312   0x00000000   Code   RO         7443    .ARM.Collect$$libinit$$0000002C  c_w.l(libinit2.o)
    0x08000312   0x08000312   0x00000000   Code   RO         7445    .ARM.Collect$$libinit$$0000002E  c_w.l(libinit2.o)
    0x08000312   0x08000312   0x00000000   Code   RO         7447    .ARM.Collect$$libinit$$00000030  c_w.l(libinit2.o)
    0x08000312   0x08000312   0x00000000   Code   RO         7449    .ARM.Collect$$libinit$$00000032  c_w.l(libinit2.o)
    0x08000312   0x08000312   0x00000002   Code   RO         7450    .ARM.Collect$$libinit$$00000033  c_w.l(libinit2.o)
    0x08000314   0x08000314   0x00000002   Code   RO         7481    .ARM.Collect$$libshutdown$$00000000  c_w.l(libshutdown.o)
    0x08000316   0x08000316   0x00000000   Code   RO         7507    .ARM.Collect$$libshutdown$$00000002  c_w.l(libshutdown2.o)
    0x08000316   0x08000316   0x00000000   Code   RO         7509    .ARM.Collect$$libshutdown$$00000004  c_w.l(libshutdown2.o)
    0x08000316   0x08000316   0x00000000   Code   RO         7511    .ARM.Collect$$libshutdown$$00000006  c_w.l(libshutdown2.o)
    0x08000316   0x08000316   0x00000000   Code   RO         7514    .ARM.Collect$$libshutdown$$00000009  c_w.l(libshutdown2.o)
    0x08000316   0x08000316   0x00000000   Code   RO         7517    .ARM.Collect$$libshutdown$$0000000C  c_w.l(libshutdown2.o)
    0x08000316   0x08000316   0x00000000   Code   RO         7519    .ARM.Collect$$libshutdown$$0000000E  c_w.l(libshutdown2.o)
    0x08000316   0x08000316   0x00000000   Code   RO         7522    .ARM.Collect$$libshutdown$$00000011  c_w.l(libshutdown2.o)
    0x08000316   0x08000316   0x00000002   Code   RO         7523    .ARM.Collect$$libshutdown$$00000012  c_w.l(libshutdown2.o)
    0x08000318   0x08000318   0x00000000   Code   RO         7357    .ARM.Collect$$rtentry$$00000000  c_w.l(__rtentry.o)
    0x08000318   0x08000318   0x00000000   Code   RO         7365    .ARM.Collect$$rtentry$$00000002  c_w.l(__rtentry2.o)
    0x08000318   0x08000318   0x00000006   Code   RO         7377    .ARM.Collect$$rtentry$$00000004  c_w.l(__rtentry4.o)
    0x0800031e   0x0800031e   0x00000000   Code   RO         7367    .ARM.Collect$$rtentry$$00000009  c_w.l(__rtentry2.o)
    0x0800031e   0x0800031e   0x00000004   Code   RO         7368    .ARM.Collect$$rtentry$$0000000A  c_w.l(__rtentry2.o)
    0x08000322   0x08000322   0x00000000   Code   RO         7370    .ARM.Collect$$rtentry$$0000000C  c_w.l(__rtentry2.o)
    0x08000322   0x08000322   0x00000008   Code   RO         7371    .ARM.Collect$$rtentry$$0000000D  c_w.l(__rtentry2.o)
    0x0800032a   0x0800032a   0x00000002   Code   RO         7398    .ARM.Collect$$rtexit$$00000000  c_w.l(rtexit.o)
    0x0800032c   0x0800032c   0x00000000   Code   RO         7454    .ARM.Collect$$rtexit$$00000002  c_w.l(rtexit2.o)
    0x0800032c   0x0800032c   0x00000004   Code   RO         7455    .ARM.Collect$$rtexit$$00000003  c_w.l(rtexit2.o)
    0x08000330   0x08000330   0x00000006   Code   RO         7456    .ARM.Collect$$rtexit$$00000004  c_w.l(rtexit2.o)
    0x08000336   0x08000336   0x00000002   PAD
    0x08000338   0x08000338   0x000000be   Code   RO         7262    .emb_text           port.o
    0x080003f6   0x080003f6   0x00000002   PAD
    0x080003f8   0x080003f8   0x00000040   Code   RO            4    .text               startup_stm32h743xx.o
    0x08000438   0x08000438   0x000000ee   Code   RO         7341    .text               c_w.l(lludivv7m.o)
    0x08000526   0x08000526   0x0000008a   Code   RO         7343    .text               c_w.l(rt_memcpy_v6.o)
    0x080005b0   0x080005b0   0x00000064   Code   RO         7345    .text               c_w.l(rt_memcpy_w.o)
    0x08000614   0x08000614   0x00000010   Code   RO         7349    .text               c_w.l(aeabi_memset.o)
    0x08000624   0x08000624   0x0000004e   Code   RO         7351    .text               c_w.l(rt_memclr_w.o)
    0x08000672   0x08000672   0x00000006   Code   RO         7353    .text               c_w.l(heapauxi.o)
    0x08000678   0x08000678   0x00000044   Code   RO         7362    .text               c_w.l(rt_memclr.o)
    0x080006bc   0x080006bc   0x0000004a   Code   RO         7381    .text               c_w.l(sys_stackheap_outer.o)
    0x08000706   0x08000706   0x00000012   Code   RO         7383    .text               c_w.l(exit.o)
    0x08000718   0x08000718   0x00000008   Code   RO         7395    .text               c_w.l(libspace.o)
    0x08000720   0x08000720   0x0000000c   Code   RO         7451    .text               c_w.l(sys_exit.o)
    0x0800072c   0x0800072c   0x00000002   Code   RO         7470    .text               c_w.l(use_no_semi.o)
    0x0800072e   0x0800072e   0x00000000   Code   RO         7472    .text               c_w.l(indicate_semi.o)
    0x0800072e   0x0800072e   0x00000004   Code   RO          304    i.BusFault_Handler  stm32h7xx_it.o
    0x08000732   0x08000732   0x00000002   PAD
    0x08000734   0x08000734   0x00000020   Code   RO           13    i.CAN_2_RUN         main.o
    0x08000754   0x08000754   0x00000002   Code   RO          305    i.DebugMon_Handler  stm32h7xx_it.o
    0x08000756   0x08000756   0x00000006   Code   RO           14    i.Error_Handler     main.o
    0x0800075c   0x0800075c   0x00000060   Code   RO           15    i.FDCAN1_Config     main.o
    0x080007bc   0x080007bc   0x00000010   Code   RO          306    i.FDCAN1_IT0_IRQHandler  stm32h7xx_it.o
    0x080007cc   0x080007cc   0x00000010   Code   RO          307    i.FDCAN1_IT1_IRQHandler  stm32h7xx_it.o
    0x080007dc   0x080007dc   0x00000220   Code   RO          643    i.FDCAN_CalcultateRamBlockAddresses  stm32h7xx_hal_fdcan.o
    0x080009fc   0x080009fc   0x000000a8   Code   RO          646    i.HAL_FDCAN_ActivateNotification  stm32h7xx_hal_fdcan.o
    0x08000aa4   0x08000aa4   0x00000002   Code   RO          649    i.HAL_FDCAN_ClockCalibrationCallback  stm32h7xx_hal_fdcan.o
    0x08000aa6   0x08000aa6   0x00000034   Code   RO          654    i.HAL_FDCAN_ConfigGlobalFilter  stm32h7xx_hal_fdcan.o
    0x08000ada   0x08000ada   0x00000002   Code   RO          675    i.HAL_FDCAN_ErrorCallback  stm32h7xx_hal_fdcan.o
    0x08000adc   0x08000adc   0x00000002   Code   RO          676    i.HAL_FDCAN_ErrorStatusCallback  stm32h7xx_hal_fdcan.o
    0x08000ade   0x08000ade   0x00000002   PAD
    0x08000ae0   0x08000ae0   0x000001f4   Code   RO          687    i.HAL_FDCAN_GetRxMessage  stm32h7xx_hal_fdcan.o
    0x08000cd4   0x08000cd4   0x00000002   Code   RO          693    i.HAL_FDCAN_HighPriorityMessageCallback  stm32h7xx_hal_fdcan.o
    0x08000cd6   0x08000cd6   0x00000002   PAD
    0x08000cd8   0x08000cd8   0x000003d4   Code   RO          694    i.HAL_FDCAN_IRQHandler  stm32h7xx_hal_fdcan.o
    0x080010ac   0x080010ac   0x000002e0   Code   RO          695    i.HAL_FDCAN_Init    stm32h7xx_hal_fdcan.o
    0x0800138c   0x0800138c   0x000000c0   Code   RO          387    i.HAL_FDCAN_MspInit  stm32h7xx_hal_msp.o
    0x0800144c   0x0800144c   0x00000002   Code   RO          704    i.HAL_FDCAN_RxBufferNewMessageCallback  stm32h7xx_hal_fdcan.o
    0x0800144e   0x0800144e   0x00000002   PAD
    0x08001450   0x08001450   0x00000074   Code   RO           16    i.HAL_FDCAN_RxFifo0Callback  main.o
    0x080014c4   0x080014c4   0x00000002   Code   RO          706    i.HAL_FDCAN_RxFifo1Callback  stm32h7xx_hal_fdcan.o
    0x080014c6   0x080014c6   0x00000034   Code   RO          707    i.HAL_FDCAN_Start   stm32h7xx_hal_fdcan.o
    0x080014fa   0x080014fa   0x00000002   Code   RO          729    i.HAL_FDCAN_TT_GlobalTimeCallback  stm32h7xx_hal_fdcan.o
    0x080014fc   0x080014fc   0x00000002   Code   RO          730    i.HAL_FDCAN_TT_ScheduleSyncCallback  stm32h7xx_hal_fdcan.o
    0x080014fe   0x080014fe   0x00000002   Code   RO          735    i.HAL_FDCAN_TT_StopWatchCallback  stm32h7xx_hal_fdcan.o
    0x08001500   0x08001500   0x00000002   Code   RO          736    i.HAL_FDCAN_TT_TimeMarkCallback  stm32h7xx_hal_fdcan.o
    0x08001502   0x08001502   0x00000002   Code   RO          737    i.HAL_FDCAN_TimeoutOccurredCallback  stm32h7xx_hal_fdcan.o
    0x08001504   0x08001504   0x00000002   Code   RO          738    i.HAL_FDCAN_TimestampWraparoundCallback  stm32h7xx_hal_fdcan.o
    0x08001506   0x08001506   0x00000002   Code   RO          739    i.HAL_FDCAN_TxBufferAbortCallback  stm32h7xx_hal_fdcan.o
    0x08001508   0x08001508   0x00000002   Code   RO          740    i.HAL_FDCAN_TxBufferCompleteCallback  stm32h7xx_hal_fdcan.o
    0x0800150a   0x0800150a   0x00000002   Code   RO          741    i.HAL_FDCAN_TxEventFifoCallback  stm32h7xx_hal_fdcan.o
    0x0800150c   0x0800150c   0x00000002   Code   RO          742    i.HAL_FDCAN_TxFifoEmptyCallback  stm32h7xx_hal_fdcan.o
    0x0800150e   0x0800150e   0x00000002   PAD
    0x08001510   0x08001510   0x000001fc   Code   RO         1826    i.HAL_GPIO_Init     stm32h7xx_hal_gpio.o
    0x0800170c   0x0800170c   0x0000000c   Code   RO         1830    i.HAL_GPIO_WritePin  stm32h7xx_hal_gpio.o
    0x08001718   0x08001718   0x0000000c   Code   RO         2698    i.HAL_GetREVID      stm32h7xx_hal.o
    0x08001724   0x08001724   0x0000000c   Code   RO         2699    i.HAL_GetTick       stm32h7xx_hal.o
    0x08001730   0x08001730   0x00000018   Code   RO         2705    i.HAL_IncTick       stm32h7xx_hal.o
    0x08001748   0x08001748   0x00000060   Code   RO         2706    i.HAL_Init          stm32h7xx_hal.o
    0x080017a8   0x080017a8   0x000000a0   Code   RO          458    i.HAL_InitTick      stm32h7xx_hal_timebase_tim.o
    0x08001848   0x08001848   0x00000030   Code   RO          388    i.HAL_MspInit       stm32h7xx_hal_msp.o
    0x08001878   0x08001878   0x00000028   Code   RO          503    i.HAL_NVIC_EnableIRQ  stm32h7xx_hal_cortex.o
    0x080018a0   0x080018a0   0x0000007a   Code   RO          509    i.HAL_NVIC_SetPriority  stm32h7xx_hal_cortex.o
    0x0800191a   0x0800191a   0x00000002   PAD
    0x0800191c   0x0800191c   0x00000028   Code   RO          510    i.HAL_NVIC_SetPriorityGrouping  stm32h7xx_hal_cortex.o
    0x08001944   0x08001944   0x00000060   Code   RO         2427    i.HAL_PWREx_ConfigSupply  stm32h7xx_hal_pwr_ex.o
    0x080019a4   0x080019a4   0x00000024   Code   RO         1377    i.HAL_RCCEx_GetD3PCLK1Freq  stm32h7xx_hal_rcc_ex.o
    0x080019c8   0x080019c8   0x00000230   Code   RO         1379    i.HAL_RCCEx_GetPLL2ClockFreq  stm32h7xx_hal_rcc_ex.o
    0x08001bf8   0x08001bf8   0x00000230   Code   RO         1380    i.HAL_RCCEx_GetPLL3ClockFreq  stm32h7xx_hal_rcc_ex.o
    0x08001e28   0x08001e28   0x00000d68   Code   RO         1386    i.HAL_RCCEx_PeriphCLKConfig  stm32h7xx_hal_rcc_ex.o
    0x08002b90   0x08002b90   0x00000320   Code   RO         1262    i.HAL_RCC_ClockConfig  stm32h7xx_hal_rcc.o
    0x08002eb0   0x08002eb0   0x0000006c   Code   RO         1266    i.HAL_RCC_GetClockConfig  stm32h7xx_hal_rcc.o
    0x08002f1c   0x08002f1c   0x0000004c   Code   RO         1267    i.HAL_RCC_GetHCLKFreq  stm32h7xx_hal_rcc.o
    0x08002f68   0x08002f68   0x00000024   Code   RO         1269    i.HAL_RCC_GetPCLK1Freq  stm32h7xx_hal_rcc.o
    0x08002f8c   0x08002f8c   0x00000024   Code   RO         1270    i.HAL_RCC_GetPCLK2Freq  stm32h7xx_hal_rcc.o
    0x08002fb0   0x08002fb0   0x0000022c   Code   RO         1271    i.HAL_RCC_GetSysClockFreq  stm32h7xx_hal_rcc.o
    0x080031dc   0x080031dc   0x00000858   Code   RO         1274    i.HAL_RCC_OscConfig  stm32h7xx_hal_rcc.o
    0x08003a34   0x08003a34   0x000001b0   Code   RO         3601    i.HAL_SPI_Init      stm32h7xx_hal_spi.o
    0x08003be4   0x08003be4   0x000000b4   Code   RO          390    i.HAL_SPI_MspInit   stm32h7xx_hal_msp.o
    0x08003c98   0x08003c98   0x00000002   Code   RO         4651    i.HAL_TIMEx_Break2Callback  stm32h7xx_hal_tim_ex.o
    0x08003c9a   0x08003c9a   0x00000002   Code   RO         4652    i.HAL_TIMEx_BreakCallback  stm32h7xx_hal_tim_ex.o
    0x08003c9c   0x08003c9c   0x00000002   Code   RO         4653    i.HAL_TIMEx_CommutCallback  stm32h7xx_hal_tim_ex.o
    0x08003c9e   0x08003c9e   0x00000002   PAD
    0x08003ca0   0x08003ca0   0x000000cc   Code   RO         4673    i.HAL_TIMEx_MasterConfigSynchronization  stm32h7xx_hal_tim_ex.o
    0x08003d6c   0x08003d6c   0x0000006e   Code   RO         3926    i.HAL_TIM_Base_Init  stm32h7xx_hal_tim.o
    0x08003dda   0x08003dda   0x00000002   PAD
    0x08003ddc   0x08003ddc   0x00000044   Code   RO          392    i.HAL_TIM_Base_MspInit  stm32h7xx_hal_msp.o
    0x08003e20   0x08003e20   0x000000b4   Code   RO         3931    i.HAL_TIM_Base_Start_IT  stm32h7xx_hal_tim.o
    0x08003ed4   0x08003ed4   0x00000134   Code   RO         3935    i.HAL_TIM_ConfigClockSource  stm32h7xx_hal_tim.o
    0x08004008   0x08004008   0x00000002   Code   RO         3960    i.HAL_TIM_IC_CaptureCallback  stm32h7xx_hal_tim.o
    0x0800400a   0x0800400a   0x000001b8   Code   RO         3974    i.HAL_TIM_IRQHandler  stm32h7xx_hal_tim.o
    0x080041c2   0x080041c2   0x00000002   Code   RO         3977    i.HAL_TIM_OC_DelayElapsedCallback  stm32h7xx_hal_tim.o
    0x080041c4   0x080041c4   0x00000002   Code   RO         4004    i.HAL_TIM_PWM_PulseFinishedCallback  stm32h7xx_hal_tim.o
    0x080041c6   0x080041c6   0x00000002   PAD
    0x080041c8   0x080041c8   0x00000030   Code   RO           17    i.HAL_TIM_PeriodElapsedCallback  main.o
    0x080041f8   0x080041f8   0x00000002   Code   RO         4017    i.HAL_TIM_TriggerCallback  stm32h7xx_hal_tim.o
    0x080041fa   0x080041fa   0x0000004e   Code   RO         5367    i.HAL_UARTEx_DisableFifoMode  stm32h7xx_hal_uart_ex.o
    0x08004248   0x08004248   0x0000005e   Code   RO         5376    i.HAL_UARTEx_SetRxFifoThreshold  stm32h7xx_hal_uart_ex.o
    0x080042a6   0x080042a6   0x0000005e   Code   RO         5377    i.HAL_UARTEx_SetTxFifoThreshold  stm32h7xx_hal_uart_ex.o
    0x08004304   0x08004304   0x00000078   Code   RO         4971    i.HAL_UART_Init     stm32h7xx_hal_uart.o
    0x0800437c   0x0800437c   0x0000009c   Code   RO          394    i.HAL_UART_MspInit  stm32h7xx_hal_msp.o
    0x08004418   0x08004418   0x00000112   Code   RO         4974    i.HAL_UART_Receive  stm32h7xx_hal_uart.o
    0x0800452a   0x0800452a   0x00000004   Code   RO          308    i.HardFault_Handler  stm32h7xx_it.o
    0x0800452e   0x0800452e   0x00000002   PAD
    0x08004530   0x08004530   0x00000024   Code   RO           18    i.Init_test_run     main.o
    0x08004554   0x08004554   0x00000080   Code   RO           19    i.MX_FDCAN1_Init    main.o
    0x080045d4   0x080045d4   0x00000040   Code   RO           20    i.MX_GPIO_Init      main.o
    0x08004614   0x08004614   0x00000054   Code   RO           21    i.MX_SPI3_Init      main.o
    0x08004668   0x08004668   0x00000070   Code   RO           22    i.MX_TIM1_Init      main.o
    0x080046d8   0x080046d8   0x0000006c   Code   RO           23    i.MX_UART4_Init     main.o
    0x08004744   0x08004744   0x00000004   Code   RO          309    i.MemManage_Handler  stm32h7xx_it.o
    0x08004748   0x08004748   0x00000004   Code   RO          310    i.NMI_Handler       stm32h7xx_it.o
    0x0800474c   0x0800474c   0x00000164   Code   RO         1389    i.RCCEx_PLL2_Config  stm32h7xx_hal_rcc_ex.o
    0x080048b0   0x080048b0   0x00000164   Code   RO         1390    i.RCCEx_PLL3_Config  stm32h7xx_hal_rcc_ex.o
    0x08004a14   0x08004a14   0x0000001a   Code   RO         3632    i.SPI_GetPacketSize  stm32h7xx_hal_spi.o
    0x08004a2e   0x08004a2e   0x00000016   Code   RO         6671    i.SysTick_Handler   cmsis_os2.o
    0x08004a44   0x08004a44   0x0000013c   Code   RO           24    i.SystemClock_Config  main.o
    0x08004b80   0x08004b80   0x000000fc   Code   RO         5491    i.SystemInit        system_stm32h7xx.o
    0x08004c7c   0x08004c7c   0x00000010   Code   RO          311    i.TIM1_UP_IRQHandler  stm32h7xx_it.o
    0x08004c8c   0x08004c8c   0x00000010   Code   RO          312    i.TIM8_UP_TIM13_IRQHandler  stm32h7xx_it.o
    0x08004c9c   0x08004c9c   0x000000cc   Code   RO         4019    i.TIM_Base_SetConfig  stm32h7xx_hal_tim.o
    0x08004d68   0x08004d68   0x00000016   Code   RO         4030    i.TIM_ETR_SetConfig  stm32h7xx_hal_tim.o
    0x08004d7e   0x08004d7e   0x00000002   PAD
    0x08004d80   0x08004d80   0x00000018   Code   RO         4031    i.TIM_ITRx_SetConfig  stm32h7xx_hal_tim.o
    0x08004d98   0x08004d98   0x00000026   Code   RO         4039    i.TIM_TI1_ConfigInputStage  stm32h7xx_hal_tim.o
    0x08004dbe   0x08004dbe   0x00000028   Code   RO         4041    i.TIM_TI2_ConfigInputStage  stm32h7xx_hal_tim.o
    0x08004de6   0x08004de6   0x00000002   PAD
    0x08004de8   0x08004de8   0x00000058   Code   RO         5381    i.UARTEx_SetNbDataToProcess  stm32h7xx_hal_uart_ex.o
    0x08004e40   0x08004e40   0x000000f8   Code   RO         4985    i.UART_AdvFeatureConfig  stm32h7xx_hal_uart.o
    0x08004f38   0x08004f38   0x000000ea   Code   RO         4986    i.UART_CheckIdleState  stm32h7xx_hal_uart.o
    0x08005022   0x08005022   0x00000002   PAD
    0x08005024   0x08005024   0x0000006c   Code   RO         4997    i.UART_EndRxTransfer  stm32h7xx_hal_uart.o
    0x08005090   0x08005090   0x0000058c   Code   RO         5004    i.UART_SetConfig    stm32h7xx_hal_uart.o
    0x0800561c   0x0800561c   0x000000a2   Code   RO         5011    i.UART_WaitOnFlagUntilTimeout  stm32h7xx_hal_uart.o
    0x080056be   0x080056be   0x00000004   Code   RO          313    i.UsageFault_Handler  stm32h7xx_it.o
    0x080056c2   0x080056c2   0x00000002   PAD
    0x080056c4   0x080056c4   0x00000010   Code   RO          516    i.__NVIC_GetPriorityGrouping  stm32h7xx_hal_cortex.o
    0x080056d4   0x080056d4   0x00000028   Code   RO          517    i.__NVIC_SetPriority  stm32h7xx_hal_cortex.o
    0x080056fc   0x080056fc   0x00000006   Code   RO         6673    i.__get_IPSR        cmsis_os2.o
    0x08005702   0x08005702   0x00000002   PAD
    0x08005704   0x08005704   0x0000006c   Code   RO           25    i.main              main.o
    0x08005770   0x08005770   0x0000001e   Code   RO         6674    i.osDelay           cmsis_os2.o
    0x0800578e   0x0800578e   0x00000002   PAD
    0x08005790   0x08005790   0x0000002c   Code   RO         6688    i.osKernelInitialize  cmsis_os2.o
    0x080057bc   0x080057bc   0x00000060   Code   RO         6691    i.osKernelStart     cmsis_os2.o
    0x0800581c   0x0800581c   0x000000b8   Code   RO         6733    i.osThreadNew       cmsis_os2.o
    0x080058d4   0x080058d4   0x0000007c   Code   RO         6108    i.prvAddCurrentTaskToDelayedList  tasks.o
    0x08005950   0x08005950   0x000000b8   Code   RO         6109    i.prvAddNewTaskToReadyList  tasks.o
    0x08005a08   0x08005a08   0x00000074   Code   RO         6484    i.prvCheckForValidListAndQueue  timers.o
    0x08005a7c   0x08005a7c   0x00000048   Code   RO         6110    i.prvCheckTasksWaitingTermination  tasks.o
    0x08005ac4   0x08005ac4   0x0000002a   Code   RO         5695    i.prvCopyDataFromQueue  queue.o
    0x08005aee   0x08005aee   0x0000007e   Code   RO         5696    i.prvCopyDataToQueue  queue.o
    0x08005b6c   0x08005b6c   0x00000050   Code   RO         6111    i.prvDeleteTCB      tasks.o
    0x08005bbc   0x08005bbc   0x00000028   Code   RO         6485    i.prvGetNextExpireTime  timers.o
    0x08005be4   0x08005be4   0x0000007c   Code   RO         7207    i.prvHeapInit       heap_4.o
    0x08005c60   0x08005c60   0x0000002c   Code   RO         6112    i.prvIdleTask       tasks.o
    0x08005c8c   0x08005c8c   0x0000002a   Code   RO         5699    i.prvInitialiseNewQueue  queue.o
    0x08005cb6   0x08005cb6   0x000000be   Code   RO         6113    i.prvInitialiseNewTask  tasks.o
    0x08005d74   0x08005d74   0x00000068   Code   RO         6114    i.prvInitialiseTaskLists  tasks.o
    0x08005ddc   0x08005ddc   0x00000068   Code   RO         7208    i.prvInsertBlockIntoFreeList  heap_4.o
    0x08005e44   0x08005e44   0x00000058   Code   RO         6487    i.prvInsertTimerInActiveList  timers.o
    0x08005e9c   0x08005e9c   0x0000001a   Code   RO         5700    i.prvIsQueueEmpty   queue.o
    0x08005eb6   0x08005eb6   0x0000001e   Code   RO         5701    i.prvIsQueueFull    queue.o
    0x08005ed4   0x08005ed4   0x00000074   Code   RO         6488    i.prvProcessExpiredTimer  timers.o
    0x08005f48   0x08005f48   0x00000164   Code   RO         6489    i.prvProcessReceivedCommands  timers.o
    0x080060ac   0x080060ac   0x00000074   Code   RO         6490    i.prvProcessTimerOrBlockTask  timers.o
    0x08006120   0x08006120   0x00000034   Code   RO         6116    i.prvResetNextTaskUnblockTime  tasks.o
    0x08006154   0x08006154   0x0000002c   Code   RO         6491    i.prvSampleTimeNow  timers.o
    0x08006180   0x08006180   0x000000a4   Code   RO         6492    i.prvSwitchTimerLists  timers.o
    0x08006224   0x08006224   0x00000040   Code   RO         7263    i.prvTaskExitError  port.o
    0x08006264   0x08006264   0x00000058   Code   RO         6118    i.prvTaskIsTaskSuspended  tasks.o
    0x080062bc   0x080062bc   0x0000001a   Code   RO         6493    i.prvTimerTask      timers.o
    0x080062d6   0x080062d6   0x0000007e   Code   RO         5702    i.prvUnlockQueue    queue.o
    0x08006354   0x08006354   0x0000014c   Code   RO         7209    i.pvPortMalloc      heap_4.o
    0x080064a0   0x080064a0   0x0000002c   Code   RO         7264    i.pxPortInitialiseStack  port.o
    0x080064cc   0x080064cc   0x00000074   Code   RO         6120    i.ulTaskNotifyTake  tasks.o
    0x08006540   0x08006540   0x00000028   Code   RO         5655    i.uxListRemove      list.o
    0x08006568   0x08006568   0x00000018   Code   RO         6745    i.vApplicationGetIdleTaskMemory  cmsis_os2.o
    0x08006580   0x08006580   0x00000018   Code   RO         6746    i.vApplicationGetTimerTaskMemory  cmsis_os2.o
    0x08006598   0x08006598   0x00000080   Code   RO           26    i.vApplicationIdleHook  main.o
    0x08006618   0x08006618   0x0000001a   Code   RO         5656    i.vListInitialise   list.o
    0x08006632   0x08006632   0x00000006   Code   RO         5657    i.vListInitialiseItem  list.o
    0x08006638   0x08006638   0x00000034   Code   RO         5658    i.vListInsert       list.o
    0x0800666c   0x0800666c   0x00000018   Code   RO         5659    i.vListInsertEnd    list.o
    0x08006684   0x08006684   0x00000054   Code   RO         7266    i.vPortEnterCritical  port.o
    0x080066d8   0x080066d8   0x0000003c   Code   RO         7267    i.vPortExitCritical  port.o
    0x08006714   0x08006714   0x000000a4   Code   RO         7210    i.vPortFree         heap_4.o
    0x080067b8   0x080067b8   0x00000028   Code   RO         7268    i.vPortSetupTimerInterrupt  port.o
    0x080067e0   0x080067e0   0x00000078   Code   RO         7269    i.vPortValidateInterruptPriority  port.o
    0x08006858   0x08006858   0x0000002c   Code   RO         5708    i.vQueueAddToRegistry  queue.o
    0x08006884   0x08006884   0x0000004a   Code   RO         5712    i.vQueueWaitForMessageRestricted  queue.o
    0x080068ce   0x080068ce   0x00000002   PAD
    0x080068d0   0x080068d0   0x0000005c   Code   RO         6129    i.vTaskDelay        tasks.o
    0x0800692c   0x0800692c   0x00000018   Code   RO         6134    i.vTaskInternalSetTimeOutState  tasks.o
    0x08006944   0x08006944   0x0000000c   Code   RO         6135    i.vTaskMissedYield  tasks.o
    0x08006950   0x08006950   0x00000038   Code   RO         6137    i.vTaskPlaceOnEventList  tasks.o
    0x08006988   0x08006988   0x00000040   Code   RO         6138    i.vTaskPlaceOnEventListRestricted  tasks.o
    0x080069c8   0x080069c8   0x00000090   Code   RO         6143    i.vTaskResume       tasks.o
    0x08006a58   0x08006a58   0x000000b8   Code   RO         6146    i.vTaskStartScheduler  tasks.o
    0x08006b10   0x08006b10   0x00000010   Code   RO         6148    i.vTaskSuspendAll   tasks.o
    0x08006b20   0x08006b20   0x00000090   Code   RO         6149    i.vTaskSwitchContext  tasks.o
    0x08006bb0   0x08006bb0   0x00000168   Code   RO         7270    i.xPortStartScheduler  port.o
    0x08006d18   0x08006d18   0x00000034   Code   RO         7271    i.xPortSysTickHandler  port.o
    0x08006d4c   0x08006d4c   0x000000e0   Code   RO         5718    i.xQueueGenericCreateStatic  queue.o
    0x08006e2c   0x08006e2c   0x00000098   Code   RO         5719    i.xQueueGenericReset  queue.o
    0x08006ec4   0x08006ec4   0x000001a8   Code   RO         5720    i.xQueueGenericSend  queue.o
    0x0800706c   0x0800706c   0x000000fc   Code   RO         5721    i.xQueueGenericSendFromISR  queue.o
    0x08007168   0x08007168   0x00000168   Code   RO         5730    i.xQueueReceive     queue.o
    0x080072d0   0x080072d0   0x0000008c   Code   RO         6151    i.xTaskCheckForTimeOut  tasks.o
    0x0800735c   0x0800735c   0x00000064   Code   RO         6152    i.xTaskCreate       tasks.o
    0x080073c0   0x080073c0   0x000000ba   Code   RO         6153    i.xTaskCreateStatic  tasks.o
    0x0800747a   0x0800747a   0x00000002   PAD
    0x0800747c   0x0800747c   0x00000128   Code   RO         6154    i.xTaskGenericNotify  tasks.o
    0x080075a4   0x080075a4   0x00000020   Code   RO         6157    i.xTaskGetSchedulerState  tasks.o
    0x080075c4   0x080075c4   0x0000000c   Code   RO         6158    i.xTaskGetTickCount  tasks.o
    0x080075d0   0x080075d0   0x00000144   Code   RO         6160    i.xTaskIncrementTick  tasks.o
    0x08007714   0x08007714   0x000000a4   Code   RO         6163    i.xTaskPriorityDisinherit  tasks.o
    0x080077b8   0x080077b8   0x00000098   Code   RO         6165    i.xTaskRemoveFromEventList  tasks.o
    0x08007850   0x08007850   0x00000104   Code   RO         6166    i.xTaskResumeAll    tasks.o
    0x08007954   0x08007954   0x00000078   Code   RO         6502    i.xTimerCreateTimerTask  timers.o
    0x080079cc   0x080079cc   0x00000084   Code   RO         6503    i.xTimerGenericCommand  timers.o
    0x08007a50   0x08007a50   0x0000000a   Code   RO         7466    x$fpl$fpinit        fz_wv.l(fpinit.o)
    0x08007a5a   0x08007a5a   0x00000002   PAD
    0x08007a5c   0x08007a5c   0x00000048   Data   RO           28    .constdata          main.o
    0x08007aa4   0x08007aa4   0x0000005c   Data   RO          743    .constdata          stm32h7xx_hal_fdcan.o
    0x08007b00   0x08007b00   0x00000018   Data   RO         5012    .constdata          stm32h7xx_hal_uart.o
    0x08007b18   0x08007b18   0x00000010   Data   RO         5383    .constdata          stm32h7xx_hal_uart_ex.o
    0x08007b28   0x08007b28   0x00000010   Data   RO         5492    .constdata          system_stm32h7xx.o
    0x08007b38   0x08007b38   0x00000012   Data   RO           29    .conststring        main.o
    0x08007b4a   0x08007b4a   0x00000002   PAD
    0x08007b4c   0x08007b4c   0x00000020   Data   RO         7524    Region$$Table       anon$$obj.o


    Execution Region RW_IRAM1 (Exec base: 0x20000000, Load base: 0x08007b6c, Size: 0x00000000, Max: 0x00020000, ABSOLUTE)

    **** No section assigned to this execution region ****


    Execution Region RW_IRAM2 (Exec base: 0x24000000, Load base: 0x08007b6c, Size: 0x00005348, Max: 0x00080000, ABSOLUTE)

    Exec Addr    Load Addr    Size         Type   Attr      Idx    E Section Name        Object

    0x24000000   0x08007b6c   0x00000018   Data   RW           30    .data               main.o
    0x24000018   0x08007b84   0x00000009   Data   RW         2728    .data               stm32h7xx_hal.o
    0x24000021   0x08007b8d   0x00000003   PAD
    0x24000024   0x08007b90   0x00000008   Data   RW         5493    .data               system_stm32h7xx.o
    0x2400002c   0x08007b98   0x0000003c   Data   RW         6169    .data               tasks.o
    0x24000068   0x08007bd4   0x00000014   Data   RW         6511    .data               timers.o
    0x2400007c   0x08007be8   0x00000004   Data   RW         6749    .data               cmsis_os2.o
    0x24000080   0x08007bec   0x00000020   Data   RW         7216    .data               heap_4.o
    0x240000a0   0x08007c0c   0x0000000c   Data   RW         7272    .data               port.o
    0x240000ac        -       0x0000031c   Zero   RW           27    .bss                main.o
    0x240003c8        -       0x0000004c   Zero   RW          461    .bss                stm32h7xx_hal_timebase_tim.o
    0x24000414        -       0x00000040   Zero   RW         5734    .bss                queue.o
    0x24000454        -       0x000004c4   Zero   RW         6168    .bss                tasks.o
    0x24000918        -       0x00000118   Zero   RW         6510    .bss                timers.o
    0x24000a30        -       0x000006b8   Zero   RW         6748    .bss                cmsis_os2.o
    0x240010e8        -       0x00003c00   Zero   RW         7215    .bss                heap_4.o
    0x24004ce8        -       0x00000060   Zero   RW         7396    .bss                c_w.l(libspace.o)
    0x24004d48        -       0x00000200   Zero   RW            2    HEAP                startup_stm32h743xx.o
    0x24004f48        -       0x00000400   Zero   RW            1    STACK               startup_stm32h743xx.o


==============================================================================

Image component sizes


      Code (inc. data)   RO Data    RW Data    ZI Data      Debug   Object Name

       430         38          0          4       1720      71147   cmsis_os2.o
         0          0          0          0          0      19468   event_groups.o
       724         74          0         32      15360       5055   heap_4.o
       148          0          0          0          0       3758   list.o
      1382        154         90         24        796    1346081   main.o
      1014         92          0         12          0      11945   port.o
      1922         20          0          0         64      17712   queue.o
        64         26        664          0       1536        856   startup_stm32h743xx.o
       144         34          0          9          0      22177   stm32h7xx_hal.o
       258         22          0          0          0      39346   stm32h7xx_hal_cortex.o
      3064         46         92          0          0      20803   stm32h7xx_hal_fdcan.o
       520         52          0          0          0       2272   stm32h7xx_hal_gpio.o
       644         52          0          0          0       4026   stm32h7xx_hal_msp.o
        96          6          0          0          0        785   stm32h7xx_hal_pwr_ex.o
      3748        124          0          0          0       7785   stm32h7xx_hal_rcc.o
      5300        108          0          0          0       7489   stm32h7xx_hal_rcc_ex.o
       458         12          0          0          0       2223   stm32h7xx_hal_spi.o
      1374         86          0          0          0      10051   stm32h7xx_hal_tim.o
       210         30          0          0          0       3328   stm32h7xx_hal_tim_ex.o
       160         20          0          0         76       1692   stm32h7xx_hal_timebase_tim.o
      2566        126         24          0          0      26837   stm32h7xx_hal_uart.o
       354         10         16          0          0       3841   stm32h7xx_hal_uart_ex.o
        86         24          0          0          0       4949   stm32h7xx_it.o
         0          0          0          0          0        392   stream_buffer.o
       252         40         16          8          0       1446   system_stm32h7xx.o
      3456        404          0         60       1220      31700   tasks.o
      1318        124          0         20        280      33207   timers.o

    ----------------------------------------------------------------------
     29730       1724        936        172      21052    1700371   Object Totals
         0          0         32          0          0          0   (incl. Generated)
        38          0          2          3          0          0   (incl. Padding)

    ----------------------------------------------------------------------

      Code (inc. data)   RO Data    RW Data    ZI Data      Debug   Library Member Name

         8          0          0          0          0         68   __main.o
         0          0          0          0          0          0   __rtentry.o
        12          0          0          0          0          0   __rtentry2.o
         6          0          0          0          0          0   __rtentry4.o
        52          8          0          0          0          0   __scatter.o
        26          0          0          0          0          0   __scatter_copy.o
        28          0          0          0          0          0   __scatter_zi.o
        16          0          0          0          0         68   aeabi_memset.o
        18          0          0          0          0         80   exit.o
         6          0          0          0          0        152   heapauxi.o
         0          0          0          0          0          0   indicate_semi.o
         2          0          0          0          0          0   libinit.o
         6          0          0          0          0          0   libinit2.o
         2          0          0          0          0          0   libshutdown.o
         2          0          0          0          0          0   libshutdown2.o
         8          4          0          0         96         68   libspace.o
       238          0          0          0          0        100   lludivv7m.o
        68          0          0          0          0         68   rt_memclr.o
        78          0          0          0          0         80   rt_memclr_w.o
       138          0          0          0          0         68   rt_memcpy_v6.o
       100          0          0          0          0         80   rt_memcpy_w.o
         2          0          0          0          0          0   rtexit.o
        10          0          0          0          0          0   rtexit2.o
        12          4          0          0          0         68   sys_exit.o
        74          0          0          0          0         80   sys_stackheap_outer.o
         2          0          0          0          0         68   use_no_semi.o
        10          0          0          0          0        116   fpinit.o

    ----------------------------------------------------------------------
       930         16          0          0         96       1164   Library Totals
         6          0          0          0          0          0   (incl. Padding)

    ----------------------------------------------------------------------

      Code (inc. data)   RO Data    RW Data    ZI Data      Debug   Library Name

       914         16          0          0         96       1048   c_w.l
        10          0          0          0          0        116   fz_wv.l

    ----------------------------------------------------------------------
       930         16          0          0         96       1164   Library Totals

    ----------------------------------------------------------------------

==============================================================================


      Code (inc. data)   RO Data    RW Data    ZI Data      Debug   

     30660       1740        936        172      21148    1682967   Grand Totals
     30660       1740        936        172      21148    1682967   ELF Image Totals
     30660       1740        936        172          0          0   ROM Totals

==============================================================================

    Total RO  Size (Code + RO Data)                31596 (  30.86kB)
    Total RW  Size (RW Data + ZI Data)             21320 (  20.82kB)
    Total ROM Size (Code + RO Data + RW Data)      31768 (  31.02kB)

==============================================================================

