<html>
<body>
<pre>
<h1>µVision Build Log</h1>
<h2>Tool Versions:</h2>
IDE-Version: µVision V5.36.0.0
Copyright (C) 2021 ARM Ltd and ARM Germany GmbH. All rights reserved.
License Information: Bulat Shams, Engineering Centre MEPHI, LIC=NQQMA-1XZVV-X7TRZ-JNJZ4-09QMC-4DGJT
 
Tool Versions:
Toolchain:       MDK-ARM Plus  Version: 5.36.0.0
Toolchain Path:  C:\Keil_v5\ARM\ARMCC\Bin
C Compiler:      Armcc.exe V5.06 update 7 (build 960)
Assembler:       Armasm.exe V5.06 update 7 (build 960)
Linker/Locator:  ArmLink.exe V5.06 update 7 (build 960)
Library Manager: ArmAr.exe V5.06 update 7 (build 960)
Hex Converter:   FromElf.exe V5.06 update 7 (build 960)
CPU DLL:         SARMCM3.DLL V5.36.0.0
Dialog DLL:      DCM.DLL V1.17.3.0
Target DLL:      STLink\ST-LINKIII-KEIL_SWO.dll V3.0.9.0
Dialog DLL:      TCM.DLL V1.53.0.0
 
<h2>Project:</h2>
C:\Users\feana\Desktop\STM_projects\STO_NUCLEO_V2\MDK-ARM\STO_NUCLEO_V2.uvprojx
Project File Date:  04/16/2024

<h2>Output:</h2>
*** Using Compiler 'V5.06 update 7 (build 960)', folder: 'C:\Keil_v5\ARM\ARMCC\Bin'
Build target 'STO_NUCLEO_V2'
compiling FREERTOS_tasks.c...
..\Core\Src\FREERTOS_tasks.c(54): warning:  #188-D: enumerated type mixed with another type
    Input.method=UARTRXcmd[0];
..\Core\Src\FREERTOS_tasks.c(59): warning:  #188-D: enumerated type mixed with another type
  	Input.Seatbelt_position=UARTRXcmd[5];	
..\Core\Src\FREERTOS_tasks.c(65): warning:  #188-D: enumerated type mixed with another type
  	Input.Door_position=UARTRXcmd[11];
..\Core\Src\FREERTOS_tasks.c(184): warning:  #550-D: variable "Notification"  was set but never used
  	uint8_t Notification;
..\Core\Src\FREERTOS_tasks.c: 4 warnings, 0 errors
linking...
Program Size: Code=44088 RO-data=1488 RW-data=13068 ZI-data=73540  
FromELF: creating hex file...
"STO_NUCLEO_V2\STO_NUCLEO_V2.axf" - 0 Error(s), 4 Warning(s).

<h2>Software Packages used:</h2>

Package Vendor: ARM
                http://www.keil.com/pack/ARM.CMSIS.5.9.0.pack
                ARM.CMSIS.5.9.0
                CMSIS (Common Microcontroller Software Interface Standard)
   * Component: CORE Version: 5.6.0

Package Vendor: Keil
                https://www.keil.com/pack/Keil.STM32H7xx_DFP.3.1.1.pack
                Keil.STM32H7xx_DFP.3.1.1
                STMicroelectronics STM32H7 Series Device Support and Examples

<h2>Collection of Component include folders:</h2>
  .\RTE\_STO_NUCLEO_V2
  C:\Users\feana\AppData\Local\Arm\Packs\ARM\CMSIS\5.9.0\CMSIS\Core\Include
  C:\Users\feana\AppData\Local\Arm\Packs\Keil\STM32H7xx_DFP\3.1.1\Drivers\CMSIS\Device\ST\STM32H7xx\Include

<h2>Collection of Component Files used:</h2>

   * Component: ARM::CMSIS:CORE:5.6.0
      Include file:  CMSIS\Core\Include\tz_context.h
Build Time Elapsed:  00:00:04
</pre>
</body>
</html>
